ARM GAS  C:\Users\iron\AppData\Local\Temp\cclrpIGF.s 			page 1


   1              		.syntax unified
   2              		.cpu cortex-m0
   3              		.fpu softvfp
   4              		.eabi_attribute 20, 1
   5              		.eabi_attribute 21, 1
   6              		.eabi_attribute 23, 3
   7              		.eabi_attribute 24, 1
   8              		.eabi_attribute 25, 1
   9              		.eabi_attribute 26, 1
  10              		.eabi_attribute 30, 1
  11              		.eabi_attribute 34, 0
  12              		.eabi_attribute 18, 4
  13              		.thumb
  14              		.syntax unified
  15              		.file	"cyfitter_cfg.c"
  16              		.text
  17              	.Ltext0:
  18              		.cfi_sections	.debug_frame
  19              		.section	.text.AnalogSetDefault,"ax",%progbits
  20              		.align	2
  21              		.code	16
  22              		.thumb_func
  23              		.type	AnalogSetDefault, %function
  24              	AnalogSetDefault:
  25              	.LFB6:
  26              		.file 1 "Generated_Source\\PSoC4\\cyfitter_cfg.c"
   1:Generated_Source\PSoC4/cyfitter_cfg.c **** 
   2:Generated_Source\PSoC4/cyfitter_cfg.c **** /*******************************************************************************
   3:Generated_Source\PSoC4/cyfitter_cfg.c **** * File Name: cyfitter_cfg.c
   4:Generated_Source\PSoC4/cyfitter_cfg.c **** * 
   5:Generated_Source\PSoC4/cyfitter_cfg.c **** * PSoC Creator  4.2
   6:Generated_Source\PSoC4/cyfitter_cfg.c **** *
   7:Generated_Source\PSoC4/cyfitter_cfg.c **** * Description:
   8:Generated_Source\PSoC4/cyfitter_cfg.c **** * This file contains device initialization code.
   9:Generated_Source\PSoC4/cyfitter_cfg.c **** * Except for the user defined sections in CyClockStartupError(), this file should not be modified.
  10:Generated_Source\PSoC4/cyfitter_cfg.c **** * This file is automatically generated by PSoC Creator.
  11:Generated_Source\PSoC4/cyfitter_cfg.c **** *
  12:Generated_Source\PSoC4/cyfitter_cfg.c **** ********************************************************************************
  13:Generated_Source\PSoC4/cyfitter_cfg.c **** * Copyright (c) 2007-2018 Cypress Semiconductor.  All rights reserved.
  14:Generated_Source\PSoC4/cyfitter_cfg.c **** * You may use this file only in accordance with the license, terms, conditions, 
  15:Generated_Source\PSoC4/cyfitter_cfg.c **** * disclaimers, and limitations in the end user license agreement accompanying 
  16:Generated_Source\PSoC4/cyfitter_cfg.c **** * the software package with which this file was provided.
  17:Generated_Source\PSoC4/cyfitter_cfg.c **** ********************************************************************************/
  18:Generated_Source\PSoC4/cyfitter_cfg.c **** 
  19:Generated_Source\PSoC4/cyfitter_cfg.c **** #include <string.h>
  20:Generated_Source\PSoC4/cyfitter_cfg.c **** #include "cytypes.h"
  21:Generated_Source\PSoC4/cyfitter_cfg.c **** #include "cydevice_trm.h"
  22:Generated_Source\PSoC4/cyfitter_cfg.c **** #include "cyfitter.h"
  23:Generated_Source\PSoC4/cyfitter_cfg.c **** #include "CyLib.h"
  24:Generated_Source\PSoC4/cyfitter_cfg.c **** #include "CyLFClk.h"
  25:Generated_Source\PSoC4/cyfitter_cfg.c **** #include "cyfitter_cfg.h"
  26:Generated_Source\PSoC4/cyfitter_cfg.c **** #include "cyapicallbacks.h"
  27:Generated_Source\PSoC4/cyfitter_cfg.c **** 
  28:Generated_Source\PSoC4/cyfitter_cfg.c **** 
  29:Generated_Source\PSoC4/cyfitter_cfg.c **** #if defined(__GNUC__) || defined(__ARMCC_VERSION)
  30:Generated_Source\PSoC4/cyfitter_cfg.c ****     #define CYPACKED 
  31:Generated_Source\PSoC4/cyfitter_cfg.c ****     #define CYPACKED_ATTR __attribute__ ((packed))
ARM GAS  C:\Users\iron\AppData\Local\Temp\cclrpIGF.s 			page 2


  32:Generated_Source\PSoC4/cyfitter_cfg.c ****     #define CYALIGNED __attribute__ ((aligned))
  33:Generated_Source\PSoC4/cyfitter_cfg.c ****     #define CY_CFG_UNUSED __attribute__ ((unused))
  34:Generated_Source\PSoC4/cyfitter_cfg.c ****     #ifndef CY_CFG_SECTION
  35:Generated_Source\PSoC4/cyfitter_cfg.c ****         #define CY_CFG_SECTION __attribute__ ((section(".psocinit")))
  36:Generated_Source\PSoC4/cyfitter_cfg.c ****     #endif
  37:Generated_Source\PSoC4/cyfitter_cfg.c ****     
  38:Generated_Source\PSoC4/cyfitter_cfg.c ****     #if defined(__ARMCC_VERSION)
  39:Generated_Source\PSoC4/cyfitter_cfg.c ****         #define CY_CFG_MEMORY_BARRIER() __memory_changed()
  40:Generated_Source\PSoC4/cyfitter_cfg.c ****     #else
  41:Generated_Source\PSoC4/cyfitter_cfg.c ****         #define CY_CFG_MEMORY_BARRIER() __sync_synchronize()
  42:Generated_Source\PSoC4/cyfitter_cfg.c ****     #endif
  43:Generated_Source\PSoC4/cyfitter_cfg.c ****     
  44:Generated_Source\PSoC4/cyfitter_cfg.c **** #elif defined(__ICCARM__)
  45:Generated_Source\PSoC4/cyfitter_cfg.c ****     #include <intrinsics.h>
  46:Generated_Source\PSoC4/cyfitter_cfg.c **** 
  47:Generated_Source\PSoC4/cyfitter_cfg.c ****     #define CYPACKED __packed
  48:Generated_Source\PSoC4/cyfitter_cfg.c ****     #define CYPACKED_ATTR 
  49:Generated_Source\PSoC4/cyfitter_cfg.c ****     #define CYALIGNED _Pragma("data_alignment=4")
  50:Generated_Source\PSoC4/cyfitter_cfg.c ****     #define CY_CFG_UNUSED _Pragma("diag_suppress=Pe177")
  51:Generated_Source\PSoC4/cyfitter_cfg.c ****     #define CY_CFG_SECTION _Pragma("location=\".psocinit\"")
  52:Generated_Source\PSoC4/cyfitter_cfg.c ****     
  53:Generated_Source\PSoC4/cyfitter_cfg.c ****     #define CY_CFG_MEMORY_BARRIER() __DMB()
  54:Generated_Source\PSoC4/cyfitter_cfg.c ****     
  55:Generated_Source\PSoC4/cyfitter_cfg.c **** #else
  56:Generated_Source\PSoC4/cyfitter_cfg.c ****     #error Unsupported toolchain
  57:Generated_Source\PSoC4/cyfitter_cfg.c **** #endif
  58:Generated_Source\PSoC4/cyfitter_cfg.c **** 
  59:Generated_Source\PSoC4/cyfitter_cfg.c **** #ifndef CYCODE
  60:Generated_Source\PSoC4/cyfitter_cfg.c ****     #define CYCODE
  61:Generated_Source\PSoC4/cyfitter_cfg.c **** #endif
  62:Generated_Source\PSoC4/cyfitter_cfg.c **** #ifndef CYDATA
  63:Generated_Source\PSoC4/cyfitter_cfg.c ****     #define CYDATA
  64:Generated_Source\PSoC4/cyfitter_cfg.c **** #endif
  65:Generated_Source\PSoC4/cyfitter_cfg.c **** #ifndef CYFAR
  66:Generated_Source\PSoC4/cyfitter_cfg.c ****     #define CYFAR
  67:Generated_Source\PSoC4/cyfitter_cfg.c **** #endif
  68:Generated_Source\PSoC4/cyfitter_cfg.c **** #ifndef CYXDATA
  69:Generated_Source\PSoC4/cyfitter_cfg.c ****     #define CYXDATA
  70:Generated_Source\PSoC4/cyfitter_cfg.c **** #endif
  71:Generated_Source\PSoC4/cyfitter_cfg.c **** 
  72:Generated_Source\PSoC4/cyfitter_cfg.c **** 
  73:Generated_Source\PSoC4/cyfitter_cfg.c **** CY_CFG_UNUSED
  74:Generated_Source\PSoC4/cyfitter_cfg.c **** static void CYMEMZERO(void *s, size_t n);
  75:Generated_Source\PSoC4/cyfitter_cfg.c **** CY_CFG_UNUSED
  76:Generated_Source\PSoC4/cyfitter_cfg.c **** static void CYMEMZERO(void *s, size_t n)
  77:Generated_Source\PSoC4/cyfitter_cfg.c **** {
  78:Generated_Source\PSoC4/cyfitter_cfg.c **** 	(void)memset(s, 0, n);
  79:Generated_Source\PSoC4/cyfitter_cfg.c **** }
  80:Generated_Source\PSoC4/cyfitter_cfg.c **** CY_CFG_UNUSED
  81:Generated_Source\PSoC4/cyfitter_cfg.c **** static void CYCONFIGCPY(void *dest, const void *src, size_t n);
  82:Generated_Source\PSoC4/cyfitter_cfg.c **** CY_CFG_UNUSED
  83:Generated_Source\PSoC4/cyfitter_cfg.c **** static void CYCONFIGCPY(void *dest, const void *src, size_t n)
  84:Generated_Source\PSoC4/cyfitter_cfg.c **** {
  85:Generated_Source\PSoC4/cyfitter_cfg.c **** 	(void)memcpy(dest, src, n);
  86:Generated_Source\PSoC4/cyfitter_cfg.c **** }
  87:Generated_Source\PSoC4/cyfitter_cfg.c **** CY_CFG_UNUSED
  88:Generated_Source\PSoC4/cyfitter_cfg.c **** static void CYCONFIGCPYCODE(void *dest, const void *src, size_t n);
ARM GAS  C:\Users\iron\AppData\Local\Temp\cclrpIGF.s 			page 3


  89:Generated_Source\PSoC4/cyfitter_cfg.c **** CY_CFG_UNUSED
  90:Generated_Source\PSoC4/cyfitter_cfg.c **** static void CYCONFIGCPYCODE(void *dest, const void *src, size_t n)
  91:Generated_Source\PSoC4/cyfitter_cfg.c **** {
  92:Generated_Source\PSoC4/cyfitter_cfg.c **** 	(void)memcpy(dest, src, n);
  93:Generated_Source\PSoC4/cyfitter_cfg.c **** }
  94:Generated_Source\PSoC4/cyfitter_cfg.c **** 
  95:Generated_Source\PSoC4/cyfitter_cfg.c **** 
  96:Generated_Source\PSoC4/cyfitter_cfg.c **** 
  97:Generated_Source\PSoC4/cyfitter_cfg.c **** 
  98:Generated_Source\PSoC4/cyfitter_cfg.c **** /* Clock startup error codes                                                   */
  99:Generated_Source\PSoC4/cyfitter_cfg.c **** #define CYCLOCKSTART_NO_ERROR    0u
 100:Generated_Source\PSoC4/cyfitter_cfg.c **** #define CYCLOCKSTART_XTAL_ERROR  1u
 101:Generated_Source\PSoC4/cyfitter_cfg.c **** #define CYCLOCKSTART_32KHZ_ERROR 2u
 102:Generated_Source\PSoC4/cyfitter_cfg.c **** #define CYCLOCKSTART_PLL_ERROR   3u
 103:Generated_Source\PSoC4/cyfitter_cfg.c **** #define CYCLOCKSTART_FLL_ERROR   4u
 104:Generated_Source\PSoC4/cyfitter_cfg.c **** #define CYCLOCKSTART_WCO_ERROR   5u
 105:Generated_Source\PSoC4/cyfitter_cfg.c **** 
 106:Generated_Source\PSoC4/cyfitter_cfg.c **** 
 107:Generated_Source\PSoC4/cyfitter_cfg.c **** #ifdef CY_NEED_CYCLOCKSTARTUPERROR
 108:Generated_Source\PSoC4/cyfitter_cfg.c **** /*******************************************************************************
 109:Generated_Source\PSoC4/cyfitter_cfg.c **** * Function Name: CyClockStartupError
 110:Generated_Source\PSoC4/cyfitter_cfg.c **** ********************************************************************************
 111:Generated_Source\PSoC4/cyfitter_cfg.c **** * Summary:
 112:Generated_Source\PSoC4/cyfitter_cfg.c **** *  If an error is encountered during clock configuration (crystal startup error,
 113:Generated_Source\PSoC4/cyfitter_cfg.c **** *  PLL lock error, etc.), the system will end up here.  Unless reimplemented by
 114:Generated_Source\PSoC4/cyfitter_cfg.c **** *  the customer, this function will stop in an infinite loop.
 115:Generated_Source\PSoC4/cyfitter_cfg.c **** *
 116:Generated_Source\PSoC4/cyfitter_cfg.c **** * Parameters:
 117:Generated_Source\PSoC4/cyfitter_cfg.c **** *   void
 118:Generated_Source\PSoC4/cyfitter_cfg.c **** *
 119:Generated_Source\PSoC4/cyfitter_cfg.c **** * Return:
 120:Generated_Source\PSoC4/cyfitter_cfg.c **** *   void
 121:Generated_Source\PSoC4/cyfitter_cfg.c **** *
 122:Generated_Source\PSoC4/cyfitter_cfg.c **** *******************************************************************************/
 123:Generated_Source\PSoC4/cyfitter_cfg.c **** CY_CFG_UNUSED
 124:Generated_Source\PSoC4/cyfitter_cfg.c **** static void CyClockStartupError(uint8 errorCode);
 125:Generated_Source\PSoC4/cyfitter_cfg.c **** CY_CFG_UNUSED
 126:Generated_Source\PSoC4/cyfitter_cfg.c **** static void CyClockStartupError(uint8 errorCode)
 127:Generated_Source\PSoC4/cyfitter_cfg.c **** {
 128:Generated_Source\PSoC4/cyfitter_cfg.c ****     /* To remove the compiler warning if errorCode not used.                */
 129:Generated_Source\PSoC4/cyfitter_cfg.c ****     errorCode = errorCode;
 130:Generated_Source\PSoC4/cyfitter_cfg.c **** 
 131:Generated_Source\PSoC4/cyfitter_cfg.c ****     /* If we have a clock startup error (bad MHz crystal, PLL lock, etc.),  */
 132:Generated_Source\PSoC4/cyfitter_cfg.c ****     /* we will end up here to allow the customer to implement something to  */
 133:Generated_Source\PSoC4/cyfitter_cfg.c ****     /* deal with the clock condition.                                       */
 134:Generated_Source\PSoC4/cyfitter_cfg.c **** 
 135:Generated_Source\PSoC4/cyfitter_cfg.c **** #ifdef CY_CFG_CLOCK_STARTUP_ERROR_CALLBACK
 136:Generated_Source\PSoC4/cyfitter_cfg.c ****     CY_CFG_Clock_Startup_ErrorCallback();
 137:Generated_Source\PSoC4/cyfitter_cfg.c **** #else
 138:Generated_Source\PSoC4/cyfitter_cfg.c ****     /*  If not using CY_CFG_CLOCK_STARTUP_ERROR_CALLBACK, place your clock startup code here. */
 139:Generated_Source\PSoC4/cyfitter_cfg.c ****     /* `#START CyClockStartupError` */
 140:Generated_Source\PSoC4/cyfitter_cfg.c **** 
 141:Generated_Source\PSoC4/cyfitter_cfg.c **** 
 142:Generated_Source\PSoC4/cyfitter_cfg.c **** 
 143:Generated_Source\PSoC4/cyfitter_cfg.c ****     /* `#END` */
 144:Generated_Source\PSoC4/cyfitter_cfg.c **** 
 145:Generated_Source\PSoC4/cyfitter_cfg.c ****     while(1) {}
ARM GAS  C:\Users\iron\AppData\Local\Temp\cclrpIGF.s 			page 4


 146:Generated_Source\PSoC4/cyfitter_cfg.c **** #endif /* CY_CFG_CLOCK_STARTUP_ERROR_CALLBACK */
 147:Generated_Source\PSoC4/cyfitter_cfg.c **** }
 148:Generated_Source\PSoC4/cyfitter_cfg.c **** #endif
 149:Generated_Source\PSoC4/cyfitter_cfg.c **** 
 150:Generated_Source\PSoC4/cyfitter_cfg.c **** 
 151:Generated_Source\PSoC4/cyfitter_cfg.c **** 
 152:Generated_Source\PSoC4/cyfitter_cfg.c **** /*******************************************************************************
 153:Generated_Source\PSoC4/cyfitter_cfg.c **** * Function Name: ClockSetup
 154:Generated_Source\PSoC4/cyfitter_cfg.c **** ********************************************************************************
 155:Generated_Source\PSoC4/cyfitter_cfg.c **** *
 156:Generated_Source\PSoC4/cyfitter_cfg.c **** * Summary:
 157:Generated_Source\PSoC4/cyfitter_cfg.c **** *   Performs the initialization of all of the clocks in the device based on the
 158:Generated_Source\PSoC4/cyfitter_cfg.c **** *   settings in the Clock tab of the DWR.  This includes enabling the requested
 159:Generated_Source\PSoC4/cyfitter_cfg.c **** *   clocks and setting the necessary dividers to produce the desired frequency. 
 160:Generated_Source\PSoC4/cyfitter_cfg.c **** *
 161:Generated_Source\PSoC4/cyfitter_cfg.c **** * Parameters:
 162:Generated_Source\PSoC4/cyfitter_cfg.c **** *   void
 163:Generated_Source\PSoC4/cyfitter_cfg.c **** *
 164:Generated_Source\PSoC4/cyfitter_cfg.c **** * Return:
 165:Generated_Source\PSoC4/cyfitter_cfg.c **** *   void
 166:Generated_Source\PSoC4/cyfitter_cfg.c **** *
 167:Generated_Source\PSoC4/cyfitter_cfg.c **** *******************************************************************************/
 168:Generated_Source\PSoC4/cyfitter_cfg.c **** static void ClockSetup(void);
 169:Generated_Source\PSoC4/cyfitter_cfg.c **** CY_CFG_SECTION
 170:Generated_Source\PSoC4/cyfitter_cfg.c **** static void ClockSetup(void)
 171:Generated_Source\PSoC4/cyfitter_cfg.c **** {
 172:Generated_Source\PSoC4/cyfitter_cfg.c **** 
 173:Generated_Source\PSoC4/cyfitter_cfg.c **** 	/* Set Flash Cycles based on max possible frequency in case a glitch occurs during ClockSetup(). *
 174:Generated_Source\PSoC4/cyfitter_cfg.c **** 	CY_SET_REG32((void CYXDATA *)(CYREG_CPUSS_FLASH_CTL), (0x0012u));
 175:Generated_Source\PSoC4/cyfitter_cfg.c **** 
 176:Generated_Source\PSoC4/cyfitter_cfg.c **** 	/* Start the WCO */
 177:Generated_Source\PSoC4/cyfitter_cfg.c **** 	CySysClkWcoStart();
 178:Generated_Source\PSoC4/cyfitter_cfg.c **** 	CyDelayCycles(12000000u); /* WCO may take up to 500ms to start */
 179:Generated_Source\PSoC4/cyfitter_cfg.c **** 	(void)CySysClkWcoSetPowerMode(CY_SYS_CLK_WCO_LPM);    /* Switch to the low power mode */
 180:Generated_Source\PSoC4/cyfitter_cfg.c **** 
 181:Generated_Source\PSoC4/cyfitter_cfg.c **** 	/* Setup and trim IMO based on desired frequency. */
 182:Generated_Source\PSoC4/cyfitter_cfg.c **** 	CySysClkWriteImoFreq(48u);
 183:Generated_Source\PSoC4/cyfitter_cfg.c **** 	/* CYDEV_CLK_ILO_CONFIG Starting address: CYDEV_CLK_ILO_CONFIG */
 184:Generated_Source\PSoC4/cyfitter_cfg.c **** 	CY_SET_REG32((void *)(CYREG_CLK_ILO_CONFIG), 0x80000006u);
 185:Generated_Source\PSoC4/cyfitter_cfg.c **** 
 186:Generated_Source\PSoC4/cyfitter_cfg.c **** 	/* CYDEV_WDT_CONFIG Starting address: CYDEV_WDT_CONFIG */
 187:Generated_Source\PSoC4/cyfitter_cfg.c **** 	CY_SET_REG32((void *)(CYREG_WDT_CONFIG), 0x40000000u);
 188:Generated_Source\PSoC4/cyfitter_cfg.c **** 
 189:Generated_Source\PSoC4/cyfitter_cfg.c **** 
 190:Generated_Source\PSoC4/cyfitter_cfg.c **** 	/* Enable fast start mode for XO */
 191:Generated_Source\PSoC4/cyfitter_cfg.c **** 	CY_SET_REG32((void*)CYREG_BLE_BLERD_BB_XO, CY_GET_REG32((void*)CYREG_BLE_BLERD_BB_XO) | (uint32)0x
 192:Generated_Source\PSoC4/cyfitter_cfg.c **** 	CY_SET_REG32((void *)(CYREG_BLE_BLERD_BB_XO_CAPTRIM), 0x00003E2Du);
 193:Generated_Source\PSoC4/cyfitter_cfg.c **** 	/*Set XTAL(ECO) divider*/
 194:Generated_Source\PSoC4/cyfitter_cfg.c **** 	CY_SET_REG32((void *)(CYREG_BLE_BLESS_XTAL_CLK_DIV_CONFIG), 0x00000000u);
 195:Generated_Source\PSoC4/cyfitter_cfg.c **** 	/* Disable Crystal Stable Interrupt before enabling ECO */
 196:Generated_Source\PSoC4/cyfitter_cfg.c **** 	CY_SET_REG32((void*)CYREG_BLE_BLESS_LL_DSM_CTRL, CY_GET_REG32((void*)CYREG_BLE_BLESS_LL_DSM_CTRL) 
 197:Generated_Source\PSoC4/cyfitter_cfg.c **** 	/* Start the ECO and do not check status since it is not needed for HFCLK */
 198:Generated_Source\PSoC4/cyfitter_cfg.c **** 	(void)CySysClkEcoStart(2000u);
 199:Generated_Source\PSoC4/cyfitter_cfg.c **** 	CyDelayUs(1500u); /* Wait to stabilize */
 200:Generated_Source\PSoC4/cyfitter_cfg.c **** 
 201:Generated_Source\PSoC4/cyfitter_cfg.c **** 	/* Setup phase aligned clocks */
 202:Generated_Source\PSoC4/cyfitter_cfg.c **** 	CY_SET_REG32((void *)CYREG_PERI_DIV_16_CTL0, 0x00002200u);
ARM GAS  C:\Users\iron\AppData\Local\Temp\cclrpIGF.s 			page 5


 203:Generated_Source\PSoC4/cyfitter_cfg.c **** 	CY_SET_REG32((void *)CYREG_PERI_DIV_CMD, 0x8000FF40u);
 204:Generated_Source\PSoC4/cyfitter_cfg.c **** 
 205:Generated_Source\PSoC4/cyfitter_cfg.c **** 	/* CYDEV_CLK_IMO_CONFIG Starting address: CYDEV_CLK_IMO_CONFIG */
 206:Generated_Source\PSoC4/cyfitter_cfg.c **** 	CY_SET_REG32((void *)(CYREG_CLK_IMO_CONFIG), 0x80000000u);
 207:Generated_Source\PSoC4/cyfitter_cfg.c **** 
 208:Generated_Source\PSoC4/cyfitter_cfg.c **** 	/* CYDEV_CLK_SELECT Starting address: CYDEV_CLK_SELECT */
 209:Generated_Source\PSoC4/cyfitter_cfg.c **** 	CY_SET_REG32((void *)(CYREG_CLK_SELECT), 0x00040000u);
 210:Generated_Source\PSoC4/cyfitter_cfg.c **** 
 211:Generated_Source\PSoC4/cyfitter_cfg.c **** 	/* CYDEV_PERI_PCLK_CTL1 Starting address: CYDEV_PERI_PCLK_CTL1 */
 212:Generated_Source\PSoC4/cyfitter_cfg.c **** 	CY_SET_REG32((void *)(CYREG_PERI_PCLK_CTL1), 0x00000040u);
 213:Generated_Source\PSoC4/cyfitter_cfg.c **** 
 214:Generated_Source\PSoC4/cyfitter_cfg.c **** 	(void)CyIntSetVector(8u, &CySysWdtIsr);
 215:Generated_Source\PSoC4/cyfitter_cfg.c **** 	CyIntEnable(8u);
 216:Generated_Source\PSoC4/cyfitter_cfg.c **** 	CY_SET_REG32((void *)(CYREG_WDT_CONFIG), 0x40000000u);
 217:Generated_Source\PSoC4/cyfitter_cfg.c **** }
 218:Generated_Source\PSoC4/cyfitter_cfg.c **** 
 219:Generated_Source\PSoC4/cyfitter_cfg.c **** 
 220:Generated_Source\PSoC4/cyfitter_cfg.c **** /* Analog API Functions */
 221:Generated_Source\PSoC4/cyfitter_cfg.c **** 
 222:Generated_Source\PSoC4/cyfitter_cfg.c **** 
 223:Generated_Source\PSoC4/cyfitter_cfg.c **** /*******************************************************************************
 224:Generated_Source\PSoC4/cyfitter_cfg.c **** * Function Name: AnalogSetDefault
 225:Generated_Source\PSoC4/cyfitter_cfg.c **** ********************************************************************************
 226:Generated_Source\PSoC4/cyfitter_cfg.c **** *
 227:Generated_Source\PSoC4/cyfitter_cfg.c **** * Summary:
 228:Generated_Source\PSoC4/cyfitter_cfg.c **** *  Sets up the analog portions of the chip to default values based on chip
 229:Generated_Source\PSoC4/cyfitter_cfg.c **** *  configuration options from the project.
 230:Generated_Source\PSoC4/cyfitter_cfg.c **** *
 231:Generated_Source\PSoC4/cyfitter_cfg.c **** * Parameters:
 232:Generated_Source\PSoC4/cyfitter_cfg.c **** *  void
 233:Generated_Source\PSoC4/cyfitter_cfg.c **** *
 234:Generated_Source\PSoC4/cyfitter_cfg.c **** * Return:
 235:Generated_Source\PSoC4/cyfitter_cfg.c **** *  void
 236:Generated_Source\PSoC4/cyfitter_cfg.c **** *
 237:Generated_Source\PSoC4/cyfitter_cfg.c **** *******************************************************************************/
 238:Generated_Source\PSoC4/cyfitter_cfg.c **** static void AnalogSetDefault(void);
 239:Generated_Source\PSoC4/cyfitter_cfg.c **** static void AnalogSetDefault(void)
 240:Generated_Source\PSoC4/cyfitter_cfg.c **** {
  27              		.loc 1 240 0
  28              		.cfi_startproc
  29              		@ args = 0, pretend = 0, frame = 0
  30              		@ frame_needed = 0, uses_anonymous_args = 0
  31              		@ link register save eliminated.
 241:Generated_Source\PSoC4/cyfitter_cfg.c **** 	CY_SET_XTND_REG32((void CYFAR *)CYREG_CTBM0_DFT_CTRL, 0x00000003u);
  32              		.loc 1 241 0
  33 0000 0323     		movs	r3, #3
  34 0002 044A     		ldr	r2, .L2
  35 0004 1360     		str	r3, [r2]
 242:Generated_Source\PSoC4/cyfitter_cfg.c **** 	CY_SET_XTND_REG32((void CYFAR *)CYREG_CTBM1_DFT_CTRL, 0x00000003u);
  36              		.loc 1 242 0
  37 0006 044A     		ldr	r2, .L2+4
  38 0008 1360     		str	r3, [r2]
 243:Generated_Source\PSoC4/cyfitter_cfg.c **** 	CY_SET_XTND_REG32((void CYFAR *)CYREG_PASS_DSAB_DSAB_CTRL, 0x00000000u);
  39              		.loc 1 243 0
  40 000a 0022     		movs	r2, #0
  41 000c 034B     		ldr	r3, .L2+8
  42 000e 1A60     		str	r2, [r3]
ARM GAS  C:\Users\iron\AppData\Local\Temp\cclrpIGF.s 			page 6


 244:Generated_Source\PSoC4/cyfitter_cfg.c **** }
  43              		.loc 1 244 0
  44              		@ sp needed
  45 0010 7047     		bx	lr
  46              	.L3:
  47 0012 C046     		.align	2
  48              	.L2:
  49 0014 30003040 		.word	1076887600
  50 0018 30003140 		.word	1076953136
  51 001c 000E3F40 		.word	1077874176
  52              		.cfi_endproc
  53              	.LFE6:
  54              		.size	AnalogSetDefault, .-AnalogSetDefault
  55              		.section	.text.CYMEMZERO,"ax",%progbits
  56              		.align	2
  57              		.code	16
  58              		.thumb_func
  59              		.type	CYMEMZERO, %function
  60              	CYMEMZERO:
  61              	.LFB2:
  77:Generated_Source\PSoC4/cyfitter_cfg.c **** 	(void)memset(s, 0, n);
  62              		.loc 1 77 0
  63              		.cfi_startproc
  64              		@ args = 0, pretend = 0, frame = 0
  65              		@ frame_needed = 0, uses_anonymous_args = 0
  66              	.LVL0:
  67 0000 10B5     		push	{r4, lr}
  68              		.cfi_def_cfa_offset 8
  69              		.cfi_offset 4, -8
  70              		.cfi_offset 14, -4
  71 0002 0A00     		movs	r2, r1
  78:Generated_Source\PSoC4/cyfitter_cfg.c **** }
  72              		.loc 1 78 0
  73 0004 0021     		movs	r1, #0
  74              	.LVL1:
  75 0006 FFF7FEFF 		bl	memset
  76              	.LVL2:
  79:Generated_Source\PSoC4/cyfitter_cfg.c **** CY_CFG_UNUSED
  77              		.loc 1 79 0
  78              		@ sp needed
  79 000a 10BD     		pop	{r4, pc}
  80              		.cfi_endproc
  81              	.LFE2:
  82              		.size	CYMEMZERO, .-CYMEMZERO
  83              		.section	.psocinit,"ax",%progbits
  84              		.align	2
  85              		.code	16
  86              		.thumb_func
  87              		.type	ClockSetup, %function
  88              	ClockSetup:
  89              	.LFB5:
 171:Generated_Source\PSoC4/cyfitter_cfg.c **** 
  90              		.loc 1 171 0
  91              		.cfi_startproc
  92              		@ args = 0, pretend = 0, frame = 0
  93              		@ frame_needed = 0, uses_anonymous_args = 0
  94 0000 70B5     		push	{r4, r5, r6, lr}
ARM GAS  C:\Users\iron\AppData\Local\Temp\cclrpIGF.s 			page 7


  95              		.cfi_def_cfa_offset 16
  96              		.cfi_offset 4, -16
  97              		.cfi_offset 5, -12
  98              		.cfi_offset 6, -8
  99              		.cfi_offset 14, -4
 174:Generated_Source\PSoC4/cyfitter_cfg.c **** 
 100              		.loc 1 174 0
 101 0002 1222     		movs	r2, #18
 102 0004 224B     		ldr	r3, .L6
 103 0006 1A60     		str	r2, [r3]
 177:Generated_Source\PSoC4/cyfitter_cfg.c **** 	CyDelayCycles(12000000u); /* WCO may take up to 500ms to start */
 104              		.loc 1 177 0
 105 0008 FFF7FEFF 		bl	CySysClkWcoStart
 106              	.LVL3:
 178:Generated_Source\PSoC4/cyfitter_cfg.c **** 	(void)CySysClkWcoSetPowerMode(CY_SYS_CLK_WCO_LPM);    /* Switch to the low power mode */
 107              		.loc 1 178 0
 108 000c 2148     		ldr	r0, .L6+4
 109 000e FFF7FEFF 		bl	CyDelayCycles
 110              	.LVL4:
 179:Generated_Source\PSoC4/cyfitter_cfg.c **** 
 111              		.loc 1 179 0
 112 0012 0120     		movs	r0, #1
 113 0014 FFF7FEFF 		bl	CySysClkWcoSetPowerMode
 114              	.LVL5:
 182:Generated_Source\PSoC4/cyfitter_cfg.c **** 	/* CYDEV_CLK_ILO_CONFIG Starting address: CYDEV_CLK_ILO_CONFIG */
 115              		.loc 1 182 0
 116 0018 3020     		movs	r0, #48
 117 001a FFF7FEFF 		bl	CySysClkWriteImoFreq
 118              	.LVL6:
 184:Generated_Source\PSoC4/cyfitter_cfg.c **** 
 119              		.loc 1 184 0
 120 001e 1E4A     		ldr	r2, .L6+8
 121 0020 1E4B     		ldr	r3, .L6+12
 122 0022 1A60     		str	r2, [r3]
 187:Generated_Source\PSoC4/cyfitter_cfg.c **** 
 123              		.loc 1 187 0
 124 0024 1E4C     		ldr	r4, .L6+16
 125 0026 8025     		movs	r5, #128
 126 0028 ED05     		lsls	r5, r5, #23
 127 002a 2560     		str	r5, [r4]
 191:Generated_Source\PSoC4/cyfitter_cfg.c **** 	CY_SET_REG32((void *)(CYREG_BLE_BLERD_BB_XO_CAPTRIM), 0x00003E2Du);
 128              		.loc 1 191 0
 129 002c 1D4A     		ldr	r2, .L6+20
 130 002e 1168     		ldr	r1, [r2]
 131 0030 0223     		movs	r3, #2
 132 0032 0B43     		orrs	r3, r1
 133 0034 1360     		str	r3, [r2]
 192:Generated_Source\PSoC4/cyfitter_cfg.c **** 	/*Set XTAL(ECO) divider*/
 134              		.loc 1 192 0
 135 0036 1C4A     		ldr	r2, .L6+24
 136 0038 1C4B     		ldr	r3, .L6+28
 137 003a 1A60     		str	r2, [r3]
 194:Generated_Source\PSoC4/cyfitter_cfg.c **** 	/* Disable Crystal Stable Interrupt before enabling ECO */
 138              		.loc 1 194 0
 139 003c 0022     		movs	r2, #0
 140 003e 1C4B     		ldr	r3, .L6+32
 141 0040 1A60     		str	r2, [r3]
ARM GAS  C:\Users\iron\AppData\Local\Temp\cclrpIGF.s 			page 8


 196:Generated_Source\PSoC4/cyfitter_cfg.c **** 	/* Start the ECO and do not check status since it is not needed for HFCLK */
 142              		.loc 1 196 0
 143 0042 1C4A     		ldr	r2, .L6+36
 144 0044 1368     		ldr	r3, [r2]
 145 0046 0821     		movs	r1, #8
 146 0048 8B43     		bics	r3, r1
 147 004a 1360     		str	r3, [r2]
 198:Generated_Source\PSoC4/cyfitter_cfg.c **** 	CyDelayUs(1500u); /* Wait to stabilize */
 148              		.loc 1 198 0
 149 004c FA20     		movs	r0, #250
 150 004e C000     		lsls	r0, r0, #3
 151 0050 FFF7FEFF 		bl	CySysClkEcoStart
 152              	.LVL7:
 199:Generated_Source\PSoC4/cyfitter_cfg.c **** 
 153              		.loc 1 199 0
 154 0054 1848     		ldr	r0, .L6+40
 155 0056 FFF7FEFF 		bl	CyDelayUs
 156              	.LVL8:
 202:Generated_Source\PSoC4/cyfitter_cfg.c **** 	CY_SET_REG32((void *)CYREG_PERI_DIV_CMD, 0x8000FF40u);
 157              		.loc 1 202 0
 158 005a 8822     		movs	r2, #136
 159 005c 9201     		lsls	r2, r2, #6
 160 005e 174B     		ldr	r3, .L6+44
 161 0060 1A60     		str	r2, [r3]
 203:Generated_Source\PSoC4/cyfitter_cfg.c **** 
 162              		.loc 1 203 0
 163 0062 174A     		ldr	r2, .L6+48
 164 0064 174B     		ldr	r3, .L6+52
 165 0066 1A60     		str	r2, [r3]
 206:Generated_Source\PSoC4/cyfitter_cfg.c **** 
 166              		.loc 1 206 0
 167 0068 8022     		movs	r2, #128
 168 006a 1206     		lsls	r2, r2, #24
 169 006c 164B     		ldr	r3, .L6+56
 170 006e 1A60     		str	r2, [r3]
 209:Generated_Source\PSoC4/cyfitter_cfg.c **** 
 171              		.loc 1 209 0
 172 0070 8022     		movs	r2, #128
 173 0072 D202     		lsls	r2, r2, #11
 174 0074 154B     		ldr	r3, .L6+60
 175 0076 1A60     		str	r2, [r3]
 212:Generated_Source\PSoC4/cyfitter_cfg.c **** 
 176              		.loc 1 212 0
 177 0078 4022     		movs	r2, #64
 178 007a 154B     		ldr	r3, .L6+64
 179 007c 1A60     		str	r2, [r3]
 214:Generated_Source\PSoC4/cyfitter_cfg.c **** 	CyIntEnable(8u);
 180              		.loc 1 214 0
 181 007e 1549     		ldr	r1, .L6+68
 182 0080 0820     		movs	r0, #8
 183 0082 FFF7FEFF 		bl	CyIntSetVector
 184              	.LVL9:
 215:Generated_Source\PSoC4/cyfitter_cfg.c **** 	CY_SET_REG32((void *)(CYREG_WDT_CONFIG), 0x40000000u);
 185              		.loc 1 215 0
 186 0086 0820     		movs	r0, #8
 187 0088 FFF7FEFF 		bl	CyIntEnable
 188              	.LVL10:
ARM GAS  C:\Users\iron\AppData\Local\Temp\cclrpIGF.s 			page 9


 216:Generated_Source\PSoC4/cyfitter_cfg.c **** }
 189              		.loc 1 216 0
 190 008c 2560     		str	r5, [r4]
 217:Generated_Source\PSoC4/cyfitter_cfg.c **** 
 191              		.loc 1 217 0
 192              		@ sp needed
 193 008e 70BD     		pop	{r4, r5, r6, pc}
 194              	.L7:
 195              		.align	2
 196              	.L6:
 197 0090 30001040 		.word	1074790448
 198 0094 001BB700 		.word	12000000
 199 0098 06000080 		.word	-2147483642
 200 009c 04010B40 		.word	1074462980
 201 00a0 0C020B40 		.word	1074463244
 202 00a4 78002E40 		.word	1076756600
 203 00a8 2D3E0000 		.word	15917
 204 00ac 7C002E40 		.word	1076756604
 205 00b0 64F02E40 		.word	1076818020
 206 00b4 6CF02E40 		.word	1076818028
 207 00b8 DC050000 		.word	1500
 208 00bc 00030140 		.word	1073808128
 209 00c0 40FF0080 		.word	-2147418304
 210 00c4 00000140 		.word	1073807360
 211 00c8 08010B40 		.word	1074462984
 212 00cc 00010B40 		.word	1074462976
 213 00d0 04010140 		.word	1073807620
 214 00d4 00000000 		.word	CySysWdtIsr
 215              		.cfi_endproc
 216              	.LFE5:
 217              		.size	ClockSetup, .-ClockSetup
 218              		.align	2
 219              		.global	cyfitter_cfg
 220              		.code	16
 221              		.thumb_func
 222              		.type	cyfitter_cfg, %function
 223              	cyfitter_cfg:
 224              	.LFB7:
 245:Generated_Source\PSoC4/cyfitter_cfg.c **** 
 246:Generated_Source\PSoC4/cyfitter_cfg.c **** 
 247:Generated_Source\PSoC4/cyfitter_cfg.c **** 
 248:Generated_Source\PSoC4/cyfitter_cfg.c **** 
 249:Generated_Source\PSoC4/cyfitter_cfg.c **** /*******************************************************************************
 250:Generated_Source\PSoC4/cyfitter_cfg.c **** * Function Name: cyfitter_cfg
 251:Generated_Source\PSoC4/cyfitter_cfg.c **** ********************************************************************************
 252:Generated_Source\PSoC4/cyfitter_cfg.c **** * Summary:
 253:Generated_Source\PSoC4/cyfitter_cfg.c **** *  This function is called by the start-up code for the selected device. It
 254:Generated_Source\PSoC4/cyfitter_cfg.c **** *  performs all of the necessary device configuration based on the design
 255:Generated_Source\PSoC4/cyfitter_cfg.c **** *  settings.  This includes settings from the Design Wide Resources (DWR) such
 256:Generated_Source\PSoC4/cyfitter_cfg.c **** *  as Clocks and Pins as well as any component configuration that is necessary.
 257:Generated_Source\PSoC4/cyfitter_cfg.c **** *
 258:Generated_Source\PSoC4/cyfitter_cfg.c **** * Parameters:
 259:Generated_Source\PSoC4/cyfitter_cfg.c **** *   void
 260:Generated_Source\PSoC4/cyfitter_cfg.c **** *
 261:Generated_Source\PSoC4/cyfitter_cfg.c **** * Return:
 262:Generated_Source\PSoC4/cyfitter_cfg.c **** *   void
 263:Generated_Source\PSoC4/cyfitter_cfg.c **** *
ARM GAS  C:\Users\iron\AppData\Local\Temp\cclrpIGF.s 			page 10


 264:Generated_Source\PSoC4/cyfitter_cfg.c **** *******************************************************************************/
 265:Generated_Source\PSoC4/cyfitter_cfg.c **** CY_CFG_SECTION
 266:Generated_Source\PSoC4/cyfitter_cfg.c **** void cyfitter_cfg(void)
 267:Generated_Source\PSoC4/cyfitter_cfg.c **** {
 225              		.loc 1 267 0
 226              		.cfi_startproc
 227              		@ args = 0, pretend = 0, frame = 0
 228              		@ frame_needed = 0, uses_anonymous_args = 0
 229 00d8 10B5     		push	{r4, lr}
 230              		.cfi_def_cfa_offset 8
 231              		.cfi_offset 4, -8
 232              		.cfi_offset 14, -4
 268:Generated_Source\PSoC4/cyfitter_cfg.c **** 	/* Disable interrupts by default. Let user enable if/when they want. */
 269:Generated_Source\PSoC4/cyfitter_cfg.c **** 	CyGlobalIntDisable;
 233              		.loc 1 269 0
 234              		.syntax divided
 235              	@ 269 "Generated_Source\PSoC4\cyfitter_cfg.c" 1
 236 00da 72B6     		CPSID   i
 237              	@ 0 "" 2
 270:Generated_Source\PSoC4/cyfitter_cfg.c **** 
 271:Generated_Source\PSoC4/cyfitter_cfg.c **** 	CY_SET_REG32((void *)(CYREG_BLE_BLESS_LL_DSM_CTRL), 0x00000000u);
 238              		.loc 1 271 0
 239              		.thumb
 240              		.syntax unified
 241 00dc 0022     		movs	r2, #0
 242 00de 1C4B     		ldr	r3, .L11
 243 00e0 1A60     		str	r2, [r3]
 244              	.LVL11:
 245              	.LBB2:
 272:Generated_Source\PSoC4/cyfitter_cfg.c **** 
 273:Generated_Source\PSoC4/cyfitter_cfg.c **** 	{
 274:Generated_Source\PSoC4/cyfitter_cfg.c **** 
 275:Generated_Source\PSoC4/cyfitter_cfg.c **** 		CYPACKED typedef struct {
 276:Generated_Source\PSoC4/cyfitter_cfg.c **** 			void CYFAR *address;
 277:Generated_Source\PSoC4/cyfitter_cfg.c **** 			uint16 size;
 278:Generated_Source\PSoC4/cyfitter_cfg.c **** 		} CYPACKED_ATTR cfg_memset_t;
 279:Generated_Source\PSoC4/cyfitter_cfg.c **** 
 280:Generated_Source\PSoC4/cyfitter_cfg.c **** 		static const cfg_memset_t CYCODE cfg_memset_list[] = {
 281:Generated_Source\PSoC4/cyfitter_cfg.c **** 			/* address, size */
 282:Generated_Source\PSoC4/cyfitter_cfg.c **** 			{(void CYFAR *)(CYDEV_UDB_P0_U0_BASE), 1024u},
 283:Generated_Source\PSoC4/cyfitter_cfg.c **** 			{(void CYFAR *)(CYDEV_UDB_DSI0_BASE), 1024u},
 284:Generated_Source\PSoC4/cyfitter_cfg.c **** 		};
 285:Generated_Source\PSoC4/cyfitter_cfg.c **** 
 286:Generated_Source\PSoC4/cyfitter_cfg.c **** 		uint8 CYDATA i;
 287:Generated_Source\PSoC4/cyfitter_cfg.c **** 
 288:Generated_Source\PSoC4/cyfitter_cfg.c **** 		/* Zero out critical memory blocks before beginning configuration */
 289:Generated_Source\PSoC4/cyfitter_cfg.c **** 		for (i = 0u; i < (sizeof(cfg_memset_list)/sizeof(cfg_memset_list[0])); i++)
 246              		.loc 1 289 0
 247 00e2 0024     		movs	r4, #0
 248 00e4 0FE0     		b	.L9
 249              	.LVL12:
 250              	.L10:
 251              	.LBB3:
 290:Generated_Source\PSoC4/cyfitter_cfg.c **** 		{
 291:Generated_Source\PSoC4/cyfitter_cfg.c **** 			const cfg_memset_t CYCODE * CYDATA ms = &cfg_memset_list[i];
 292:Generated_Source\PSoC4/cyfitter_cfg.c **** 			CYMEMZERO(ms->address, (size_t)(uint32)(ms->size));
 252              		.loc 1 292 0 discriminator 3
ARM GAS  C:\Users\iron\AppData\Local\Temp\cclrpIGF.s 			page 11


 253 00e6 1B48     		ldr	r0, .L11+4
 254 00e8 6200     		lsls	r2, r4, #1
 255 00ea 1319     		adds	r3, r2, r4
 256 00ec 5900     		lsls	r1, r3, #1
 257 00ee 0B00     		movs	r3, r1
 258 00f0 4118     		adds	r1, r0, r1
 259 00f2 8988     		ldrh	r1, [r1, #4]
 260 00f4 1A5A     		ldrh	r2, [r3, r0]
 261 00f6 C318     		adds	r3, r0, r3
 262 00f8 5888     		ldrh	r0, [r3, #2]
 263 00fa 0004     		lsls	r0, r0, #16
 264 00fc 1043     		orrs	r0, r2
 265 00fe FFF7FEFF 		bl	CYMEMZERO
 266              	.LVL13:
 267              	.LBE3:
 289:Generated_Source\PSoC4/cyfitter_cfg.c **** 		{
 268              		.loc 1 289 0 discriminator 3
 269 0102 0134     		adds	r4, r4, #1
 270              	.LVL14:
 271 0104 E4B2     		uxtb	r4, r4
 272              	.LVL15:
 273              	.L9:
 289:Generated_Source\PSoC4/cyfitter_cfg.c **** 		{
 274              		.loc 1 289 0 is_stmt 0 discriminator 1
 275 0106 012C     		cmp	r4, #1
 276 0108 EDD9     		bls	.L10
 293:Generated_Source\PSoC4/cyfitter_cfg.c **** 		}
 294:Generated_Source\PSoC4/cyfitter_cfg.c **** 
 295:Generated_Source\PSoC4/cyfitter_cfg.c **** 		/* HSIOM Starting address: CYDEV_HSIOM_BASE */
 296:Generated_Source\PSoC4/cyfitter_cfg.c **** 		CY_SET_REG32((void *)(CYDEV_HSIOM_BASE), 0xEE000000u);
 277              		.loc 1 296 0 is_stmt 1
 278 010a EE22     		movs	r2, #238
 279 010c 1206     		lsls	r2, r2, #24
 280 010e 124B     		ldr	r3, .L11+8
 281 0110 1A60     		str	r2, [r3]
 297:Generated_Source\PSoC4/cyfitter_cfg.c **** 		CY_SET_REG32((void *)(CYREG_HSIOM_PORT_SEL1), 0x00990000u);
 282              		.loc 1 297 0
 283 0112 9923     		movs	r3, #153
 284 0114 1B04     		lsls	r3, r3, #16
 285 0116 114A     		ldr	r2, .L11+12
 286 0118 1360     		str	r3, [r2]
 298:Generated_Source\PSoC4/cyfitter_cfg.c **** 
 299:Generated_Source\PSoC4/cyfitter_cfg.c **** 		/* UDB_PA_0 Starting address: CYDEV_UDB_PA0_BASE */
 300:Generated_Source\PSoC4/cyfitter_cfg.c **** 		CY_SET_REG32((void *)(CYDEV_UDB_PA0_BASE), 0x00990000u);
 287              		.loc 1 300 0
 288 011a 114A     		ldr	r2, .L11+16
 289 011c 1360     		str	r3, [r2]
 301:Generated_Source\PSoC4/cyfitter_cfg.c **** 
 302:Generated_Source\PSoC4/cyfitter_cfg.c **** 		/* UDB_PA_1 Starting address: CYDEV_UDB_PA1_BASE */
 303:Generated_Source\PSoC4/cyfitter_cfg.c **** 		CY_SET_REG32((void *)(CYDEV_UDB_PA1_BASE), 0x00990000u);
 290              		.loc 1 303 0
 291 011e 114A     		ldr	r2, .L11+20
 292 0120 1360     		str	r3, [r2]
 304:Generated_Source\PSoC4/cyfitter_cfg.c **** 
 305:Generated_Source\PSoC4/cyfitter_cfg.c **** 		/* Enable digital routing */
 306:Generated_Source\PSoC4/cyfitter_cfg.c **** 		CY_SET_XTND_REG8((void *)CYREG_UDB_UDBIF_BANK_CTL, (uint8)(CY_GET_XTND_REG8((void *)CYREG_UDB_UDB
 293              		.loc 1 306 0
ARM GAS  C:\Users\iron\AppData\Local\Temp\cclrpIGF.s 			page 12


 294 0122 114A     		ldr	r2, .L11+24
 295 0124 1178     		ldrb	r1, [r2]
 296 0126 0623     		movs	r3, #6
 297 0128 0B43     		orrs	r3, r1
 298 012a DBB2     		uxtb	r3, r3
 299 012c 1370     		strb	r3, [r2]
 300              	.LBE2:
 307:Generated_Source\PSoC4/cyfitter_cfg.c **** 	}
 308:Generated_Source\PSoC4/cyfitter_cfg.c **** 
 309:Generated_Source\PSoC4/cyfitter_cfg.c **** 	/* Perform second pass device configuration. These items must be configured in specific order afte
 310:Generated_Source\PSoC4/cyfitter_cfg.c **** 	/* IOPINS0_0 Starting address: CYDEV_GPIO_PRT0_BASE */
 311:Generated_Source\PSoC4/cyfitter_cfg.c **** 	CY_SET_REG32((void *)(CYREG_GPIO_PRT0_PC), 0x00D80000u);
 301              		.loc 1 311 0
 302 012e D822     		movs	r2, #216
 303 0130 1204     		lsls	r2, r2, #16
 304 0132 0E4B     		ldr	r3, .L11+28
 305 0134 1A60     		str	r2, [r3]
 312:Generated_Source\PSoC4/cyfitter_cfg.c **** 
 313:Generated_Source\PSoC4/cyfitter_cfg.c **** 	/* IOPINS0_1 Starting address: CYDEV_GPIO_PRT1_BASE */
 314:Generated_Source\PSoC4/cyfitter_cfg.c **** 	CY_SET_REG32((void *)(CYDEV_GPIO_PRT1_BASE), 0x00000020u);
 306              		.loc 1 314 0
 307 0136 2022     		movs	r2, #32
 308 0138 0D4B     		ldr	r3, .L11+32
 309 013a 1A60     		str	r2, [r3]
 315:Generated_Source\PSoC4/cyfitter_cfg.c **** 	CY_SET_REG32((void *)(CYREG_GPIO_PRT1_PC), 0x00031000u);
 310              		.loc 1 315 0
 311 013c C422     		movs	r2, #196
 312 013e 9202     		lsls	r2, r2, #10
 313 0140 0C4B     		ldr	r3, .L11+36
 314 0142 1A60     		str	r2, [r3]
 316:Generated_Source\PSoC4/cyfitter_cfg.c **** 
 317:Generated_Source\PSoC4/cyfitter_cfg.c **** 
 318:Generated_Source\PSoC4/cyfitter_cfg.c **** 	/* Setup clocks based on selections from Clock DWR */
 319:Generated_Source\PSoC4/cyfitter_cfg.c **** 	ClockSetup();
 315              		.loc 1 319 0
 316 0144 FFF75CFF 		bl	ClockSetup
 317              	.LVL16:
 320:Generated_Source\PSoC4/cyfitter_cfg.c **** 
 321:Generated_Source\PSoC4/cyfitter_cfg.c **** 	/* Perform basic analog initialization to defaults */
 322:Generated_Source\PSoC4/cyfitter_cfg.c **** 	AnalogSetDefault();
 318              		.loc 1 322 0
 319 0148 FFF7FEFF 		bl	AnalogSetDefault
 320              	.LVL17:
 323:Generated_Source\PSoC4/cyfitter_cfg.c **** 
 324:Generated_Source\PSoC4/cyfitter_cfg.c **** }
 321              		.loc 1 324 0
 322              		@ sp needed
 323              	.LVL18:
 324 014c 10BD     		pop	{r4, pc}
 325              	.L12:
 326 014e C046     		.align	2
 327              	.L11:
 328 0150 6CF02E40 		.word	1076818028
 329 0154 00000000 		.word	.LANCHOR0
 330 0158 00000240 		.word	1073872896
 331 015c 00010240 		.word	1073873152
 332 0160 00500F40 		.word	1074745344
ARM GAS  C:\Users\iron\AppData\Local\Temp\cclrpIGF.s 			page 13


 333 0164 10500F40 		.word	1074745360
 334 0168 00700F40 		.word	1074753536
 335 016c 08000440 		.word	1074003976
 336 0170 00010440 		.word	1074004224
 337 0174 08010440 		.word	1074004232
 338              		.cfi_endproc
 339              	.LFE7:
 340              		.size	cyfitter_cfg, .-cyfitter_cfg
 341              		.section	.rodata
 342              		.align	2
 343              		.set	.LANCHOR0,. + 0
 344              		.type	cfg_memset_list.4893, %object
 345              		.size	cfg_memset_list.4893, 12
 346              	cfg_memset_list.4893:
 347 0000 00300F40 		.word	1074737152
 348 0004 0004     		.short	1024
 349 0006 00400F40 		.4byte	1074741248
 350 000a 0004     		.short	1024
 351              		.text
 352              	.Letext0:
 353              		.file 2 "d:\\program files (x86)\\cypress\\psoc creator\\4.2\\psoc creator\\import\\gnu\\arm\\5.4.
 354              		.file 3 "Generated_Source\\PSoC4\\cytypes.h"
 355              		.file 4 "Generated_Source\\PSoC4\\CyLFClk.h"
 356              		.file 5 "Generated_Source\\PSoC4\\CyLib.h"
 357              		.section	.debug_info,"",%progbits
 358              	.Ldebug_info0:
 359 0000 29030000 		.4byte	0x329
 360 0004 0400     		.2byte	0x4
 361 0006 00000000 		.4byte	.Ldebug_abbrev0
 362 000a 04       		.byte	0x4
 363 000b 01       		.uleb128 0x1
 364 000c 65010000 		.4byte	.LASF34
 365 0010 0C       		.byte	0xc
 366 0011 77020000 		.4byte	.LASF35
 367 0015 33010000 		.4byte	.LASF36
 368 0019 00000000 		.4byte	.Ldebug_ranges0+0
 369 001d 00000000 		.4byte	0
 370 0021 00000000 		.4byte	.Ldebug_line0
 371 0025 02       		.uleb128 0x2
 372 0026 04       		.byte	0x4
 373 0027 05       		.byte	0x5
 374 0028 696E7400 		.ascii	"int\000"
 375 002c 03       		.uleb128 0x3
 376 002d 14000000 		.4byte	.LASF12
 377 0031 02       		.byte	0x2
 378 0032 D8       		.byte	0xd8
 379 0033 37000000 		.4byte	0x37
 380 0037 04       		.uleb128 0x4
 381 0038 04       		.byte	0x4
 382 0039 07       		.byte	0x7
 383 003a FA000000 		.4byte	.LASF0
 384 003e 04       		.uleb128 0x4
 385 003f 08       		.byte	0x8
 386 0040 05       		.byte	0x5
 387 0041 09020000 		.4byte	.LASF1
 388 0045 04       		.uleb128 0x4
 389 0046 08       		.byte	0x8
ARM GAS  C:\Users\iron\AppData\Local\Temp\cclrpIGF.s 			page 14


 390 0047 04       		.byte	0x4
 391 0048 5F020000 		.4byte	.LASF2
 392 004c 04       		.uleb128 0x4
 393 004d 01       		.byte	0x1
 394 004e 06       		.byte	0x6
 395 004f 6B020000 		.4byte	.LASF3
 396 0053 04       		.uleb128 0x4
 397 0054 01       		.byte	0x1
 398 0055 08       		.byte	0x8
 399 0056 C4000000 		.4byte	.LASF4
 400 005a 04       		.uleb128 0x4
 401 005b 02       		.byte	0x2
 402 005c 05       		.byte	0x5
 403 005d 37020000 		.4byte	.LASF5
 404 0061 04       		.uleb128 0x4
 405 0062 02       		.byte	0x2
 406 0063 07       		.byte	0x7
 407 0064 56000000 		.4byte	.LASF6
 408 0068 04       		.uleb128 0x4
 409 0069 04       		.byte	0x4
 410 006a 05       		.byte	0x5
 411 006b 56020000 		.4byte	.LASF7
 412 006f 04       		.uleb128 0x4
 413 0070 04       		.byte	0x4
 414 0071 07       		.byte	0x7
 415 0072 91000000 		.4byte	.LASF8
 416 0076 04       		.uleb128 0x4
 417 0077 08       		.byte	0x8
 418 0078 07       		.byte	0x7
 419 0079 1C010000 		.4byte	.LASF9
 420 007d 04       		.uleb128 0x4
 421 007e 04       		.byte	0x4
 422 007f 07       		.byte	0x7
 423 0080 00020000 		.4byte	.LASF10
 424 0084 05       		.uleb128 0x5
 425 0085 04       		.byte	0x4
 426 0086 04       		.uleb128 0x4
 427 0087 01       		.byte	0x1
 428 0088 08       		.byte	0x8
 429 0089 21020000 		.4byte	.LASF11
 430 008d 06       		.uleb128 0x6
 431 008e A3000000 		.4byte	.LASF13
 432 0092 03       		.byte	0x3
 433 0093 E401     		.2byte	0x1e4
 434 0095 53000000 		.4byte	0x53
 435 0099 06       		.uleb128 0x6
 436 009a EC000000 		.4byte	.LASF14
 437 009e 03       		.byte	0x3
 438 009f E501     		.2byte	0x1e5
 439 00a1 61000000 		.4byte	0x61
 440 00a5 06       		.uleb128 0x6
 441 00a6 F3000000 		.4byte	.LASF15
 442 00aa 03       		.byte	0x3
 443 00ab E601     		.2byte	0x1e6
 444 00ad 6F000000 		.4byte	0x6f
 445 00b1 04       		.uleb128 0x4
 446 00b2 04       		.byte	0x4
ARM GAS  C:\Users\iron\AppData\Local\Temp\cclrpIGF.s 			page 15


 447 00b3 04       		.byte	0x4
 448 00b4 69000000 		.4byte	.LASF16
 449 00b8 04       		.uleb128 0x4
 450 00b9 08       		.byte	0x8
 451 00ba 04       		.byte	0x4
 452 00bb D9000000 		.4byte	.LASF17
 453 00bf 06       		.uleb128 0x6
 454 00c0 8C000000 		.4byte	.LASF18
 455 00c4 03       		.byte	0x3
 456 00c5 8E02     		.2byte	0x28e
 457 00c7 CB000000 		.4byte	0xcb
 458 00cb 07       		.uleb128 0x7
 459 00cc 8D000000 		.4byte	0x8d
 460 00d0 06       		.uleb128 0x6
 461 00d1 0E000000 		.4byte	.LASF19
 462 00d5 03       		.byte	0x3
 463 00d6 9002     		.2byte	0x290
 464 00d8 DC000000 		.4byte	0xdc
 465 00dc 07       		.uleb128 0x7
 466 00dd A5000000 		.4byte	0xa5
 467 00e1 08       		.uleb128 0x8
 468 00e2 1B000000 		.4byte	.LASF37
 469 00e6 01       		.byte	0x1
 470 00e7 EF       		.byte	0xef
 471 00e8 00000000 		.4byte	.LFB6
 472 00ec 20000000 		.4byte	.LFE6-.LFB6
 473 00f0 01       		.uleb128 0x1
 474 00f1 9C       		.byte	0x9c
 475 00f2 09       		.uleb128 0x9
 476 00f3 BA000000 		.4byte	.LASF20
 477 00f7 01       		.byte	0x1
 478 00f8 4C       		.byte	0x4c
 479 00f9 00000000 		.4byte	.LFB2
 480 00fd 0C000000 		.4byte	.LFE2-.LFB2
 481 0101 01       		.uleb128 0x1
 482 0102 9C       		.byte	0x9c
 483 0103 3F010000 		.4byte	0x13f
 484 0107 0A       		.uleb128 0xa
 485 0108 7300     		.ascii	"s\000"
 486 010a 01       		.byte	0x1
 487 010b 4C       		.byte	0x4c
 488 010c 84000000 		.4byte	0x84
 489 0110 00000000 		.4byte	.LLST0
 490 0114 0A       		.uleb128 0xa
 491 0115 6E00     		.ascii	"n\000"
 492 0117 01       		.byte	0x1
 493 0118 4C       		.byte	0x4c
 494 0119 2C000000 		.4byte	0x2c
 495 011d 21000000 		.4byte	.LLST1
 496 0121 0B       		.uleb128 0xb
 497 0122 0A000000 		.4byte	.LVL2
 498 0126 CB020000 		.4byte	0x2cb
 499 012a 0C       		.uleb128 0xc
 500 012b 01       		.uleb128 0x1
 501 012c 50       		.byte	0x50
 502 012d 03       		.uleb128 0x3
 503 012e F3       		.byte	0xf3
ARM GAS  C:\Users\iron\AppData\Local\Temp\cclrpIGF.s 			page 16


 504 012f 01       		.uleb128 0x1
 505 0130 50       		.byte	0x50
 506 0131 0C       		.uleb128 0xc
 507 0132 01       		.uleb128 0x1
 508 0133 51       		.byte	0x51
 509 0134 01       		.uleb128 0x1
 510 0135 30       		.byte	0x30
 511 0136 0C       		.uleb128 0xc
 512 0137 01       		.uleb128 0x1
 513 0138 52       		.byte	0x52
 514 0139 03       		.uleb128 0x3
 515 013a F3       		.byte	0xf3
 516 013b 01       		.uleb128 0x1
 517 013c 51       		.byte	0x51
 518 013d 00       		.byte	0
 519 013e 00       		.byte	0
 520 013f 09       		.uleb128 0x9
 521 0140 4B000000 		.4byte	.LASF21
 522 0144 01       		.byte	0x1
 523 0145 AA       		.byte	0xaa
 524 0146 00000000 		.4byte	.LFB5
 525 014a D8000000 		.4byte	.LFE5-.LFB5
 526 014e 01       		.uleb128 0x1
 527 014f 9C       		.byte	0x9c
 528 0150 E8010000 		.4byte	0x1e8
 529 0154 0D       		.uleb128 0xd
 530 0155 0C000000 		.4byte	.LVL3
 531 0159 D4020000 		.4byte	0x2d4
 532 015d 0E       		.uleb128 0xe
 533 015e 12000000 		.4byte	.LVL4
 534 0162 DF020000 		.4byte	0x2df
 535 0166 74010000 		.4byte	0x174
 536 016a 0C       		.uleb128 0xc
 537 016b 01       		.uleb128 0x1
 538 016c 50       		.byte	0x50
 539 016d 05       		.uleb128 0x5
 540 016e 0C       		.byte	0xc
 541 016f 001BB700 		.4byte	0xb71b00
 542 0173 00       		.byte	0
 543 0174 0E       		.uleb128 0xe
 544 0175 18000000 		.4byte	.LVL5
 545 0179 EA020000 		.4byte	0x2ea
 546 017d 87010000 		.4byte	0x187
 547 0181 0C       		.uleb128 0xc
 548 0182 01       		.uleb128 0x1
 549 0183 50       		.byte	0x50
 550 0184 01       		.uleb128 0x1
 551 0185 31       		.byte	0x31
 552 0186 00       		.byte	0
 553 0187 0E       		.uleb128 0xe
 554 0188 1E000000 		.4byte	.LVL6
 555 018c F5020000 		.4byte	0x2f5
 556 0190 9B010000 		.4byte	0x19b
 557 0194 0C       		.uleb128 0xc
 558 0195 01       		.uleb128 0x1
 559 0196 50       		.byte	0x50
 560 0197 02       		.uleb128 0x2
ARM GAS  C:\Users\iron\AppData\Local\Temp\cclrpIGF.s 			page 17


 561 0198 08       		.byte	0x8
 562 0199 30       		.byte	0x30
 563 019a 00       		.byte	0
 564 019b 0E       		.uleb128 0xe
 565 019c 54000000 		.4byte	.LVL7
 566 01a0 00030000 		.4byte	0x300
 567 01a4 B0010000 		.4byte	0x1b0
 568 01a8 0C       		.uleb128 0xc
 569 01a9 01       		.uleb128 0x1
 570 01aa 50       		.byte	0x50
 571 01ab 03       		.uleb128 0x3
 572 01ac 0A       		.byte	0xa
 573 01ad D007     		.2byte	0x7d0
 574 01af 00       		.byte	0
 575 01b0 0E       		.uleb128 0xe
 576 01b1 5A000000 		.4byte	.LVL8
 577 01b5 0B030000 		.4byte	0x30b
 578 01b9 C5010000 		.4byte	0x1c5
 579 01bd 0C       		.uleb128 0xc
 580 01be 01       		.uleb128 0x1
 581 01bf 50       		.byte	0x50
 582 01c0 03       		.uleb128 0x3
 583 01c1 0A       		.byte	0xa
 584 01c2 DC05     		.2byte	0x5dc
 585 01c4 00       		.byte	0
 586 01c5 0E       		.uleb128 0xe
 587 01c6 86000000 		.4byte	.LVL9
 588 01ca 16030000 		.4byte	0x316
 589 01ce D8010000 		.4byte	0x1d8
 590 01d2 0C       		.uleb128 0xc
 591 01d3 01       		.uleb128 0x1
 592 01d4 50       		.byte	0x50
 593 01d5 01       		.uleb128 0x1
 594 01d6 38       		.byte	0x38
 595 01d7 00       		.byte	0
 596 01d8 0B       		.uleb128 0xb
 597 01d9 8C000000 		.4byte	.LVL10
 598 01dd 21030000 		.4byte	0x321
 599 01e1 0C       		.uleb128 0xc
 600 01e2 01       		.uleb128 0x1
 601 01e3 50       		.byte	0x50
 602 01e4 01       		.uleb128 0x1
 603 01e5 38       		.byte	0x38
 604 01e6 00       		.byte	0
 605 01e7 00       		.byte	0
 606 01e8 0F       		.uleb128 0xf
 607 01e9 07010000 		.4byte	.LASF38
 608 01ed 01       		.byte	0x1
 609 01ee 0A01     		.2byte	0x10a
 610 01f0 D8000000 		.4byte	.LFB7
 611 01f4 A0000000 		.4byte	.LFE7-.LFB7
 612 01f8 01       		.uleb128 0x1
 613 01f9 9C       		.byte	0x9c
 614 01fa CB020000 		.4byte	0x2cb
 615 01fe 10       		.uleb128 0x10
 616 01ff E2000000 		.4byte	.LBB2
 617 0203 4C000000 		.4byte	.LBE2-.LBB2
ARM GAS  C:\Users\iron\AppData\Local\Temp\cclrpIGF.s 			page 18


 618 0207 B8020000 		.4byte	0x2b8
 619 020b 11       		.uleb128 0x11
 620 020c 06       		.byte	0x6
 621 020d 01       		.byte	0x1
 622 020e 1301     		.2byte	0x113
 623 0210 2F020000 		.4byte	0x22f
 624 0214 12       		.uleb128 0x12
 625 0215 14010000 		.4byte	.LASF22
 626 0219 01       		.byte	0x1
 627 021a 1401     		.2byte	0x114
 628 021c 84000000 		.4byte	0x84
 629 0220 00       		.byte	0
 630 0221 12       		.uleb128 0x12
 631 0222 6F000000 		.4byte	.LASF23
 632 0226 01       		.byte	0x1
 633 0227 1501     		.2byte	0x115
 634 0229 99000000 		.4byte	0x99
 635 022d 04       		.byte	0x4
 636 022e 00       		.byte	0
 637 022f 06       		.uleb128 0x6
 638 0230 F3010000 		.4byte	.LASF24
 639 0234 01       		.byte	0x1
 640 0235 1601     		.2byte	0x116
 641 0237 0B020000 		.4byte	0x20b
 642 023b 13       		.uleb128 0x13
 643 023c 4B020000 		.4byte	0x24b
 644 0240 4B020000 		.4byte	0x24b
 645 0244 14       		.uleb128 0x14
 646 0245 7D000000 		.4byte	0x7d
 647 0249 01       		.byte	0x1
 648 024a 00       		.byte	0
 649 024b 15       		.uleb128 0x15
 650 024c 2F020000 		.4byte	0x22f
 651 0250 16       		.uleb128 0x16
 652 0251 3B000000 		.4byte	.LASF25
 653 0255 01       		.byte	0x1
 654 0256 1801     		.2byte	0x118
 655 0258 62020000 		.4byte	0x262
 656 025c 05       		.uleb128 0x5
 657 025d 03       		.byte	0x3
 658 025e 00000000 		.4byte	cfg_memset_list.4893
 659 0262 15       		.uleb128 0x15
 660 0263 3B020000 		.4byte	0x23b
 661 0267 17       		.uleb128 0x17
 662 0268 6900     		.ascii	"i\000"
 663 026a 01       		.byte	0x1
 664 026b 1E01     		.2byte	0x11e
 665 026d 8D000000 		.4byte	0x8d
 666 0271 4D000000 		.4byte	.LLST2
 667 0275 18       		.uleb128 0x18
 668 0276 E6000000 		.4byte	.LBB3
 669 027a 1C000000 		.4byte	.LBE3-.LBB3
 670 027e 17       		.uleb128 0x17
 671 027f 6D7300   		.ascii	"ms\000"
 672 0282 01       		.byte	0x1
 673 0283 2301     		.2byte	0x123
 674 0285 8D020000 		.4byte	0x28d
ARM GAS  C:\Users\iron\AppData\Local\Temp\cclrpIGF.s 			page 19


 675 0289 77000000 		.4byte	.LLST3
 676 028d 19       		.uleb128 0x19
 677 028e 04       		.byte	0x4
 678 028f 4B020000 		.4byte	0x24b
 679 0293 0B       		.uleb128 0xb
 680 0294 02010000 		.4byte	.LVL13
 681 0298 F2000000 		.4byte	0xf2
 682 029c 0C       		.uleb128 0xc
 683 029d 01       		.uleb128 0x1
 684 029e 51       		.byte	0x51
 685 029f 15       		.uleb128 0x15
 686 02a0 74       		.byte	0x74
 687 02a1 00       		.sleb128 0
 688 02a2 31       		.byte	0x31
 689 02a3 24       		.byte	0x24
 690 02a4 74       		.byte	0x74
 691 02a5 00       		.sleb128 0
 692 02a6 22       		.byte	0x22
 693 02a7 31       		.byte	0x31
 694 02a8 24       		.byte	0x24
 695 02a9 03       		.byte	0x3
 696 02aa 04000000 		.4byte	.LANCHOR0+4
 697 02ae 22       		.byte	0x22
 698 02af 94       		.byte	0x94
 699 02b0 02       		.byte	0x2
 700 02b1 0A       		.byte	0xa
 701 02b2 FFFF     		.2byte	0xffff
 702 02b4 1A       		.byte	0x1a
 703 02b5 00       		.byte	0
 704 02b6 00       		.byte	0
 705 02b7 00       		.byte	0
 706 02b8 0D       		.uleb128 0xd
 707 02b9 48010000 		.4byte	.LVL16
 708 02bd 3F010000 		.4byte	0x13f
 709 02c1 0D       		.uleb128 0xd
 710 02c2 4C010000 		.4byte	.LVL17
 711 02c6 E1000000 		.4byte	0xe1
 712 02ca 00       		.byte	0
 713 02cb 1A       		.uleb128 0x1a
 714 02cc D2000000 		.4byte	.LASF39
 715 02d0 D2000000 		.4byte	.LASF39
 716 02d4 1B       		.uleb128 0x1b
 717 02d5 A9000000 		.4byte	.LASF26
 718 02d9 A9000000 		.4byte	.LASF26
 719 02dd 04       		.byte	0x4
 720 02de 4E       		.byte	0x4e
 721 02df 1B       		.uleb128 0x1b
 722 02e0 00000000 		.4byte	.LASF27
 723 02e4 00000000 		.4byte	.LASF27
 724 02e8 05       		.byte	0x5
 725 02e9 DC       		.byte	0xdc
 726 02ea 1B       		.uleb128 0x1b
 727 02eb 74000000 		.4byte	.LASF28
 728 02ef 74000000 		.4byte	.LASF28
 729 02f3 04       		.byte	0x4
 730 02f4 50       		.byte	0x50
 731 02f5 1B       		.uleb128 0x1b
ARM GAS  C:\Users\iron\AppData\Local\Temp\cclrpIGF.s 			page 20


 732 02f6 41020000 		.4byte	.LASF29
 733 02fa 41020000 		.4byte	.LASF29
 734 02fe 05       		.byte	0x5
 735 02ff 6C       		.byte	0x6c
 736 0300 1B       		.uleb128 0x1b
 737 0301 26020000 		.4byte	.LASF30
 738 0305 26020000 		.4byte	.LASF30
 739 0309 05       		.byte	0x5
 740 030a 84       		.byte	0x84
 741 030b 1B       		.uleb128 0x1b
 742 030c 17020000 		.4byte	.LASF31
 743 0310 17020000 		.4byte	.LASF31
 744 0314 05       		.byte	0x5
 745 0315 DA       		.byte	0xda
 746 0316 1B       		.uleb128 0x1b
 747 0317 2C000000 		.4byte	.LASF32
 748 031b 2C000000 		.4byte	.LASF32
 749 031f 05       		.byte	0x5
 750 0320 BD       		.byte	0xbd
 751 0321 1B       		.uleb128 0x1b
 752 0322 E0000000 		.4byte	.LASF33
 753 0326 E0000000 		.4byte	.LASF33
 754 032a 05       		.byte	0x5
 755 032b C3       		.byte	0xc3
 756 032c 00       		.byte	0
 757              		.section	.debug_abbrev,"",%progbits
 758              	.Ldebug_abbrev0:
 759 0000 01       		.uleb128 0x1
 760 0001 11       		.uleb128 0x11
 761 0002 01       		.byte	0x1
 762 0003 25       		.uleb128 0x25
 763 0004 0E       		.uleb128 0xe
 764 0005 13       		.uleb128 0x13
 765 0006 0B       		.uleb128 0xb
 766 0007 03       		.uleb128 0x3
 767 0008 0E       		.uleb128 0xe
 768 0009 1B       		.uleb128 0x1b
 769 000a 0E       		.uleb128 0xe
 770 000b 55       		.uleb128 0x55
 771 000c 17       		.uleb128 0x17
 772 000d 11       		.uleb128 0x11
 773 000e 01       		.uleb128 0x1
 774 000f 10       		.uleb128 0x10
 775 0010 17       		.uleb128 0x17
 776 0011 00       		.byte	0
 777 0012 00       		.byte	0
 778 0013 02       		.uleb128 0x2
 779 0014 24       		.uleb128 0x24
 780 0015 00       		.byte	0
 781 0016 0B       		.uleb128 0xb
 782 0017 0B       		.uleb128 0xb
 783 0018 3E       		.uleb128 0x3e
 784 0019 0B       		.uleb128 0xb
 785 001a 03       		.uleb128 0x3
 786 001b 08       		.uleb128 0x8
 787 001c 00       		.byte	0
 788 001d 00       		.byte	0
ARM GAS  C:\Users\iron\AppData\Local\Temp\cclrpIGF.s 			page 21


 789 001e 03       		.uleb128 0x3
 790 001f 16       		.uleb128 0x16
 791 0020 00       		.byte	0
 792 0021 03       		.uleb128 0x3
 793 0022 0E       		.uleb128 0xe
 794 0023 3A       		.uleb128 0x3a
 795 0024 0B       		.uleb128 0xb
 796 0025 3B       		.uleb128 0x3b
 797 0026 0B       		.uleb128 0xb
 798 0027 49       		.uleb128 0x49
 799 0028 13       		.uleb128 0x13
 800 0029 00       		.byte	0
 801 002a 00       		.byte	0
 802 002b 04       		.uleb128 0x4
 803 002c 24       		.uleb128 0x24
 804 002d 00       		.byte	0
 805 002e 0B       		.uleb128 0xb
 806 002f 0B       		.uleb128 0xb
 807 0030 3E       		.uleb128 0x3e
 808 0031 0B       		.uleb128 0xb
 809 0032 03       		.uleb128 0x3
 810 0033 0E       		.uleb128 0xe
 811 0034 00       		.byte	0
 812 0035 00       		.byte	0
 813 0036 05       		.uleb128 0x5
 814 0037 0F       		.uleb128 0xf
 815 0038 00       		.byte	0
 816 0039 0B       		.uleb128 0xb
 817 003a 0B       		.uleb128 0xb
 818 003b 00       		.byte	0
 819 003c 00       		.byte	0
 820 003d 06       		.uleb128 0x6
 821 003e 16       		.uleb128 0x16
 822 003f 00       		.byte	0
 823 0040 03       		.uleb128 0x3
 824 0041 0E       		.uleb128 0xe
 825 0042 3A       		.uleb128 0x3a
 826 0043 0B       		.uleb128 0xb
 827 0044 3B       		.uleb128 0x3b
 828 0045 05       		.uleb128 0x5
 829 0046 49       		.uleb128 0x49
 830 0047 13       		.uleb128 0x13
 831 0048 00       		.byte	0
 832 0049 00       		.byte	0
 833 004a 07       		.uleb128 0x7
 834 004b 35       		.uleb128 0x35
 835 004c 00       		.byte	0
 836 004d 49       		.uleb128 0x49
 837 004e 13       		.uleb128 0x13
 838 004f 00       		.byte	0
 839 0050 00       		.byte	0
 840 0051 08       		.uleb128 0x8
 841 0052 2E       		.uleb128 0x2e
 842 0053 00       		.byte	0
 843 0054 03       		.uleb128 0x3
 844 0055 0E       		.uleb128 0xe
 845 0056 3A       		.uleb128 0x3a
ARM GAS  C:\Users\iron\AppData\Local\Temp\cclrpIGF.s 			page 22


 846 0057 0B       		.uleb128 0xb
 847 0058 3B       		.uleb128 0x3b
 848 0059 0B       		.uleb128 0xb
 849 005a 27       		.uleb128 0x27
 850 005b 19       		.uleb128 0x19
 851 005c 11       		.uleb128 0x11
 852 005d 01       		.uleb128 0x1
 853 005e 12       		.uleb128 0x12
 854 005f 06       		.uleb128 0x6
 855 0060 40       		.uleb128 0x40
 856 0061 18       		.uleb128 0x18
 857 0062 9742     		.uleb128 0x2117
 858 0064 19       		.uleb128 0x19
 859 0065 00       		.byte	0
 860 0066 00       		.byte	0
 861 0067 09       		.uleb128 0x9
 862 0068 2E       		.uleb128 0x2e
 863 0069 01       		.byte	0x1
 864 006a 03       		.uleb128 0x3
 865 006b 0E       		.uleb128 0xe
 866 006c 3A       		.uleb128 0x3a
 867 006d 0B       		.uleb128 0xb
 868 006e 3B       		.uleb128 0x3b
 869 006f 0B       		.uleb128 0xb
 870 0070 27       		.uleb128 0x27
 871 0071 19       		.uleb128 0x19
 872 0072 11       		.uleb128 0x11
 873 0073 01       		.uleb128 0x1
 874 0074 12       		.uleb128 0x12
 875 0075 06       		.uleb128 0x6
 876 0076 40       		.uleb128 0x40
 877 0077 18       		.uleb128 0x18
 878 0078 9742     		.uleb128 0x2117
 879 007a 19       		.uleb128 0x19
 880 007b 01       		.uleb128 0x1
 881 007c 13       		.uleb128 0x13
 882 007d 00       		.byte	0
 883 007e 00       		.byte	0
 884 007f 0A       		.uleb128 0xa
 885 0080 05       		.uleb128 0x5
 886 0081 00       		.byte	0
 887 0082 03       		.uleb128 0x3
 888 0083 08       		.uleb128 0x8
 889 0084 3A       		.uleb128 0x3a
 890 0085 0B       		.uleb128 0xb
 891 0086 3B       		.uleb128 0x3b
 892 0087 0B       		.uleb128 0xb
 893 0088 49       		.uleb128 0x49
 894 0089 13       		.uleb128 0x13
 895 008a 02       		.uleb128 0x2
 896 008b 17       		.uleb128 0x17
 897 008c 00       		.byte	0
 898 008d 00       		.byte	0
 899 008e 0B       		.uleb128 0xb
 900 008f 898201   		.uleb128 0x4109
 901 0092 01       		.byte	0x1
 902 0093 11       		.uleb128 0x11
ARM GAS  C:\Users\iron\AppData\Local\Temp\cclrpIGF.s 			page 23


 903 0094 01       		.uleb128 0x1
 904 0095 31       		.uleb128 0x31
 905 0096 13       		.uleb128 0x13
 906 0097 00       		.byte	0
 907 0098 00       		.byte	0
 908 0099 0C       		.uleb128 0xc
 909 009a 8A8201   		.uleb128 0x410a
 910 009d 00       		.byte	0
 911 009e 02       		.uleb128 0x2
 912 009f 18       		.uleb128 0x18
 913 00a0 9142     		.uleb128 0x2111
 914 00a2 18       		.uleb128 0x18
 915 00a3 00       		.byte	0
 916 00a4 00       		.byte	0
 917 00a5 0D       		.uleb128 0xd
 918 00a6 898201   		.uleb128 0x4109
 919 00a9 00       		.byte	0
 920 00aa 11       		.uleb128 0x11
 921 00ab 01       		.uleb128 0x1
 922 00ac 31       		.uleb128 0x31
 923 00ad 13       		.uleb128 0x13
 924 00ae 00       		.byte	0
 925 00af 00       		.byte	0
 926 00b0 0E       		.uleb128 0xe
 927 00b1 898201   		.uleb128 0x4109
 928 00b4 01       		.byte	0x1
 929 00b5 11       		.uleb128 0x11
 930 00b6 01       		.uleb128 0x1
 931 00b7 31       		.uleb128 0x31
 932 00b8 13       		.uleb128 0x13
 933 00b9 01       		.uleb128 0x1
 934 00ba 13       		.uleb128 0x13
 935 00bb 00       		.byte	0
 936 00bc 00       		.byte	0
 937 00bd 0F       		.uleb128 0xf
 938 00be 2E       		.uleb128 0x2e
 939 00bf 01       		.byte	0x1
 940 00c0 3F       		.uleb128 0x3f
 941 00c1 19       		.uleb128 0x19
 942 00c2 03       		.uleb128 0x3
 943 00c3 0E       		.uleb128 0xe
 944 00c4 3A       		.uleb128 0x3a
 945 00c5 0B       		.uleb128 0xb
 946 00c6 3B       		.uleb128 0x3b
 947 00c7 05       		.uleb128 0x5
 948 00c8 27       		.uleb128 0x27
 949 00c9 19       		.uleb128 0x19
 950 00ca 11       		.uleb128 0x11
 951 00cb 01       		.uleb128 0x1
 952 00cc 12       		.uleb128 0x12
 953 00cd 06       		.uleb128 0x6
 954 00ce 40       		.uleb128 0x40
 955 00cf 18       		.uleb128 0x18
 956 00d0 9742     		.uleb128 0x2117
 957 00d2 19       		.uleb128 0x19
 958 00d3 01       		.uleb128 0x1
 959 00d4 13       		.uleb128 0x13
ARM GAS  C:\Users\iron\AppData\Local\Temp\cclrpIGF.s 			page 24


 960 00d5 00       		.byte	0
 961 00d6 00       		.byte	0
 962 00d7 10       		.uleb128 0x10
 963 00d8 0B       		.uleb128 0xb
 964 00d9 01       		.byte	0x1
 965 00da 11       		.uleb128 0x11
 966 00db 01       		.uleb128 0x1
 967 00dc 12       		.uleb128 0x12
 968 00dd 06       		.uleb128 0x6
 969 00de 01       		.uleb128 0x1
 970 00df 13       		.uleb128 0x13
 971 00e0 00       		.byte	0
 972 00e1 00       		.byte	0
 973 00e2 11       		.uleb128 0x11
 974 00e3 13       		.uleb128 0x13
 975 00e4 01       		.byte	0x1
 976 00e5 0B       		.uleb128 0xb
 977 00e6 0B       		.uleb128 0xb
 978 00e7 3A       		.uleb128 0x3a
 979 00e8 0B       		.uleb128 0xb
 980 00e9 3B       		.uleb128 0x3b
 981 00ea 05       		.uleb128 0x5
 982 00eb 01       		.uleb128 0x1
 983 00ec 13       		.uleb128 0x13
 984 00ed 00       		.byte	0
 985 00ee 00       		.byte	0
 986 00ef 12       		.uleb128 0x12
 987 00f0 0D       		.uleb128 0xd
 988 00f1 00       		.byte	0
 989 00f2 03       		.uleb128 0x3
 990 00f3 0E       		.uleb128 0xe
 991 00f4 3A       		.uleb128 0x3a
 992 00f5 0B       		.uleb128 0xb
 993 00f6 3B       		.uleb128 0x3b
 994 00f7 05       		.uleb128 0x5
 995 00f8 49       		.uleb128 0x49
 996 00f9 13       		.uleb128 0x13
 997 00fa 38       		.uleb128 0x38
 998 00fb 0B       		.uleb128 0xb
 999 00fc 00       		.byte	0
 1000 00fd 00       		.byte	0
 1001 00fe 13       		.uleb128 0x13
 1002 00ff 01       		.uleb128 0x1
 1003 0100 01       		.byte	0x1
 1004 0101 49       		.uleb128 0x49
 1005 0102 13       		.uleb128 0x13
 1006 0103 01       		.uleb128 0x1
 1007 0104 13       		.uleb128 0x13
 1008 0105 00       		.byte	0
 1009 0106 00       		.byte	0
 1010 0107 14       		.uleb128 0x14
 1011 0108 21       		.uleb128 0x21
 1012 0109 00       		.byte	0
 1013 010a 49       		.uleb128 0x49
 1014 010b 13       		.uleb128 0x13
 1015 010c 2F       		.uleb128 0x2f
 1016 010d 0B       		.uleb128 0xb
ARM GAS  C:\Users\iron\AppData\Local\Temp\cclrpIGF.s 			page 25


 1017 010e 00       		.byte	0
 1018 010f 00       		.byte	0
 1019 0110 15       		.uleb128 0x15
 1020 0111 26       		.uleb128 0x26
 1021 0112 00       		.byte	0
 1022 0113 49       		.uleb128 0x49
 1023 0114 13       		.uleb128 0x13
 1024 0115 00       		.byte	0
 1025 0116 00       		.byte	0
 1026 0117 16       		.uleb128 0x16
 1027 0118 34       		.uleb128 0x34
 1028 0119 00       		.byte	0
 1029 011a 03       		.uleb128 0x3
 1030 011b 0E       		.uleb128 0xe
 1031 011c 3A       		.uleb128 0x3a
 1032 011d 0B       		.uleb128 0xb
 1033 011e 3B       		.uleb128 0x3b
 1034 011f 05       		.uleb128 0x5
 1035 0120 49       		.uleb128 0x49
 1036 0121 13       		.uleb128 0x13
 1037 0122 02       		.uleb128 0x2
 1038 0123 18       		.uleb128 0x18
 1039 0124 00       		.byte	0
 1040 0125 00       		.byte	0
 1041 0126 17       		.uleb128 0x17
 1042 0127 34       		.uleb128 0x34
 1043 0128 00       		.byte	0
 1044 0129 03       		.uleb128 0x3
 1045 012a 08       		.uleb128 0x8
 1046 012b 3A       		.uleb128 0x3a
 1047 012c 0B       		.uleb128 0xb
 1048 012d 3B       		.uleb128 0x3b
 1049 012e 05       		.uleb128 0x5
 1050 012f 49       		.uleb128 0x49
 1051 0130 13       		.uleb128 0x13
 1052 0131 02       		.uleb128 0x2
 1053 0132 17       		.uleb128 0x17
 1054 0133 00       		.byte	0
 1055 0134 00       		.byte	0
 1056 0135 18       		.uleb128 0x18
 1057 0136 0B       		.uleb128 0xb
 1058 0137 01       		.byte	0x1
 1059 0138 11       		.uleb128 0x11
 1060 0139 01       		.uleb128 0x1
 1061 013a 12       		.uleb128 0x12
 1062 013b 06       		.uleb128 0x6
 1063 013c 00       		.byte	0
 1064 013d 00       		.byte	0
 1065 013e 19       		.uleb128 0x19
 1066 013f 0F       		.uleb128 0xf
 1067 0140 00       		.byte	0
 1068 0141 0B       		.uleb128 0xb
 1069 0142 0B       		.uleb128 0xb
 1070 0143 49       		.uleb128 0x49
 1071 0144 13       		.uleb128 0x13
 1072 0145 00       		.byte	0
 1073 0146 00       		.byte	0
ARM GAS  C:\Users\iron\AppData\Local\Temp\cclrpIGF.s 			page 26


 1074 0147 1A       		.uleb128 0x1a
 1075 0148 2E       		.uleb128 0x2e
 1076 0149 00       		.byte	0
 1077 014a 3F       		.uleb128 0x3f
 1078 014b 19       		.uleb128 0x19
 1079 014c 3C       		.uleb128 0x3c
 1080 014d 19       		.uleb128 0x19
 1081 014e 6E       		.uleb128 0x6e
 1082 014f 0E       		.uleb128 0xe
 1083 0150 03       		.uleb128 0x3
 1084 0151 0E       		.uleb128 0xe
 1085 0152 00       		.byte	0
 1086 0153 00       		.byte	0
 1087 0154 1B       		.uleb128 0x1b
 1088 0155 2E       		.uleb128 0x2e
 1089 0156 00       		.byte	0
 1090 0157 3F       		.uleb128 0x3f
 1091 0158 19       		.uleb128 0x19
 1092 0159 3C       		.uleb128 0x3c
 1093 015a 19       		.uleb128 0x19
 1094 015b 6E       		.uleb128 0x6e
 1095 015c 0E       		.uleb128 0xe
 1096 015d 03       		.uleb128 0x3
 1097 015e 0E       		.uleb128 0xe
 1098 015f 3A       		.uleb128 0x3a
 1099 0160 0B       		.uleb128 0xb
 1100 0161 3B       		.uleb128 0x3b
 1101 0162 0B       		.uleb128 0xb
 1102 0163 00       		.byte	0
 1103 0164 00       		.byte	0
 1104 0165 00       		.byte	0
 1105              		.section	.debug_loc,"",%progbits
 1106              	.Ldebug_loc0:
 1107              	.LLST0:
 1108 0000 00000000 		.4byte	.LVL0
 1109 0004 09000000 		.4byte	.LVL2-1
 1110 0008 0100     		.2byte	0x1
 1111 000a 50       		.byte	0x50
 1112 000b 09000000 		.4byte	.LVL2-1
 1113 000f 0C000000 		.4byte	.LFE2
 1114 0013 0400     		.2byte	0x4
 1115 0015 F3       		.byte	0xf3
 1116 0016 01       		.uleb128 0x1
 1117 0017 50       		.byte	0x50
 1118 0018 9F       		.byte	0x9f
 1119 0019 00000000 		.4byte	0
 1120 001d 00000000 		.4byte	0
 1121              	.LLST1:
 1122 0021 00000000 		.4byte	.LVL0
 1123 0025 06000000 		.4byte	.LVL1
 1124 0029 0100     		.2byte	0x1
 1125 002b 51       		.byte	0x51
 1126 002c 06000000 		.4byte	.LVL1
 1127 0030 09000000 		.4byte	.LVL2-1
 1128 0034 0100     		.2byte	0x1
 1129 0036 52       		.byte	0x52
 1130 0037 09000000 		.4byte	.LVL2-1
ARM GAS  C:\Users\iron\AppData\Local\Temp\cclrpIGF.s 			page 27


 1131 003b 0C000000 		.4byte	.LFE2
 1132 003f 0400     		.2byte	0x4
 1133 0041 F3       		.byte	0xf3
 1134 0042 01       		.uleb128 0x1
 1135 0043 51       		.byte	0x51
 1136 0044 9F       		.byte	0x9f
 1137 0045 00000000 		.4byte	0
 1138 0049 00000000 		.4byte	0
 1139              	.LLST2:
 1140 004d E2000000 		.4byte	.LVL11
 1141 0051 E6000000 		.4byte	.LVL12
 1142 0055 0200     		.2byte	0x2
 1143 0057 30       		.byte	0x30
 1144 0058 9F       		.byte	0x9f
 1145 0059 E6000000 		.4byte	.LVL12
 1146 005d 04010000 		.4byte	.LVL14
 1147 0061 0100     		.2byte	0x1
 1148 0063 54       		.byte	0x54
 1149 0064 06010000 		.4byte	.LVL15
 1150 0068 4C010000 		.4byte	.LVL18
 1151 006c 0100     		.2byte	0x1
 1152 006e 54       		.byte	0x54
 1153 006f 00000000 		.4byte	0
 1154 0073 00000000 		.4byte	0
 1155              	.LLST3:
 1156 0077 E6000000 		.4byte	.LVL12
 1157 007b 04010000 		.4byte	.LVL14
 1158 007f 0B00     		.2byte	0xb
 1159 0081 74       		.byte	0x74
 1160 0082 00       		.sleb128 0
 1161 0083 36       		.byte	0x36
 1162 0084 1E       		.byte	0x1e
 1163 0085 03       		.byte	0x3
 1164 0086 00000000 		.4byte	cfg_memset_list.4893
 1165 008a 22       		.byte	0x22
 1166 008b 9F       		.byte	0x9f
 1167 008c 04010000 		.4byte	.LVL14
 1168 0090 06010000 		.4byte	.LVL15
 1169 0094 0B00     		.2byte	0xb
 1170 0096 74       		.byte	0x74
 1171 0097 7F       		.sleb128 -1
 1172 0098 36       		.byte	0x36
 1173 0099 1E       		.byte	0x1e
 1174 009a 03       		.byte	0x3
 1175 009b 00000000 		.4byte	cfg_memset_list.4893
 1176 009f 22       		.byte	0x22
 1177 00a0 9F       		.byte	0x9f
 1178 00a1 00000000 		.4byte	0
 1179 00a5 00000000 		.4byte	0
 1180              		.section	.debug_aranges,"",%progbits
 1181 0000 34000000 		.4byte	0x34
 1182 0004 0200     		.2byte	0x2
 1183 0006 00000000 		.4byte	.Ldebug_info0
 1184 000a 04       		.byte	0x4
 1185 000b 00       		.byte	0
 1186 000c 0000     		.2byte	0
 1187 000e 0000     		.2byte	0
ARM GAS  C:\Users\iron\AppData\Local\Temp\cclrpIGF.s 			page 28


 1188 0010 00000000 		.4byte	.LFB6
 1189 0014 20000000 		.4byte	.LFE6-.LFB6
 1190 0018 00000000 		.4byte	.LFB2
 1191 001c 0C000000 		.4byte	.LFE2-.LFB2
 1192 0020 00000000 		.4byte	.LFB5
 1193 0024 D8000000 		.4byte	.LFE5-.LFB5
 1194 0028 D8000000 		.4byte	.LFB7
 1195 002c A0000000 		.4byte	.LFE7-.LFB7
 1196 0030 00000000 		.4byte	0
 1197 0034 00000000 		.4byte	0
 1198              		.section	.debug_ranges,"",%progbits
 1199              	.Ldebug_ranges0:
 1200 0000 00000000 		.4byte	.LFB6
 1201 0004 20000000 		.4byte	.LFE6
 1202 0008 00000000 		.4byte	.LFB2
 1203 000c 0C000000 		.4byte	.LFE2
 1204 0010 00000000 		.4byte	.LFB5
 1205 0014 D8000000 		.4byte	.LFE5
 1206 0018 D8000000 		.4byte	.LFB7
 1207 001c 78010000 		.4byte	.LFE7
 1208 0020 00000000 		.4byte	0
 1209 0024 00000000 		.4byte	0
 1210              		.section	.debug_line,"",%progbits
 1211              	.Ldebug_line0:
 1212 0000 5B010000 		.section	.debug_str,"MS",%progbits,1
 1212      0200E300 
 1212      00000201 
 1212      FB0E0D00 
 1212      01010101 
 1213              	.LASF27:
 1214 0000 43794465 		.ascii	"CyDelayCycles\000"
 1214      6C617943 
 1214      79636C65 
 1214      7300
 1215              	.LASF19:
 1216 000e 72656733 		.ascii	"reg32\000"
 1216      3200
 1217              	.LASF12:
 1218 0014 73697A65 		.ascii	"size_t\000"
 1218      5F7400
 1219              	.LASF37:
 1220 001b 416E616C 		.ascii	"AnalogSetDefault\000"
 1220      6F675365 
 1220      74446566 
 1220      61756C74 
 1220      00
 1221              	.LASF32:
 1222 002c 4379496E 		.ascii	"CyIntSetVector\000"
 1222      74536574 
 1222      56656374 
 1222      6F7200
 1223              	.LASF25:
 1224 003b 6366675F 		.ascii	"cfg_memset_list\000"
 1224      6D656D73 
 1224      65745F6C 
 1224      69737400 
 1225              	.LASF21:
ARM GAS  C:\Users\iron\AppData\Local\Temp\cclrpIGF.s 			page 29


 1226 004b 436C6F63 		.ascii	"ClockSetup\000"
 1226      6B536574 
 1226      757000
 1227              	.LASF6:
 1228 0056 73686F72 		.ascii	"short unsigned int\000"
 1228      7420756E 
 1228      7369676E 
 1228      65642069 
 1228      6E7400
 1229              	.LASF16:
 1230 0069 666C6F61 		.ascii	"float\000"
 1230      7400
 1231              	.LASF23:
 1232 006f 73697A65 		.ascii	"size\000"
 1232      00
 1233              	.LASF28:
 1234 0074 43795379 		.ascii	"CySysClkWcoSetPowerMode\000"
 1234      73436C6B 
 1234      57636F53 
 1234      6574506F 
 1234      7765724D 
 1235              	.LASF18:
 1236 008c 72656738 		.ascii	"reg8\000"
 1236      00
 1237              	.LASF8:
 1238 0091 6C6F6E67 		.ascii	"long unsigned int\000"
 1238      20756E73 
 1238      69676E65 
 1238      6420696E 
 1238      7400
 1239              	.LASF13:
 1240 00a3 75696E74 		.ascii	"uint8\000"
 1240      3800
 1241              	.LASF26:
 1242 00a9 43795379 		.ascii	"CySysClkWcoStart\000"
 1242      73436C6B 
 1242      57636F53 
 1242      74617274 
 1242      00
 1243              	.LASF20:
 1244 00ba 43594D45 		.ascii	"CYMEMZERO\000"
 1244      4D5A4552 
 1244      4F00
 1245              	.LASF4:
 1246 00c4 756E7369 		.ascii	"unsigned char\000"
 1246      676E6564 
 1246      20636861 
 1246      7200
 1247              	.LASF39:
 1248 00d2 6D656D73 		.ascii	"memset\000"
 1248      657400
 1249              	.LASF17:
 1250 00d9 646F7562 		.ascii	"double\000"
 1250      6C6500
 1251              	.LASF33:
 1252 00e0 4379496E 		.ascii	"CyIntEnable\000"
 1252      74456E61 
ARM GAS  C:\Users\iron\AppData\Local\Temp\cclrpIGF.s 			page 30


 1252      626C6500 
 1253              	.LASF14:
 1254 00ec 75696E74 		.ascii	"uint16\000"
 1254      313600
 1255              	.LASF15:
 1256 00f3 75696E74 		.ascii	"uint32\000"
 1256      333200
 1257              	.LASF0:
 1258 00fa 756E7369 		.ascii	"unsigned int\000"
 1258      676E6564 
 1258      20696E74 
 1258      00
 1259              	.LASF38:
 1260 0107 63796669 		.ascii	"cyfitter_cfg\000"
 1260      74746572 
 1260      5F636667 
 1260      00
 1261              	.LASF22:
 1262 0114 61646472 		.ascii	"address\000"
 1262      65737300 
 1263              	.LASF9:
 1264 011c 6C6F6E67 		.ascii	"long long unsigned int\000"
 1264      206C6F6E 
 1264      6720756E 
 1264      7369676E 
 1264      65642069 
 1265              	.LASF36:
 1266 0133 443A5C67 		.ascii	"D:\\git\\kmc724\\CY8CKit\\Workspace\\UART_printf.cy"
 1266      69745C6B 
 1266      6D633732 
 1266      345C4359 
 1266      38434B69 
 1267 0161 64736E00 		.ascii	"dsn\000"
 1268              	.LASF34:
 1269 0165 474E5520 		.ascii	"GNU C11 5.4.1 20160609 (release) [ARM/embedded-5-br"
 1269      43313120 
 1269      352E342E 
 1269      31203230 
 1269      31363036 
 1270 0198 616E6368 		.ascii	"anch revision 237715] -mcpu=cortex-m0 -mthumb -g -O"
 1270      20726576 
 1270      6973696F 
 1270      6E203233 
 1270      37373135 
 1271 01cb 67202D66 		.ascii	"g -ffunction-sections -ffat-lto-objects\000"
 1271      66756E63 
 1271      74696F6E 
 1271      2D736563 
 1271      74696F6E 
 1272              	.LASF24:
 1273 01f3 6366675F 		.ascii	"cfg_memset_t\000"
 1273      6D656D73 
 1273      65745F74 
 1273      00
 1274              	.LASF10:
 1275 0200 73697A65 		.ascii	"sizetype\000"
 1275      74797065 
ARM GAS  C:\Users\iron\AppData\Local\Temp\cclrpIGF.s 			page 31


 1275      00
 1276              	.LASF1:
 1277 0209 6C6F6E67 		.ascii	"long long int\000"
 1277      206C6F6E 
 1277      6720696E 
 1277      7400
 1278              	.LASF31:
 1279 0217 43794465 		.ascii	"CyDelayUs\000"
 1279      6C617955 
 1279      7300
 1280              	.LASF11:
 1281 0221 63686172 		.ascii	"char\000"
 1281      00
 1282              	.LASF30:
 1283 0226 43795379 		.ascii	"CySysClkEcoStart\000"
 1283      73436C6B 
 1283      45636F53 
 1283      74617274 
 1283      00
 1284              	.LASF5:
 1285 0237 73686F72 		.ascii	"short int\000"
 1285      7420696E 
 1285      7400
 1286              	.LASF29:
 1287 0241 43795379 		.ascii	"CySysClkWriteImoFreq\000"
 1287      73436C6B 
 1287      57726974 
 1287      65496D6F 
 1287      46726571 
 1288              	.LASF7:
 1289 0256 6C6F6E67 		.ascii	"long int\000"
 1289      20696E74 
 1289      00
 1290              	.LASF2:
 1291 025f 6C6F6E67 		.ascii	"long double\000"
 1291      20646F75 
 1291      626C6500 
 1292              	.LASF3:
 1293 026b 7369676E 		.ascii	"signed char\000"
 1293      65642063 
 1293      68617200 
 1294              	.LASF35:
 1295 0277 47656E65 		.ascii	"Generated_Source\\PSoC4\\cyfitter_cfg.c\000"
 1295      72617465 
 1295      645F536F 
 1295      75726365 
 1295      5C50536F 
 1296              		.ident	"GCC: (GNU Tools for ARM Embedded Processors) 5.4.1 20160609 (release) [ARM/embedded-5-bran
