ARM GAS  C:\Users\iron\AppData\Local\Temp\ccyhZ4DY.s 			page 1


   1              		.syntax unified
   2              		.cpu cortex-m0
   3              		.fpu softvfp
   4              		.eabi_attribute 20, 1
   5              		.eabi_attribute 21, 1
   6              		.eabi_attribute 23, 3
   7              		.eabi_attribute 24, 1
   8              		.eabi_attribute 25, 1
   9              		.eabi_attribute 26, 1
  10              		.eabi_attribute 30, 1
  11              		.eabi_attribute 34, 0
  12              		.eabi_attribute 18, 4
  13              		.thumb
  14              		.syntax unified
  15              		.file	"cyfitter_cfg.c"
  16              		.text
  17              	.Ltext0:
  18              		.cfi_sections	.debug_frame
  19              		.section	.text.AnalogSetDefault,"ax",%progbits
  20              		.align	2
  21              		.code	16
  22              		.thumb_func
  23              		.type	AnalogSetDefault, %function
  24              	AnalogSetDefault:
  25              	.LFB6:
  26              		.file 1 "Generated_Source\\PSoC4\\cyfitter_cfg.c"
   1:Generated_Source\PSoC4/cyfitter_cfg.c **** 
   2:Generated_Source\PSoC4/cyfitter_cfg.c **** /*******************************************************************************
   3:Generated_Source\PSoC4/cyfitter_cfg.c **** * File Name: cyfitter_cfg.c
   4:Generated_Source\PSoC4/cyfitter_cfg.c **** * 
   5:Generated_Source\PSoC4/cyfitter_cfg.c **** * PSoC Creator  4.2
   6:Generated_Source\PSoC4/cyfitter_cfg.c **** *
   7:Generated_Source\PSoC4/cyfitter_cfg.c **** * Description:
   8:Generated_Source\PSoC4/cyfitter_cfg.c **** * This file contains device initialization code.
   9:Generated_Source\PSoC4/cyfitter_cfg.c **** * Except for the user defined sections in CyClockStartupError(), this file should not be modified.
  10:Generated_Source\PSoC4/cyfitter_cfg.c **** * This file is automatically generated by PSoC Creator.
  11:Generated_Source\PSoC4/cyfitter_cfg.c **** *
  12:Generated_Source\PSoC4/cyfitter_cfg.c **** ********************************************************************************
  13:Generated_Source\PSoC4/cyfitter_cfg.c **** * Copyright (c) 2007-2018 Cypress Semiconductor.  All rights reserved.
  14:Generated_Source\PSoC4/cyfitter_cfg.c **** * You may use this file only in accordance with the license, terms, conditions, 
  15:Generated_Source\PSoC4/cyfitter_cfg.c **** * disclaimers, and limitations in the end user license agreement accompanying 
  16:Generated_Source\PSoC4/cyfitter_cfg.c **** * the software package with which this file was provided.
  17:Generated_Source\PSoC4/cyfitter_cfg.c **** ********************************************************************************/
  18:Generated_Source\PSoC4/cyfitter_cfg.c **** 
  19:Generated_Source\PSoC4/cyfitter_cfg.c **** #include <string.h>
  20:Generated_Source\PSoC4/cyfitter_cfg.c **** #include "cytypes.h"
  21:Generated_Source\PSoC4/cyfitter_cfg.c **** #include "cydevice_trm.h"
  22:Generated_Source\PSoC4/cyfitter_cfg.c **** #include "cyfitter.h"
  23:Generated_Source\PSoC4/cyfitter_cfg.c **** #include "CyLib.h"
  24:Generated_Source\PSoC4/cyfitter_cfg.c **** #include "CyLFClk.h"
  25:Generated_Source\PSoC4/cyfitter_cfg.c **** #include "cyfitter_cfg.h"
  26:Generated_Source\PSoC4/cyfitter_cfg.c **** #include "cyapicallbacks.h"
  27:Generated_Source\PSoC4/cyfitter_cfg.c **** 
  28:Generated_Source\PSoC4/cyfitter_cfg.c **** 
  29:Generated_Source\PSoC4/cyfitter_cfg.c **** #if defined(__GNUC__) || defined(__ARMCC_VERSION)
  30:Generated_Source\PSoC4/cyfitter_cfg.c ****     #define CYPACKED 
  31:Generated_Source\PSoC4/cyfitter_cfg.c ****     #define CYPACKED_ATTR __attribute__ ((packed))
ARM GAS  C:\Users\iron\AppData\Local\Temp\ccyhZ4DY.s 			page 2


  32:Generated_Source\PSoC4/cyfitter_cfg.c ****     #define CYALIGNED __attribute__ ((aligned))
  33:Generated_Source\PSoC4/cyfitter_cfg.c ****     #define CY_CFG_UNUSED __attribute__ ((unused))
  34:Generated_Source\PSoC4/cyfitter_cfg.c ****     #ifndef CY_CFG_SECTION
  35:Generated_Source\PSoC4/cyfitter_cfg.c ****         #define CY_CFG_SECTION __attribute__ ((section(".psocinit")))
  36:Generated_Source\PSoC4/cyfitter_cfg.c ****     #endif
  37:Generated_Source\PSoC4/cyfitter_cfg.c ****     
  38:Generated_Source\PSoC4/cyfitter_cfg.c ****     #if defined(__ARMCC_VERSION)
  39:Generated_Source\PSoC4/cyfitter_cfg.c ****         #define CY_CFG_MEMORY_BARRIER() __memory_changed()
  40:Generated_Source\PSoC4/cyfitter_cfg.c ****     #else
  41:Generated_Source\PSoC4/cyfitter_cfg.c ****         #define CY_CFG_MEMORY_BARRIER() __sync_synchronize()
  42:Generated_Source\PSoC4/cyfitter_cfg.c ****     #endif
  43:Generated_Source\PSoC4/cyfitter_cfg.c ****     
  44:Generated_Source\PSoC4/cyfitter_cfg.c **** #elif defined(__ICCARM__)
  45:Generated_Source\PSoC4/cyfitter_cfg.c ****     #include <intrinsics.h>
  46:Generated_Source\PSoC4/cyfitter_cfg.c **** 
  47:Generated_Source\PSoC4/cyfitter_cfg.c ****     #define CYPACKED __packed
  48:Generated_Source\PSoC4/cyfitter_cfg.c ****     #define CYPACKED_ATTR 
  49:Generated_Source\PSoC4/cyfitter_cfg.c ****     #define CYALIGNED _Pragma("data_alignment=4")
  50:Generated_Source\PSoC4/cyfitter_cfg.c ****     #define CY_CFG_UNUSED _Pragma("diag_suppress=Pe177")
  51:Generated_Source\PSoC4/cyfitter_cfg.c ****     #define CY_CFG_SECTION _Pragma("location=\".psocinit\"")
  52:Generated_Source\PSoC4/cyfitter_cfg.c ****     
  53:Generated_Source\PSoC4/cyfitter_cfg.c ****     #define CY_CFG_MEMORY_BARRIER() __DMB()
  54:Generated_Source\PSoC4/cyfitter_cfg.c ****     
  55:Generated_Source\PSoC4/cyfitter_cfg.c **** #else
  56:Generated_Source\PSoC4/cyfitter_cfg.c ****     #error Unsupported toolchain
  57:Generated_Source\PSoC4/cyfitter_cfg.c **** #endif
  58:Generated_Source\PSoC4/cyfitter_cfg.c **** 
  59:Generated_Source\PSoC4/cyfitter_cfg.c **** #ifndef CYCODE
  60:Generated_Source\PSoC4/cyfitter_cfg.c ****     #define CYCODE
  61:Generated_Source\PSoC4/cyfitter_cfg.c **** #endif
  62:Generated_Source\PSoC4/cyfitter_cfg.c **** #ifndef CYDATA
  63:Generated_Source\PSoC4/cyfitter_cfg.c ****     #define CYDATA
  64:Generated_Source\PSoC4/cyfitter_cfg.c **** #endif
  65:Generated_Source\PSoC4/cyfitter_cfg.c **** #ifndef CYFAR
  66:Generated_Source\PSoC4/cyfitter_cfg.c ****     #define CYFAR
  67:Generated_Source\PSoC4/cyfitter_cfg.c **** #endif
  68:Generated_Source\PSoC4/cyfitter_cfg.c **** #ifndef CYXDATA
  69:Generated_Source\PSoC4/cyfitter_cfg.c ****     #define CYXDATA
  70:Generated_Source\PSoC4/cyfitter_cfg.c **** #endif
  71:Generated_Source\PSoC4/cyfitter_cfg.c **** 
  72:Generated_Source\PSoC4/cyfitter_cfg.c **** 
  73:Generated_Source\PSoC4/cyfitter_cfg.c **** CY_CFG_UNUSED
  74:Generated_Source\PSoC4/cyfitter_cfg.c **** static void CYMEMZERO(void *s, size_t n);
  75:Generated_Source\PSoC4/cyfitter_cfg.c **** CY_CFG_UNUSED
  76:Generated_Source\PSoC4/cyfitter_cfg.c **** static void CYMEMZERO(void *s, size_t n)
  77:Generated_Source\PSoC4/cyfitter_cfg.c **** {
  78:Generated_Source\PSoC4/cyfitter_cfg.c **** 	(void)memset(s, 0, n);
  79:Generated_Source\PSoC4/cyfitter_cfg.c **** }
  80:Generated_Source\PSoC4/cyfitter_cfg.c **** CY_CFG_UNUSED
  81:Generated_Source\PSoC4/cyfitter_cfg.c **** static void CYCONFIGCPY(void *dest, const void *src, size_t n);
  82:Generated_Source\PSoC4/cyfitter_cfg.c **** CY_CFG_UNUSED
  83:Generated_Source\PSoC4/cyfitter_cfg.c **** static void CYCONFIGCPY(void *dest, const void *src, size_t n)
  84:Generated_Source\PSoC4/cyfitter_cfg.c **** {
  85:Generated_Source\PSoC4/cyfitter_cfg.c **** 	(void)memcpy(dest, src, n);
  86:Generated_Source\PSoC4/cyfitter_cfg.c **** }
  87:Generated_Source\PSoC4/cyfitter_cfg.c **** CY_CFG_UNUSED
  88:Generated_Source\PSoC4/cyfitter_cfg.c **** static void CYCONFIGCPYCODE(void *dest, const void *src, size_t n);
ARM GAS  C:\Users\iron\AppData\Local\Temp\ccyhZ4DY.s 			page 3


  89:Generated_Source\PSoC4/cyfitter_cfg.c **** CY_CFG_UNUSED
  90:Generated_Source\PSoC4/cyfitter_cfg.c **** static void CYCONFIGCPYCODE(void *dest, const void *src, size_t n)
  91:Generated_Source\PSoC4/cyfitter_cfg.c **** {
  92:Generated_Source\PSoC4/cyfitter_cfg.c **** 	(void)memcpy(dest, src, n);
  93:Generated_Source\PSoC4/cyfitter_cfg.c **** }
  94:Generated_Source\PSoC4/cyfitter_cfg.c **** 
  95:Generated_Source\PSoC4/cyfitter_cfg.c **** 
  96:Generated_Source\PSoC4/cyfitter_cfg.c **** 
  97:Generated_Source\PSoC4/cyfitter_cfg.c **** 
  98:Generated_Source\PSoC4/cyfitter_cfg.c **** /* Clock startup error codes                                                   */
  99:Generated_Source\PSoC4/cyfitter_cfg.c **** #define CYCLOCKSTART_NO_ERROR    0u
 100:Generated_Source\PSoC4/cyfitter_cfg.c **** #define CYCLOCKSTART_XTAL_ERROR  1u
 101:Generated_Source\PSoC4/cyfitter_cfg.c **** #define CYCLOCKSTART_32KHZ_ERROR 2u
 102:Generated_Source\PSoC4/cyfitter_cfg.c **** #define CYCLOCKSTART_PLL_ERROR   3u
 103:Generated_Source\PSoC4/cyfitter_cfg.c **** #define CYCLOCKSTART_FLL_ERROR   4u
 104:Generated_Source\PSoC4/cyfitter_cfg.c **** #define CYCLOCKSTART_WCO_ERROR   5u
 105:Generated_Source\PSoC4/cyfitter_cfg.c **** 
 106:Generated_Source\PSoC4/cyfitter_cfg.c **** 
 107:Generated_Source\PSoC4/cyfitter_cfg.c **** #ifdef CY_NEED_CYCLOCKSTARTUPERROR
 108:Generated_Source\PSoC4/cyfitter_cfg.c **** /*******************************************************************************
 109:Generated_Source\PSoC4/cyfitter_cfg.c **** * Function Name: CyClockStartupError
 110:Generated_Source\PSoC4/cyfitter_cfg.c **** ********************************************************************************
 111:Generated_Source\PSoC4/cyfitter_cfg.c **** * Summary:
 112:Generated_Source\PSoC4/cyfitter_cfg.c **** *  If an error is encountered during clock configuration (crystal startup error,
 113:Generated_Source\PSoC4/cyfitter_cfg.c **** *  PLL lock error, etc.), the system will end up here.  Unless reimplemented by
 114:Generated_Source\PSoC4/cyfitter_cfg.c **** *  the customer, this function will stop in an infinite loop.
 115:Generated_Source\PSoC4/cyfitter_cfg.c **** *
 116:Generated_Source\PSoC4/cyfitter_cfg.c **** * Parameters:
 117:Generated_Source\PSoC4/cyfitter_cfg.c **** *   void
 118:Generated_Source\PSoC4/cyfitter_cfg.c **** *
 119:Generated_Source\PSoC4/cyfitter_cfg.c **** * Return:
 120:Generated_Source\PSoC4/cyfitter_cfg.c **** *   void
 121:Generated_Source\PSoC4/cyfitter_cfg.c **** *
 122:Generated_Source\PSoC4/cyfitter_cfg.c **** *******************************************************************************/
 123:Generated_Source\PSoC4/cyfitter_cfg.c **** CY_CFG_UNUSED
 124:Generated_Source\PSoC4/cyfitter_cfg.c **** static void CyClockStartupError(uint8 errorCode);
 125:Generated_Source\PSoC4/cyfitter_cfg.c **** CY_CFG_UNUSED
 126:Generated_Source\PSoC4/cyfitter_cfg.c **** static void CyClockStartupError(uint8 errorCode)
 127:Generated_Source\PSoC4/cyfitter_cfg.c **** {
 128:Generated_Source\PSoC4/cyfitter_cfg.c ****     /* To remove the compiler warning if errorCode not used.                */
 129:Generated_Source\PSoC4/cyfitter_cfg.c ****     errorCode = errorCode;
 130:Generated_Source\PSoC4/cyfitter_cfg.c **** 
 131:Generated_Source\PSoC4/cyfitter_cfg.c ****     /* If we have a clock startup error (bad MHz crystal, PLL lock, etc.),  */
 132:Generated_Source\PSoC4/cyfitter_cfg.c ****     /* we will end up here to allow the customer to implement something to  */
 133:Generated_Source\PSoC4/cyfitter_cfg.c ****     /* deal with the clock condition.                                       */
 134:Generated_Source\PSoC4/cyfitter_cfg.c **** 
 135:Generated_Source\PSoC4/cyfitter_cfg.c **** #ifdef CY_CFG_CLOCK_STARTUP_ERROR_CALLBACK
 136:Generated_Source\PSoC4/cyfitter_cfg.c ****     CY_CFG_Clock_Startup_ErrorCallback();
 137:Generated_Source\PSoC4/cyfitter_cfg.c **** #else
 138:Generated_Source\PSoC4/cyfitter_cfg.c ****     /*  If not using CY_CFG_CLOCK_STARTUP_ERROR_CALLBACK, place your clock startup code here. */
 139:Generated_Source\PSoC4/cyfitter_cfg.c ****     /* `#START CyClockStartupError` */
 140:Generated_Source\PSoC4/cyfitter_cfg.c **** 
 141:Generated_Source\PSoC4/cyfitter_cfg.c **** 
 142:Generated_Source\PSoC4/cyfitter_cfg.c **** 
 143:Generated_Source\PSoC4/cyfitter_cfg.c ****     /* `#END` */
 144:Generated_Source\PSoC4/cyfitter_cfg.c **** 
 145:Generated_Source\PSoC4/cyfitter_cfg.c ****     while(1) {}
ARM GAS  C:\Users\iron\AppData\Local\Temp\ccyhZ4DY.s 			page 4


 146:Generated_Source\PSoC4/cyfitter_cfg.c **** #endif /* CY_CFG_CLOCK_STARTUP_ERROR_CALLBACK */
 147:Generated_Source\PSoC4/cyfitter_cfg.c **** }
 148:Generated_Source\PSoC4/cyfitter_cfg.c **** #endif
 149:Generated_Source\PSoC4/cyfitter_cfg.c **** 
 150:Generated_Source\PSoC4/cyfitter_cfg.c **** 
 151:Generated_Source\PSoC4/cyfitter_cfg.c **** 
 152:Generated_Source\PSoC4/cyfitter_cfg.c **** /*******************************************************************************
 153:Generated_Source\PSoC4/cyfitter_cfg.c **** * Function Name: ClockSetup
 154:Generated_Source\PSoC4/cyfitter_cfg.c **** ********************************************************************************
 155:Generated_Source\PSoC4/cyfitter_cfg.c **** *
 156:Generated_Source\PSoC4/cyfitter_cfg.c **** * Summary:
 157:Generated_Source\PSoC4/cyfitter_cfg.c **** *   Performs the initialization of all of the clocks in the device based on the
 158:Generated_Source\PSoC4/cyfitter_cfg.c **** *   settings in the Clock tab of the DWR.  This includes enabling the requested
 159:Generated_Source\PSoC4/cyfitter_cfg.c **** *   clocks and setting the necessary dividers to produce the desired frequency. 
 160:Generated_Source\PSoC4/cyfitter_cfg.c **** *
 161:Generated_Source\PSoC4/cyfitter_cfg.c **** * Parameters:
 162:Generated_Source\PSoC4/cyfitter_cfg.c **** *   void
 163:Generated_Source\PSoC4/cyfitter_cfg.c **** *
 164:Generated_Source\PSoC4/cyfitter_cfg.c **** * Return:
 165:Generated_Source\PSoC4/cyfitter_cfg.c **** *   void
 166:Generated_Source\PSoC4/cyfitter_cfg.c **** *
 167:Generated_Source\PSoC4/cyfitter_cfg.c **** *******************************************************************************/
 168:Generated_Source\PSoC4/cyfitter_cfg.c **** static void ClockSetup(void);
 169:Generated_Source\PSoC4/cyfitter_cfg.c **** CY_CFG_SECTION
 170:Generated_Source\PSoC4/cyfitter_cfg.c **** static void ClockSetup(void)
 171:Generated_Source\PSoC4/cyfitter_cfg.c **** {
 172:Generated_Source\PSoC4/cyfitter_cfg.c **** 
 173:Generated_Source\PSoC4/cyfitter_cfg.c **** 	/* Set Flash Cycles based on max possible frequency in case a glitch occurs during ClockSetup(). *
 174:Generated_Source\PSoC4/cyfitter_cfg.c **** 	CY_SET_REG32((void CYXDATA *)(CYREG_CPUSS_FLASH_CTL), (0x0012u));
 175:Generated_Source\PSoC4/cyfitter_cfg.c **** 
 176:Generated_Source\PSoC4/cyfitter_cfg.c **** 	/* Start the WCO */
 177:Generated_Source\PSoC4/cyfitter_cfg.c **** 	CySysClkWcoStart();
 178:Generated_Source\PSoC4/cyfitter_cfg.c **** 	CyDelayCycles(12000000u); /* WCO may take up to 500ms to start */
 179:Generated_Source\PSoC4/cyfitter_cfg.c **** 	(void)CySysClkWcoSetPowerMode(CY_SYS_CLK_WCO_LPM);    /* Switch to the low power mode */
 180:Generated_Source\PSoC4/cyfitter_cfg.c **** 
 181:Generated_Source\PSoC4/cyfitter_cfg.c **** 	/* Setup and trim IMO based on desired frequency. */
 182:Generated_Source\PSoC4/cyfitter_cfg.c **** 	CySysClkWriteImoFreq(48u);
 183:Generated_Source\PSoC4/cyfitter_cfg.c **** 	/* CYDEV_CLK_ILO_CONFIG Starting address: CYDEV_CLK_ILO_CONFIG */
 184:Generated_Source\PSoC4/cyfitter_cfg.c **** 	CY_SET_REG32((void *)(CYREG_CLK_ILO_CONFIG), 0x80000006u);
 185:Generated_Source\PSoC4/cyfitter_cfg.c **** 
 186:Generated_Source\PSoC4/cyfitter_cfg.c **** 	/* CYDEV_WDT_CONFIG Starting address: CYDEV_WDT_CONFIG */
 187:Generated_Source\PSoC4/cyfitter_cfg.c **** 	CY_SET_REG32((void *)(CYREG_WDT_CONFIG), 0x40000000u);
 188:Generated_Source\PSoC4/cyfitter_cfg.c **** 
 189:Generated_Source\PSoC4/cyfitter_cfg.c **** 
 190:Generated_Source\PSoC4/cyfitter_cfg.c **** 	/* Enable fast start mode for XO */
 191:Generated_Source\PSoC4/cyfitter_cfg.c **** 	CY_SET_REG32((void*)CYREG_BLE_BLERD_BB_XO, CY_GET_REG32((void*)CYREG_BLE_BLERD_BB_XO) | (uint32)0x
 192:Generated_Source\PSoC4/cyfitter_cfg.c **** 	CY_SET_REG32((void *)(CYREG_BLE_BLERD_BB_XO_CAPTRIM), 0x00003E2Du);
 193:Generated_Source\PSoC4/cyfitter_cfg.c **** 	/*Set XTAL(ECO) divider*/
 194:Generated_Source\PSoC4/cyfitter_cfg.c **** 	CY_SET_REG32((void *)(CYREG_BLE_BLESS_XTAL_CLK_DIV_CONFIG), 0x00000000u);
 195:Generated_Source\PSoC4/cyfitter_cfg.c **** 	/* Disable Crystal Stable Interrupt before enabling ECO */
 196:Generated_Source\PSoC4/cyfitter_cfg.c **** 	CY_SET_REG32((void*)CYREG_BLE_BLESS_LL_DSM_CTRL, CY_GET_REG32((void*)CYREG_BLE_BLESS_LL_DSM_CTRL) 
 197:Generated_Source\PSoC4/cyfitter_cfg.c **** 	/* Start the ECO and do not check status since it is not needed for HFCLK */
 198:Generated_Source\PSoC4/cyfitter_cfg.c **** 	(void)CySysClkEcoStart(2000u);
 199:Generated_Source\PSoC4/cyfitter_cfg.c **** 	CyDelayUs(1500u); /* Wait to stabilize */
 200:Generated_Source\PSoC4/cyfitter_cfg.c **** 
 201:Generated_Source\PSoC4/cyfitter_cfg.c **** 	/* Setup phase aligned clocks */
 202:Generated_Source\PSoC4/cyfitter_cfg.c **** 	CY_SET_REG32((void *)CYREG_PERI_DIV_16_CTL0, 0x00002200u);
ARM GAS  C:\Users\iron\AppData\Local\Temp\ccyhZ4DY.s 			page 5


 203:Generated_Source\PSoC4/cyfitter_cfg.c **** 	CY_SET_REG32((void *)CYREG_PERI_DIV_CMD, 0x8000FF40u);
 204:Generated_Source\PSoC4/cyfitter_cfg.c **** 	CY_SET_REG32((void *)CYREG_PERI_DIV_16_CTL1, 0x00002200u);
 205:Generated_Source\PSoC4/cyfitter_cfg.c **** 	CY_SET_REG32((void *)CYREG_PERI_DIV_CMD, 0x8000FF41u);
 206:Generated_Source\PSoC4/cyfitter_cfg.c **** 
 207:Generated_Source\PSoC4/cyfitter_cfg.c **** 	/* CYDEV_CLK_IMO_CONFIG Starting address: CYDEV_CLK_IMO_CONFIG */
 208:Generated_Source\PSoC4/cyfitter_cfg.c **** 	CY_SET_REG32((void *)(CYREG_CLK_IMO_CONFIG), 0x80000000u);
 209:Generated_Source\PSoC4/cyfitter_cfg.c **** 
 210:Generated_Source\PSoC4/cyfitter_cfg.c **** 	/* CYDEV_CLK_SELECT Starting address: CYDEV_CLK_SELECT */
 211:Generated_Source\PSoC4/cyfitter_cfg.c **** 	CY_SET_REG32((void *)(CYREG_CLK_SELECT), 0x00040000u);
 212:Generated_Source\PSoC4/cyfitter_cfg.c **** 
 213:Generated_Source\PSoC4/cyfitter_cfg.c **** 	/* CYDEV_PERI_PCLK_CTL2 Starting address: CYDEV_PERI_PCLK_CTL2 */
 214:Generated_Source\PSoC4/cyfitter_cfg.c **** 	CY_SET_REG32((void *)(CYREG_PERI_PCLK_CTL2), 0x00000040u);
 215:Generated_Source\PSoC4/cyfitter_cfg.c **** 
 216:Generated_Source\PSoC4/cyfitter_cfg.c **** 	/* CYDEV_PERI_PCLK_CTL1 Starting address: CYDEV_PERI_PCLK_CTL1 */
 217:Generated_Source\PSoC4/cyfitter_cfg.c **** 	CY_SET_REG32((void *)(CYREG_PERI_PCLK_CTL1), 0x00000041u);
 218:Generated_Source\PSoC4/cyfitter_cfg.c **** 
 219:Generated_Source\PSoC4/cyfitter_cfg.c **** 	(void)CyIntSetVector(8u, &CySysWdtIsr);
 220:Generated_Source\PSoC4/cyfitter_cfg.c **** 	CyIntEnable(8u);
 221:Generated_Source\PSoC4/cyfitter_cfg.c **** 	CY_SET_REG32((void *)(CYREG_WDT_CONFIG), 0x40000000u);
 222:Generated_Source\PSoC4/cyfitter_cfg.c **** }
 223:Generated_Source\PSoC4/cyfitter_cfg.c **** 
 224:Generated_Source\PSoC4/cyfitter_cfg.c **** 
 225:Generated_Source\PSoC4/cyfitter_cfg.c **** /* Analog API Functions */
 226:Generated_Source\PSoC4/cyfitter_cfg.c **** 
 227:Generated_Source\PSoC4/cyfitter_cfg.c **** 
 228:Generated_Source\PSoC4/cyfitter_cfg.c **** /*******************************************************************************
 229:Generated_Source\PSoC4/cyfitter_cfg.c **** * Function Name: AnalogSetDefault
 230:Generated_Source\PSoC4/cyfitter_cfg.c **** ********************************************************************************
 231:Generated_Source\PSoC4/cyfitter_cfg.c **** *
 232:Generated_Source\PSoC4/cyfitter_cfg.c **** * Summary:
 233:Generated_Source\PSoC4/cyfitter_cfg.c **** *  Sets up the analog portions of the chip to default values based on chip
 234:Generated_Source\PSoC4/cyfitter_cfg.c **** *  configuration options from the project.
 235:Generated_Source\PSoC4/cyfitter_cfg.c **** *
 236:Generated_Source\PSoC4/cyfitter_cfg.c **** * Parameters:
 237:Generated_Source\PSoC4/cyfitter_cfg.c **** *  void
 238:Generated_Source\PSoC4/cyfitter_cfg.c **** *
 239:Generated_Source\PSoC4/cyfitter_cfg.c **** * Return:
 240:Generated_Source\PSoC4/cyfitter_cfg.c **** *  void
 241:Generated_Source\PSoC4/cyfitter_cfg.c **** *
 242:Generated_Source\PSoC4/cyfitter_cfg.c **** *******************************************************************************/
 243:Generated_Source\PSoC4/cyfitter_cfg.c **** static void AnalogSetDefault(void);
 244:Generated_Source\PSoC4/cyfitter_cfg.c **** static void AnalogSetDefault(void)
 245:Generated_Source\PSoC4/cyfitter_cfg.c **** {
  27              		.loc 1 245 0
  28              		.cfi_startproc
  29              		@ args = 0, pretend = 0, frame = 0
  30              		@ frame_needed = 0, uses_anonymous_args = 0
  31              		@ link register save eliminated.
 246:Generated_Source\PSoC4/cyfitter_cfg.c **** 	CY_SET_XTND_REG32((void CYFAR *)CYREG_CTBM0_DFT_CTRL, 0x00000003u);
  32              		.loc 1 246 0
  33 0000 0323     		movs	r3, #3
  34 0002 044A     		ldr	r2, .L2
  35 0004 1360     		str	r3, [r2]
 247:Generated_Source\PSoC4/cyfitter_cfg.c **** 	CY_SET_XTND_REG32((void CYFAR *)CYREG_CTBM1_DFT_CTRL, 0x00000003u);
  36              		.loc 1 247 0
  37 0006 044A     		ldr	r2, .L2+4
  38 0008 1360     		str	r3, [r2]
ARM GAS  C:\Users\iron\AppData\Local\Temp\ccyhZ4DY.s 			page 6


 248:Generated_Source\PSoC4/cyfitter_cfg.c **** 	CY_SET_XTND_REG32((void CYFAR *)CYREG_PASS_DSAB_DSAB_CTRL, 0x00000000u);
  39              		.loc 1 248 0
  40 000a 0022     		movs	r2, #0
  41 000c 034B     		ldr	r3, .L2+8
  42 000e 1A60     		str	r2, [r3]
 249:Generated_Source\PSoC4/cyfitter_cfg.c **** }
  43              		.loc 1 249 0
  44              		@ sp needed
  45 0010 7047     		bx	lr
  46              	.L3:
  47 0012 C046     		.align	2
  48              	.L2:
  49 0014 30003040 		.word	1076887600
  50 0018 30003140 		.word	1076953136
  51 001c 000E3F40 		.word	1077874176
  52              		.cfi_endproc
  53              	.LFE6:
  54              		.size	AnalogSetDefault, .-AnalogSetDefault
  55              		.section	.text.CYMEMZERO,"ax",%progbits
  56              		.align	2
  57              		.code	16
  58              		.thumb_func
  59              		.type	CYMEMZERO, %function
  60              	CYMEMZERO:
  61              	.LFB2:
  77:Generated_Source\PSoC4/cyfitter_cfg.c **** 	(void)memset(s, 0, n);
  62              		.loc 1 77 0
  63              		.cfi_startproc
  64              		@ args = 0, pretend = 0, frame = 0
  65              		@ frame_needed = 0, uses_anonymous_args = 0
  66              	.LVL0:
  67 0000 10B5     		push	{r4, lr}
  68              		.cfi_def_cfa_offset 8
  69              		.cfi_offset 4, -8
  70              		.cfi_offset 14, -4
  71 0002 0A00     		movs	r2, r1
  78:Generated_Source\PSoC4/cyfitter_cfg.c **** }
  72              		.loc 1 78 0
  73 0004 0021     		movs	r1, #0
  74              	.LVL1:
  75 0006 FFF7FEFF 		bl	memset
  76              	.LVL2:
  79:Generated_Source\PSoC4/cyfitter_cfg.c **** CY_CFG_UNUSED
  77              		.loc 1 79 0
  78              		@ sp needed
  79 000a 10BD     		pop	{r4, pc}
  80              		.cfi_endproc
  81              	.LFE2:
  82              		.size	CYMEMZERO, .-CYMEMZERO
  83              		.section	.psocinit,"ax",%progbits
  84              		.align	2
  85              		.code	16
  86              		.thumb_func
  87              		.type	ClockSetup, %function
  88              	ClockSetup:
  89              	.LFB5:
 171:Generated_Source\PSoC4/cyfitter_cfg.c **** 
ARM GAS  C:\Users\iron\AppData\Local\Temp\ccyhZ4DY.s 			page 7


  90              		.loc 1 171 0
  91              		.cfi_startproc
  92              		@ args = 0, pretend = 0, frame = 0
  93              		@ frame_needed = 0, uses_anonymous_args = 0
  94 0000 70B5     		push	{r4, r5, r6, lr}
  95              		.cfi_def_cfa_offset 16
  96              		.cfi_offset 4, -16
  97              		.cfi_offset 5, -12
  98              		.cfi_offset 6, -8
  99              		.cfi_offset 14, -4
 174:Generated_Source\PSoC4/cyfitter_cfg.c **** 
 100              		.loc 1 174 0
 101 0002 1222     		movs	r2, #18
 102 0004 264B     		ldr	r3, .L6
 103 0006 1A60     		str	r2, [r3]
 177:Generated_Source\PSoC4/cyfitter_cfg.c **** 	CyDelayCycles(12000000u); /* WCO may take up to 500ms to start */
 104              		.loc 1 177 0
 105 0008 FFF7FEFF 		bl	CySysClkWcoStart
 106              	.LVL3:
 178:Generated_Source\PSoC4/cyfitter_cfg.c **** 	(void)CySysClkWcoSetPowerMode(CY_SYS_CLK_WCO_LPM);    /* Switch to the low power mode */
 107              		.loc 1 178 0
 108 000c 2548     		ldr	r0, .L6+4
 109 000e FFF7FEFF 		bl	CyDelayCycles
 110              	.LVL4:
 179:Generated_Source\PSoC4/cyfitter_cfg.c **** 
 111              		.loc 1 179 0
 112 0012 0120     		movs	r0, #1
 113 0014 FFF7FEFF 		bl	CySysClkWcoSetPowerMode
 114              	.LVL5:
 182:Generated_Source\PSoC4/cyfitter_cfg.c **** 	/* CYDEV_CLK_ILO_CONFIG Starting address: CYDEV_CLK_ILO_CONFIG */
 115              		.loc 1 182 0
 116 0018 3020     		movs	r0, #48
 117 001a FFF7FEFF 		bl	CySysClkWriteImoFreq
 118              	.LVL6:
 184:Generated_Source\PSoC4/cyfitter_cfg.c **** 
 119              		.loc 1 184 0
 120 001e 224A     		ldr	r2, .L6+8
 121 0020 224B     		ldr	r3, .L6+12
 122 0022 1A60     		str	r2, [r3]
 187:Generated_Source\PSoC4/cyfitter_cfg.c **** 
 123              		.loc 1 187 0
 124 0024 224C     		ldr	r4, .L6+16
 125 0026 8025     		movs	r5, #128
 126 0028 ED05     		lsls	r5, r5, #23
 127 002a 2560     		str	r5, [r4]
 191:Generated_Source\PSoC4/cyfitter_cfg.c **** 	CY_SET_REG32((void *)(CYREG_BLE_BLERD_BB_XO_CAPTRIM), 0x00003E2Du);
 128              		.loc 1 191 0
 129 002c 214A     		ldr	r2, .L6+20
 130 002e 1168     		ldr	r1, [r2]
 131 0030 0223     		movs	r3, #2
 132 0032 0B43     		orrs	r3, r1
 133 0034 1360     		str	r3, [r2]
 192:Generated_Source\PSoC4/cyfitter_cfg.c **** 	/*Set XTAL(ECO) divider*/
 134              		.loc 1 192 0
 135 0036 204A     		ldr	r2, .L6+24
 136 0038 204B     		ldr	r3, .L6+28
 137 003a 1A60     		str	r2, [r3]
ARM GAS  C:\Users\iron\AppData\Local\Temp\ccyhZ4DY.s 			page 8


 194:Generated_Source\PSoC4/cyfitter_cfg.c **** 	/* Disable Crystal Stable Interrupt before enabling ECO */
 138              		.loc 1 194 0
 139 003c 0022     		movs	r2, #0
 140 003e 204B     		ldr	r3, .L6+32
 141 0040 1A60     		str	r2, [r3]
 196:Generated_Source\PSoC4/cyfitter_cfg.c **** 	/* Start the ECO and do not check status since it is not needed for HFCLK */
 142              		.loc 1 196 0
 143 0042 204A     		ldr	r2, .L6+36
 144 0044 1368     		ldr	r3, [r2]
 145 0046 0821     		movs	r1, #8
 146 0048 8B43     		bics	r3, r1
 147 004a 1360     		str	r3, [r2]
 198:Generated_Source\PSoC4/cyfitter_cfg.c **** 	CyDelayUs(1500u); /* Wait to stabilize */
 148              		.loc 1 198 0
 149 004c FA20     		movs	r0, #250
 150 004e C000     		lsls	r0, r0, #3
 151 0050 FFF7FEFF 		bl	CySysClkEcoStart
 152              	.LVL7:
 199:Generated_Source\PSoC4/cyfitter_cfg.c **** 
 153              		.loc 1 199 0
 154 0054 1C48     		ldr	r0, .L6+40
 155 0056 FFF7FEFF 		bl	CyDelayUs
 156              	.LVL8:
 202:Generated_Source\PSoC4/cyfitter_cfg.c **** 	CY_SET_REG32((void *)CYREG_PERI_DIV_CMD, 0x8000FF40u);
 157              		.loc 1 202 0
 158 005a 8822     		movs	r2, #136
 159 005c 9201     		lsls	r2, r2, #6
 160 005e 1B4B     		ldr	r3, .L6+44
 161 0060 1A60     		str	r2, [r3]
 203:Generated_Source\PSoC4/cyfitter_cfg.c **** 	CY_SET_REG32((void *)CYREG_PERI_DIV_16_CTL1, 0x00002200u);
 162              		.loc 1 203 0
 163 0062 1B4B     		ldr	r3, .L6+48
 164 0064 1B49     		ldr	r1, .L6+52
 165 0066 1960     		str	r1, [r3]
 204:Generated_Source\PSoC4/cyfitter_cfg.c **** 	CY_SET_REG32((void *)CYREG_PERI_DIV_CMD, 0x8000FF41u);
 166              		.loc 1 204 0
 167 0068 1B49     		ldr	r1, .L6+56
 168 006a 0A60     		str	r2, [r1]
 205:Generated_Source\PSoC4/cyfitter_cfg.c **** 
 169              		.loc 1 205 0
 170 006c 1B4A     		ldr	r2, .L6+60
 171 006e 1A60     		str	r2, [r3]
 208:Generated_Source\PSoC4/cyfitter_cfg.c **** 
 172              		.loc 1 208 0
 173 0070 8022     		movs	r2, #128
 174 0072 1206     		lsls	r2, r2, #24
 175 0074 1A4B     		ldr	r3, .L6+64
 176 0076 1A60     		str	r2, [r3]
 211:Generated_Source\PSoC4/cyfitter_cfg.c **** 
 177              		.loc 1 211 0
 178 0078 8022     		movs	r2, #128
 179 007a D202     		lsls	r2, r2, #11
 180 007c 194B     		ldr	r3, .L6+68
 181 007e 1A60     		str	r2, [r3]
 214:Generated_Source\PSoC4/cyfitter_cfg.c **** 
 182              		.loc 1 214 0
 183 0080 4022     		movs	r2, #64
ARM GAS  C:\Users\iron\AppData\Local\Temp\ccyhZ4DY.s 			page 9


 184 0082 194B     		ldr	r3, .L6+72
 185 0084 1A60     		str	r2, [r3]
 217:Generated_Source\PSoC4/cyfitter_cfg.c **** 
 186              		.loc 1 217 0
 187 0086 0132     		adds	r2, r2, #1
 188 0088 184B     		ldr	r3, .L6+76
 189 008a 1A60     		str	r2, [r3]
 219:Generated_Source\PSoC4/cyfitter_cfg.c **** 	CyIntEnable(8u);
 190              		.loc 1 219 0
 191 008c 1849     		ldr	r1, .L6+80
 192 008e 0820     		movs	r0, #8
 193 0090 FFF7FEFF 		bl	CyIntSetVector
 194              	.LVL9:
 220:Generated_Source\PSoC4/cyfitter_cfg.c **** 	CY_SET_REG32((void *)(CYREG_WDT_CONFIG), 0x40000000u);
 195              		.loc 1 220 0
 196 0094 0820     		movs	r0, #8
 197 0096 FFF7FEFF 		bl	CyIntEnable
 198              	.LVL10:
 221:Generated_Source\PSoC4/cyfitter_cfg.c **** }
 199              		.loc 1 221 0
 200 009a 2560     		str	r5, [r4]
 222:Generated_Source\PSoC4/cyfitter_cfg.c **** 
 201              		.loc 1 222 0
 202              		@ sp needed
 203 009c 70BD     		pop	{r4, r5, r6, pc}
 204              	.L7:
 205 009e C046     		.align	2
 206              	.L6:
 207 00a0 30001040 		.word	1074790448
 208 00a4 001BB700 		.word	12000000
 209 00a8 06000080 		.word	-2147483642
 210 00ac 04010B40 		.word	1074462980
 211 00b0 0C020B40 		.word	1074463244
 212 00b4 78002E40 		.word	1076756600
 213 00b8 2D3E0000 		.word	15917
 214 00bc 7C002E40 		.word	1076756604
 215 00c0 64F02E40 		.word	1076818020
 216 00c4 6CF02E40 		.word	1076818028
 217 00c8 DC050000 		.word	1500
 218 00cc 00030140 		.word	1073808128
 219 00d0 00000140 		.word	1073807360
 220 00d4 40FF0080 		.word	-2147418304
 221 00d8 04030140 		.word	1073808132
 222 00dc 41FF0080 		.word	-2147418303
 223 00e0 08010B40 		.word	1074462984
 224 00e4 00010B40 		.word	1074462976
 225 00e8 08010140 		.word	1073807624
 226 00ec 04010140 		.word	1073807620
 227 00f0 00000000 		.word	CySysWdtIsr
 228              		.cfi_endproc
 229              	.LFE5:
 230              		.size	ClockSetup, .-ClockSetup
 231              		.align	2
 232              		.global	cyfitter_cfg
 233              		.code	16
 234              		.thumb_func
 235              		.type	cyfitter_cfg, %function
ARM GAS  C:\Users\iron\AppData\Local\Temp\ccyhZ4DY.s 			page 10


 236              	cyfitter_cfg:
 237              	.LFB7:
 250:Generated_Source\PSoC4/cyfitter_cfg.c **** 
 251:Generated_Source\PSoC4/cyfitter_cfg.c **** 
 252:Generated_Source\PSoC4/cyfitter_cfg.c **** 
 253:Generated_Source\PSoC4/cyfitter_cfg.c **** 
 254:Generated_Source\PSoC4/cyfitter_cfg.c **** /*******************************************************************************
 255:Generated_Source\PSoC4/cyfitter_cfg.c **** * Function Name: cyfitter_cfg
 256:Generated_Source\PSoC4/cyfitter_cfg.c **** ********************************************************************************
 257:Generated_Source\PSoC4/cyfitter_cfg.c **** * Summary:
 258:Generated_Source\PSoC4/cyfitter_cfg.c **** *  This function is called by the start-up code for the selected device. It
 259:Generated_Source\PSoC4/cyfitter_cfg.c **** *  performs all of the necessary device configuration based on the design
 260:Generated_Source\PSoC4/cyfitter_cfg.c **** *  settings.  This includes settings from the Design Wide Resources (DWR) such
 261:Generated_Source\PSoC4/cyfitter_cfg.c **** *  as Clocks and Pins as well as any component configuration that is necessary.
 262:Generated_Source\PSoC4/cyfitter_cfg.c **** *
 263:Generated_Source\PSoC4/cyfitter_cfg.c **** * Parameters:
 264:Generated_Source\PSoC4/cyfitter_cfg.c **** *   void
 265:Generated_Source\PSoC4/cyfitter_cfg.c **** *
 266:Generated_Source\PSoC4/cyfitter_cfg.c **** * Return:
 267:Generated_Source\PSoC4/cyfitter_cfg.c **** *   void
 268:Generated_Source\PSoC4/cyfitter_cfg.c **** *
 269:Generated_Source\PSoC4/cyfitter_cfg.c **** *******************************************************************************/
 270:Generated_Source\PSoC4/cyfitter_cfg.c **** CY_CFG_SECTION
 271:Generated_Source\PSoC4/cyfitter_cfg.c **** void cyfitter_cfg(void)
 272:Generated_Source\PSoC4/cyfitter_cfg.c **** {
 238              		.loc 1 272 0
 239              		.cfi_startproc
 240              		@ args = 0, pretend = 0, frame = 0
 241              		@ frame_needed = 0, uses_anonymous_args = 0
 242 00f4 10B5     		push	{r4, lr}
 243              		.cfi_def_cfa_offset 8
 244              		.cfi_offset 4, -8
 245              		.cfi_offset 14, -4
 273:Generated_Source\PSoC4/cyfitter_cfg.c **** 	/* Disable interrupts by default. Let user enable if/when they want. */
 274:Generated_Source\PSoC4/cyfitter_cfg.c **** 	CyGlobalIntDisable;
 246              		.loc 1 274 0
 247              		.syntax divided
 248              	@ 274 "Generated_Source\PSoC4\cyfitter_cfg.c" 1
 249 00f6 72B6     		CPSID   i
 250              	@ 0 "" 2
 275:Generated_Source\PSoC4/cyfitter_cfg.c **** 
 276:Generated_Source\PSoC4/cyfitter_cfg.c **** 	CY_SET_REG32((void *)(CYREG_BLE_BLESS_LL_DSM_CTRL), 0x00000000u);
 251              		.loc 1 276 0
 252              		.thumb
 253              		.syntax unified
 254 00f8 0022     		movs	r2, #0
 255 00fa 1C4B     		ldr	r3, .L11
 256 00fc 1A60     		str	r2, [r3]
 257              	.LVL11:
 258              	.LBB2:
 277:Generated_Source\PSoC4/cyfitter_cfg.c **** 
 278:Generated_Source\PSoC4/cyfitter_cfg.c **** 	{
 279:Generated_Source\PSoC4/cyfitter_cfg.c **** 
 280:Generated_Source\PSoC4/cyfitter_cfg.c **** 		CYPACKED typedef struct {
 281:Generated_Source\PSoC4/cyfitter_cfg.c **** 			void CYFAR *address;
 282:Generated_Source\PSoC4/cyfitter_cfg.c **** 			uint16 size;
 283:Generated_Source\PSoC4/cyfitter_cfg.c **** 		} CYPACKED_ATTR cfg_memset_t;
ARM GAS  C:\Users\iron\AppData\Local\Temp\ccyhZ4DY.s 			page 11


 284:Generated_Source\PSoC4/cyfitter_cfg.c **** 
 285:Generated_Source\PSoC4/cyfitter_cfg.c **** 		static const cfg_memset_t CYCODE cfg_memset_list[] = {
 286:Generated_Source\PSoC4/cyfitter_cfg.c **** 			/* address, size */
 287:Generated_Source\PSoC4/cyfitter_cfg.c **** 			{(void CYFAR *)(CYDEV_UDB_P0_U0_BASE), 1024u},
 288:Generated_Source\PSoC4/cyfitter_cfg.c **** 			{(void CYFAR *)(CYDEV_UDB_DSI0_BASE), 1024u},
 289:Generated_Source\PSoC4/cyfitter_cfg.c **** 		};
 290:Generated_Source\PSoC4/cyfitter_cfg.c **** 
 291:Generated_Source\PSoC4/cyfitter_cfg.c **** 		uint8 CYDATA i;
 292:Generated_Source\PSoC4/cyfitter_cfg.c **** 
 293:Generated_Source\PSoC4/cyfitter_cfg.c **** 		/* Zero out critical memory blocks before beginning configuration */
 294:Generated_Source\PSoC4/cyfitter_cfg.c **** 		for (i = 0u; i < (sizeof(cfg_memset_list)/sizeof(cfg_memset_list[0])); i++)
 259              		.loc 1 294 0
 260 00fe 0024     		movs	r4, #0
 261 0100 0FE0     		b	.L9
 262              	.LVL12:
 263              	.L10:
 264              	.LBB3:
 295:Generated_Source\PSoC4/cyfitter_cfg.c **** 		{
 296:Generated_Source\PSoC4/cyfitter_cfg.c **** 			const cfg_memset_t CYCODE * CYDATA ms = &cfg_memset_list[i];
 297:Generated_Source\PSoC4/cyfitter_cfg.c **** 			CYMEMZERO(ms->address, (size_t)(uint32)(ms->size));
 265              		.loc 1 297 0 discriminator 3
 266 0102 1B48     		ldr	r0, .L11+4
 267 0104 6200     		lsls	r2, r4, #1
 268 0106 1319     		adds	r3, r2, r4
 269 0108 5900     		lsls	r1, r3, #1
 270 010a 0B00     		movs	r3, r1
 271 010c 4118     		adds	r1, r0, r1
 272 010e 8988     		ldrh	r1, [r1, #4]
 273 0110 1A5A     		ldrh	r2, [r3, r0]
 274 0112 C318     		adds	r3, r0, r3
 275 0114 5888     		ldrh	r0, [r3, #2]
 276 0116 0004     		lsls	r0, r0, #16
 277 0118 1043     		orrs	r0, r2
 278 011a FFF7FEFF 		bl	CYMEMZERO
 279              	.LVL13:
 280              	.LBE3:
 294:Generated_Source\PSoC4/cyfitter_cfg.c **** 		{
 281              		.loc 1 294 0 discriminator 3
 282 011e 0134     		adds	r4, r4, #1
 283              	.LVL14:
 284 0120 E4B2     		uxtb	r4, r4
 285              	.LVL15:
 286              	.L9:
 294:Generated_Source\PSoC4/cyfitter_cfg.c **** 		{
 287              		.loc 1 294 0 is_stmt 0 discriminator 1
 288 0122 012C     		cmp	r4, #1
 289 0124 EDD9     		bls	.L10
 298:Generated_Source\PSoC4/cyfitter_cfg.c **** 		}
 299:Generated_Source\PSoC4/cyfitter_cfg.c **** 
 300:Generated_Source\PSoC4/cyfitter_cfg.c **** 		/* HSIOM Starting address: CYDEV_HSIOM_BASE */
 301:Generated_Source\PSoC4/cyfitter_cfg.c **** 		CY_SET_REG32((void *)(CYDEV_HSIOM_BASE), 0xEE000099u);
 290              		.loc 1 301 0 is_stmt 1
 291 0126 134A     		ldr	r2, .L11+8
 292 0128 134B     		ldr	r3, .L11+12
 293 012a 1A60     		str	r2, [r3]
 302:Generated_Source\PSoC4/cyfitter_cfg.c **** 		CY_SET_REG32((void *)(CYREG_HSIOM_PORT_SEL1), 0x00990000u);
 294              		.loc 1 302 0
ARM GAS  C:\Users\iron\AppData\Local\Temp\ccyhZ4DY.s 			page 12


 295 012c 9923     		movs	r3, #153
 296 012e 1B04     		lsls	r3, r3, #16
 297 0130 124A     		ldr	r2, .L11+16
 298 0132 1360     		str	r3, [r2]
 303:Generated_Source\PSoC4/cyfitter_cfg.c **** 
 304:Generated_Source\PSoC4/cyfitter_cfg.c **** 		/* UDB_PA_0 Starting address: CYDEV_UDB_PA0_BASE */
 305:Generated_Source\PSoC4/cyfitter_cfg.c **** 		CY_SET_REG32((void *)(CYDEV_UDB_PA0_BASE), 0x00990000u);
 299              		.loc 1 305 0
 300 0134 124A     		ldr	r2, .L11+20
 301 0136 1360     		str	r3, [r2]
 306:Generated_Source\PSoC4/cyfitter_cfg.c **** 
 307:Generated_Source\PSoC4/cyfitter_cfg.c **** 		/* UDB_PA_1 Starting address: CYDEV_UDB_PA1_BASE */
 308:Generated_Source\PSoC4/cyfitter_cfg.c **** 		CY_SET_REG32((void *)(CYDEV_UDB_PA1_BASE), 0x00990000u);
 302              		.loc 1 308 0
 303 0138 124A     		ldr	r2, .L11+24
 304 013a 1360     		str	r3, [r2]
 309:Generated_Source\PSoC4/cyfitter_cfg.c **** 
 310:Generated_Source\PSoC4/cyfitter_cfg.c **** 		/* Enable digital routing */
 311:Generated_Source\PSoC4/cyfitter_cfg.c **** 		CY_SET_XTND_REG8((void *)CYREG_UDB_UDBIF_BANK_CTL, (uint8)(CY_GET_XTND_REG8((void *)CYREG_UDB_UDB
 305              		.loc 1 311 0
 306 013c 124A     		ldr	r2, .L11+28
 307 013e 1178     		ldrb	r1, [r2]
 308 0140 0623     		movs	r3, #6
 309 0142 0B43     		orrs	r3, r1
 310 0144 DBB2     		uxtb	r3, r3
 311 0146 1370     		strb	r3, [r2]
 312              	.LBE2:
 312:Generated_Source\PSoC4/cyfitter_cfg.c **** 	}
 313:Generated_Source\PSoC4/cyfitter_cfg.c **** 
 314:Generated_Source\PSoC4/cyfitter_cfg.c **** 	/* Perform second pass device configuration. These items must be configured in specific order afte
 315:Generated_Source\PSoC4/cyfitter_cfg.c **** 	/* IOPINS0_0 Starting address: CYDEV_GPIO_PRT0_BASE */
 316:Generated_Source\PSoC4/cyfitter_cfg.c **** 	CY_SET_REG32((void *)(CYDEV_GPIO_PRT0_BASE), 0x00000002u);
 313              		.loc 1 316 0
 314 0148 0222     		movs	r2, #2
 315 014a 104B     		ldr	r3, .L11+32
 316 014c 1A60     		str	r2, [r3]
 317:Generated_Source\PSoC4/cyfitter_cfg.c **** 	CY_SET_REG32((void *)(CYREG_GPIO_PRT0_PC), 0x00D80031u);
 317              		.loc 1 317 0
 318 014e 104A     		ldr	r2, .L11+36
 319 0150 104B     		ldr	r3, .L11+40
 320 0152 1A60     		str	r2, [r3]
 318:Generated_Source\PSoC4/cyfitter_cfg.c **** 
 319:Generated_Source\PSoC4/cyfitter_cfg.c **** 	/* IOPINS0_1 Starting address: CYDEV_GPIO_PRT1_BASE */
 320:Generated_Source\PSoC4/cyfitter_cfg.c **** 	CY_SET_REG32((void *)(CYDEV_GPIO_PRT1_BASE), 0x00000020u);
 321              		.loc 1 320 0
 322 0154 2022     		movs	r2, #32
 323 0156 104B     		ldr	r3, .L11+44
 324 0158 1A60     		str	r2, [r3]
 321:Generated_Source\PSoC4/cyfitter_cfg.c **** 	CY_SET_REG32((void *)(CYREG_GPIO_PRT1_PC), 0x00031000u);
 325              		.loc 1 321 0
 326 015a C422     		movs	r2, #196
 327 015c 9202     		lsls	r2, r2, #10
 328 015e 0F4B     		ldr	r3, .L11+48
 329 0160 1A60     		str	r2, [r3]
 322:Generated_Source\PSoC4/cyfitter_cfg.c **** 
 323:Generated_Source\PSoC4/cyfitter_cfg.c **** 
 324:Generated_Source\PSoC4/cyfitter_cfg.c **** 	/* Setup clocks based on selections from Clock DWR */
ARM GAS  C:\Users\iron\AppData\Local\Temp\ccyhZ4DY.s 			page 13


 325:Generated_Source\PSoC4/cyfitter_cfg.c **** 	ClockSetup();
 330              		.loc 1 325 0
 331 0162 FFF74DFF 		bl	ClockSetup
 332              	.LVL16:
 326:Generated_Source\PSoC4/cyfitter_cfg.c **** 
 327:Generated_Source\PSoC4/cyfitter_cfg.c **** 	/* Perform basic analog initialization to defaults */
 328:Generated_Source\PSoC4/cyfitter_cfg.c **** 	AnalogSetDefault();
 333              		.loc 1 328 0
 334 0166 FFF7FEFF 		bl	AnalogSetDefault
 335              	.LVL17:
 329:Generated_Source\PSoC4/cyfitter_cfg.c **** 
 330:Generated_Source\PSoC4/cyfitter_cfg.c **** }
 336              		.loc 1 330 0
 337              		@ sp needed
 338              	.LVL18:
 339 016a 10BD     		pop	{r4, pc}
 340              	.L12:
 341              		.align	2
 342              	.L11:
 343 016c 6CF02E40 		.word	1076818028
 344 0170 00000000 		.word	.LANCHOR0
 345 0174 990000EE 		.word	-301989735
 346 0178 00000240 		.word	1073872896
 347 017c 00010240 		.word	1073873152
 348 0180 00500F40 		.word	1074745344
 349 0184 10500F40 		.word	1074745360
 350 0188 00700F40 		.word	1074753536
 351 018c 00000440 		.word	1074003968
 352 0190 3100D800 		.word	14155825
 353 0194 08000440 		.word	1074003976
 354 0198 00010440 		.word	1074004224
 355 019c 08010440 		.word	1074004232
 356              		.cfi_endproc
 357              	.LFE7:
 358              		.size	cyfitter_cfg, .-cyfitter_cfg
 359              		.section	.rodata
 360              		.align	2
 361              		.set	.LANCHOR0,. + 0
 362              		.type	cfg_memset_list.4893, %object
 363              		.size	cfg_memset_list.4893, 12
 364              	cfg_memset_list.4893:
 365 0000 00300F40 		.word	1074737152
 366 0004 0004     		.short	1024
 367 0006 00400F40 		.4byte	1074741248
 368 000a 0004     		.short	1024
 369              		.text
 370              	.Letext0:
 371              		.file 2 "d:\\program files (x86)\\cypress\\psoc creator\\4.2\\psoc creator\\import\\gnu\\arm\\5.4.
 372              		.file 3 "Generated_Source\\PSoC4\\cytypes.h"
 373              		.file 4 "Generated_Source\\PSoC4\\CyLFClk.h"
 374              		.file 5 "Generated_Source\\PSoC4\\CyLib.h"
 375              		.section	.debug_info,"",%progbits
 376              	.Ldebug_info0:
 377 0000 29030000 		.4byte	0x329
 378 0004 0400     		.2byte	0x4
 379 0006 00000000 		.4byte	.Ldebug_abbrev0
 380 000a 04       		.byte	0x4
ARM GAS  C:\Users\iron\AppData\Local\Temp\ccyhZ4DY.s 			page 14


 381 000b 01       		.uleb128 0x1
 382 000c 61010000 		.4byte	.LASF34
 383 0010 0C       		.byte	0xc
 384 0011 73020000 		.4byte	.LASF35
 385 0015 56000000 		.4byte	.LASF36
 386 0019 00000000 		.4byte	.Ldebug_ranges0+0
 387 001d 00000000 		.4byte	0
 388 0021 00000000 		.4byte	.Ldebug_line0
 389 0025 02       		.uleb128 0x2
 390 0026 04       		.byte	0x4
 391 0027 05       		.byte	0x5
 392 0028 696E7400 		.ascii	"int\000"
 393 002c 03       		.uleb128 0x3
 394 002d 14000000 		.4byte	.LASF12
 395 0031 02       		.byte	0x2
 396 0032 D8       		.byte	0xd8
 397 0033 37000000 		.4byte	0x37
 398 0037 04       		.uleb128 0x4
 399 0038 04       		.byte	0x4
 400 0039 07       		.byte	0x7
 401 003a 28010000 		.4byte	.LASF0
 402 003e 04       		.uleb128 0x4
 403 003f 08       		.byte	0x8
 404 0040 05       		.byte	0x5
 405 0041 05020000 		.4byte	.LASF1
 406 0045 04       		.uleb128 0x4
 407 0046 08       		.byte	0x8
 408 0047 04       		.byte	0x4
 409 0048 5B020000 		.4byte	.LASF2
 410 004c 04       		.uleb128 0x4
 411 004d 01       		.byte	0x1
 412 004e 06       		.byte	0x6
 413 004f 67020000 		.4byte	.LASF3
 414 0053 04       		.uleb128 0x4
 415 0054 01       		.byte	0x1
 416 0055 08       		.byte	0x8
 417 0056 F2000000 		.4byte	.LASF4
 418 005a 04       		.uleb128 0x4
 419 005b 02       		.byte	0x2
 420 005c 05       		.byte	0x5
 421 005d 33020000 		.4byte	.LASF5
 422 0061 04       		.uleb128 0x4
 423 0062 02       		.byte	0x2
 424 0063 07       		.byte	0x7
 425 0064 84000000 		.4byte	.LASF6
 426 0068 04       		.uleb128 0x4
 427 0069 04       		.byte	0x4
 428 006a 05       		.byte	0x5
 429 006b 52020000 		.4byte	.LASF7
 430 006f 04       		.uleb128 0x4
 431 0070 04       		.byte	0x4
 432 0071 07       		.byte	0x7
 433 0072 BF000000 		.4byte	.LASF8
 434 0076 04       		.uleb128 0x4
 435 0077 08       		.byte	0x8
 436 0078 07       		.byte	0x7
 437 0079 4A010000 		.4byte	.LASF9
ARM GAS  C:\Users\iron\AppData\Local\Temp\ccyhZ4DY.s 			page 15


 438 007d 04       		.uleb128 0x4
 439 007e 04       		.byte	0x4
 440 007f 07       		.byte	0x7
 441 0080 FC010000 		.4byte	.LASF10
 442 0084 05       		.uleb128 0x5
 443 0085 04       		.byte	0x4
 444 0086 04       		.uleb128 0x4
 445 0087 01       		.byte	0x1
 446 0088 08       		.byte	0x8
 447 0089 1D020000 		.4byte	.LASF11
 448 008d 06       		.uleb128 0x6
 449 008e D1000000 		.4byte	.LASF13
 450 0092 03       		.byte	0x3
 451 0093 E401     		.2byte	0x1e4
 452 0095 53000000 		.4byte	0x53
 453 0099 06       		.uleb128 0x6
 454 009a 1A010000 		.4byte	.LASF14
 455 009e 03       		.byte	0x3
 456 009f E501     		.2byte	0x1e5
 457 00a1 61000000 		.4byte	0x61
 458 00a5 06       		.uleb128 0x6
 459 00a6 21010000 		.4byte	.LASF15
 460 00aa 03       		.byte	0x3
 461 00ab E601     		.2byte	0x1e6
 462 00ad 6F000000 		.4byte	0x6f
 463 00b1 04       		.uleb128 0x4
 464 00b2 04       		.byte	0x4
 465 00b3 04       		.byte	0x4
 466 00b4 97000000 		.4byte	.LASF16
 467 00b8 04       		.uleb128 0x4
 468 00b9 08       		.byte	0x8
 469 00ba 04       		.byte	0x4
 470 00bb 07010000 		.4byte	.LASF17
 471 00bf 06       		.uleb128 0x6
 472 00c0 BA000000 		.4byte	.LASF18
 473 00c4 03       		.byte	0x3
 474 00c5 8E02     		.2byte	0x28e
 475 00c7 CB000000 		.4byte	0xcb
 476 00cb 07       		.uleb128 0x7
 477 00cc 8D000000 		.4byte	0x8d
 478 00d0 06       		.uleb128 0x6
 479 00d1 0E000000 		.4byte	.LASF19
 480 00d5 03       		.byte	0x3
 481 00d6 9002     		.2byte	0x290
 482 00d8 DC000000 		.4byte	0xdc
 483 00dc 07       		.uleb128 0x7
 484 00dd A5000000 		.4byte	0xa5
 485 00e1 08       		.uleb128 0x8
 486 00e2 1B000000 		.4byte	.LASF37
 487 00e6 01       		.byte	0x1
 488 00e7 F4       		.byte	0xf4
 489 00e8 00000000 		.4byte	.LFB6
 490 00ec 20000000 		.4byte	.LFE6-.LFB6
 491 00f0 01       		.uleb128 0x1
 492 00f1 9C       		.byte	0x9c
 493 00f2 09       		.uleb128 0x9
 494 00f3 E8000000 		.4byte	.LASF20
ARM GAS  C:\Users\iron\AppData\Local\Temp\ccyhZ4DY.s 			page 16


 495 00f7 01       		.byte	0x1
 496 00f8 4C       		.byte	0x4c
 497 00f9 00000000 		.4byte	.LFB2
 498 00fd 0C000000 		.4byte	.LFE2-.LFB2
 499 0101 01       		.uleb128 0x1
 500 0102 9C       		.byte	0x9c
 501 0103 3F010000 		.4byte	0x13f
 502 0107 0A       		.uleb128 0xa
 503 0108 7300     		.ascii	"s\000"
 504 010a 01       		.byte	0x1
 505 010b 4C       		.byte	0x4c
 506 010c 84000000 		.4byte	0x84
 507 0110 00000000 		.4byte	.LLST0
 508 0114 0A       		.uleb128 0xa
 509 0115 6E00     		.ascii	"n\000"
 510 0117 01       		.byte	0x1
 511 0118 4C       		.byte	0x4c
 512 0119 2C000000 		.4byte	0x2c
 513 011d 21000000 		.4byte	.LLST1
 514 0121 0B       		.uleb128 0xb
 515 0122 0A000000 		.4byte	.LVL2
 516 0126 CB020000 		.4byte	0x2cb
 517 012a 0C       		.uleb128 0xc
 518 012b 01       		.uleb128 0x1
 519 012c 50       		.byte	0x50
 520 012d 03       		.uleb128 0x3
 521 012e F3       		.byte	0xf3
 522 012f 01       		.uleb128 0x1
 523 0130 50       		.byte	0x50
 524 0131 0C       		.uleb128 0xc
 525 0132 01       		.uleb128 0x1
 526 0133 51       		.byte	0x51
 527 0134 01       		.uleb128 0x1
 528 0135 30       		.byte	0x30
 529 0136 0C       		.uleb128 0xc
 530 0137 01       		.uleb128 0x1
 531 0138 52       		.byte	0x52
 532 0139 03       		.uleb128 0x3
 533 013a F3       		.byte	0xf3
 534 013b 01       		.uleb128 0x1
 535 013c 51       		.byte	0x51
 536 013d 00       		.byte	0
 537 013e 00       		.byte	0
 538 013f 09       		.uleb128 0x9
 539 0140 4B000000 		.4byte	.LASF21
 540 0144 01       		.byte	0x1
 541 0145 AA       		.byte	0xaa
 542 0146 00000000 		.4byte	.LFB5
 543 014a F4000000 		.4byte	.LFE5-.LFB5
 544 014e 01       		.uleb128 0x1
 545 014f 9C       		.byte	0x9c
 546 0150 E8010000 		.4byte	0x1e8
 547 0154 0D       		.uleb128 0xd
 548 0155 0C000000 		.4byte	.LVL3
 549 0159 D4020000 		.4byte	0x2d4
 550 015d 0E       		.uleb128 0xe
 551 015e 12000000 		.4byte	.LVL4
ARM GAS  C:\Users\iron\AppData\Local\Temp\ccyhZ4DY.s 			page 17


 552 0162 DF020000 		.4byte	0x2df
 553 0166 74010000 		.4byte	0x174
 554 016a 0C       		.uleb128 0xc
 555 016b 01       		.uleb128 0x1
 556 016c 50       		.byte	0x50
 557 016d 05       		.uleb128 0x5
 558 016e 0C       		.byte	0xc
 559 016f 001BB700 		.4byte	0xb71b00
 560 0173 00       		.byte	0
 561 0174 0E       		.uleb128 0xe
 562 0175 18000000 		.4byte	.LVL5
 563 0179 EA020000 		.4byte	0x2ea
 564 017d 87010000 		.4byte	0x187
 565 0181 0C       		.uleb128 0xc
 566 0182 01       		.uleb128 0x1
 567 0183 50       		.byte	0x50
 568 0184 01       		.uleb128 0x1
 569 0185 31       		.byte	0x31
 570 0186 00       		.byte	0
 571 0187 0E       		.uleb128 0xe
 572 0188 1E000000 		.4byte	.LVL6
 573 018c F5020000 		.4byte	0x2f5
 574 0190 9B010000 		.4byte	0x19b
 575 0194 0C       		.uleb128 0xc
 576 0195 01       		.uleb128 0x1
 577 0196 50       		.byte	0x50
 578 0197 02       		.uleb128 0x2
 579 0198 08       		.byte	0x8
 580 0199 30       		.byte	0x30
 581 019a 00       		.byte	0
 582 019b 0E       		.uleb128 0xe
 583 019c 54000000 		.4byte	.LVL7
 584 01a0 00030000 		.4byte	0x300
 585 01a4 B0010000 		.4byte	0x1b0
 586 01a8 0C       		.uleb128 0xc
 587 01a9 01       		.uleb128 0x1
 588 01aa 50       		.byte	0x50
 589 01ab 03       		.uleb128 0x3
 590 01ac 0A       		.byte	0xa
 591 01ad D007     		.2byte	0x7d0
 592 01af 00       		.byte	0
 593 01b0 0E       		.uleb128 0xe
 594 01b1 5A000000 		.4byte	.LVL8
 595 01b5 0B030000 		.4byte	0x30b
 596 01b9 C5010000 		.4byte	0x1c5
 597 01bd 0C       		.uleb128 0xc
 598 01be 01       		.uleb128 0x1
 599 01bf 50       		.byte	0x50
 600 01c0 03       		.uleb128 0x3
 601 01c1 0A       		.byte	0xa
 602 01c2 DC05     		.2byte	0x5dc
 603 01c4 00       		.byte	0
 604 01c5 0E       		.uleb128 0xe
 605 01c6 94000000 		.4byte	.LVL9
 606 01ca 16030000 		.4byte	0x316
 607 01ce D8010000 		.4byte	0x1d8
 608 01d2 0C       		.uleb128 0xc
ARM GAS  C:\Users\iron\AppData\Local\Temp\ccyhZ4DY.s 			page 18


 609 01d3 01       		.uleb128 0x1
 610 01d4 50       		.byte	0x50
 611 01d5 01       		.uleb128 0x1
 612 01d6 38       		.byte	0x38
 613 01d7 00       		.byte	0
 614 01d8 0B       		.uleb128 0xb
 615 01d9 9A000000 		.4byte	.LVL10
 616 01dd 21030000 		.4byte	0x321
 617 01e1 0C       		.uleb128 0xc
 618 01e2 01       		.uleb128 0x1
 619 01e3 50       		.byte	0x50
 620 01e4 01       		.uleb128 0x1
 621 01e5 38       		.byte	0x38
 622 01e6 00       		.byte	0
 623 01e7 00       		.byte	0
 624 01e8 0F       		.uleb128 0xf
 625 01e9 35010000 		.4byte	.LASF38
 626 01ed 01       		.byte	0x1
 627 01ee 0F01     		.2byte	0x10f
 628 01f0 F4000000 		.4byte	.LFB7
 629 01f4 AC000000 		.4byte	.LFE7-.LFB7
 630 01f8 01       		.uleb128 0x1
 631 01f9 9C       		.byte	0x9c
 632 01fa CB020000 		.4byte	0x2cb
 633 01fe 10       		.uleb128 0x10
 634 01ff FE000000 		.4byte	.LBB2
 635 0203 4A000000 		.4byte	.LBE2-.LBB2
 636 0207 B8020000 		.4byte	0x2b8
 637 020b 11       		.uleb128 0x11
 638 020c 06       		.byte	0x6
 639 020d 01       		.byte	0x1
 640 020e 1801     		.2byte	0x118
 641 0210 2F020000 		.4byte	0x22f
 642 0214 12       		.uleb128 0x12
 643 0215 42010000 		.4byte	.LASF22
 644 0219 01       		.byte	0x1
 645 021a 1901     		.2byte	0x119
 646 021c 84000000 		.4byte	0x84
 647 0220 00       		.byte	0
 648 0221 12       		.uleb128 0x12
 649 0222 9D000000 		.4byte	.LASF23
 650 0226 01       		.byte	0x1
 651 0227 1A01     		.2byte	0x11a
 652 0229 99000000 		.4byte	0x99
 653 022d 04       		.byte	0x4
 654 022e 00       		.byte	0
 655 022f 06       		.uleb128 0x6
 656 0230 EF010000 		.4byte	.LASF24
 657 0234 01       		.byte	0x1
 658 0235 1B01     		.2byte	0x11b
 659 0237 0B020000 		.4byte	0x20b
 660 023b 13       		.uleb128 0x13
 661 023c 4B020000 		.4byte	0x24b
 662 0240 4B020000 		.4byte	0x24b
 663 0244 14       		.uleb128 0x14
 664 0245 7D000000 		.4byte	0x7d
 665 0249 01       		.byte	0x1
ARM GAS  C:\Users\iron\AppData\Local\Temp\ccyhZ4DY.s 			page 19


 666 024a 00       		.byte	0
 667 024b 15       		.uleb128 0x15
 668 024c 2F020000 		.4byte	0x22f
 669 0250 16       		.uleb128 0x16
 670 0251 3B000000 		.4byte	.LASF25
 671 0255 01       		.byte	0x1
 672 0256 1D01     		.2byte	0x11d
 673 0258 62020000 		.4byte	0x262
 674 025c 05       		.uleb128 0x5
 675 025d 03       		.byte	0x3
 676 025e 00000000 		.4byte	cfg_memset_list.4893
 677 0262 15       		.uleb128 0x15
 678 0263 3B020000 		.4byte	0x23b
 679 0267 17       		.uleb128 0x17
 680 0268 6900     		.ascii	"i\000"
 681 026a 01       		.byte	0x1
 682 026b 2301     		.2byte	0x123
 683 026d 8D000000 		.4byte	0x8d
 684 0271 4D000000 		.4byte	.LLST2
 685 0275 18       		.uleb128 0x18
 686 0276 02010000 		.4byte	.LBB3
 687 027a 1C000000 		.4byte	.LBE3-.LBB3
 688 027e 17       		.uleb128 0x17
 689 027f 6D7300   		.ascii	"ms\000"
 690 0282 01       		.byte	0x1
 691 0283 2801     		.2byte	0x128
 692 0285 8D020000 		.4byte	0x28d
 693 0289 77000000 		.4byte	.LLST3
 694 028d 19       		.uleb128 0x19
 695 028e 04       		.byte	0x4
 696 028f 4B020000 		.4byte	0x24b
 697 0293 0B       		.uleb128 0xb
 698 0294 1E010000 		.4byte	.LVL13
 699 0298 F2000000 		.4byte	0xf2
 700 029c 0C       		.uleb128 0xc
 701 029d 01       		.uleb128 0x1
 702 029e 51       		.byte	0x51
 703 029f 15       		.uleb128 0x15
 704 02a0 74       		.byte	0x74
 705 02a1 00       		.sleb128 0
 706 02a2 31       		.byte	0x31
 707 02a3 24       		.byte	0x24
 708 02a4 74       		.byte	0x74
 709 02a5 00       		.sleb128 0
 710 02a6 22       		.byte	0x22
 711 02a7 31       		.byte	0x31
 712 02a8 24       		.byte	0x24
 713 02a9 03       		.byte	0x3
 714 02aa 04000000 		.4byte	.LANCHOR0+4
 715 02ae 22       		.byte	0x22
 716 02af 94       		.byte	0x94
 717 02b0 02       		.byte	0x2
 718 02b1 0A       		.byte	0xa
 719 02b2 FFFF     		.2byte	0xffff
 720 02b4 1A       		.byte	0x1a
 721 02b5 00       		.byte	0
 722 02b6 00       		.byte	0
ARM GAS  C:\Users\iron\AppData\Local\Temp\ccyhZ4DY.s 			page 20


 723 02b7 00       		.byte	0
 724 02b8 0D       		.uleb128 0xd
 725 02b9 66010000 		.4byte	.LVL16
 726 02bd 3F010000 		.4byte	0x13f
 727 02c1 0D       		.uleb128 0xd
 728 02c2 6A010000 		.4byte	.LVL17
 729 02c6 E1000000 		.4byte	0xe1
 730 02ca 00       		.byte	0
 731 02cb 1A       		.uleb128 0x1a
 732 02cc 00010000 		.4byte	.LASF39
 733 02d0 00010000 		.4byte	.LASF39
 734 02d4 1B       		.uleb128 0x1b
 735 02d5 D7000000 		.4byte	.LASF26
 736 02d9 D7000000 		.4byte	.LASF26
 737 02dd 04       		.byte	0x4
 738 02de 4E       		.byte	0x4e
 739 02df 1B       		.uleb128 0x1b
 740 02e0 00000000 		.4byte	.LASF27
 741 02e4 00000000 		.4byte	.LASF27
 742 02e8 05       		.byte	0x5
 743 02e9 DC       		.byte	0xdc
 744 02ea 1B       		.uleb128 0x1b
 745 02eb A2000000 		.4byte	.LASF28
 746 02ef A2000000 		.4byte	.LASF28
 747 02f3 04       		.byte	0x4
 748 02f4 50       		.byte	0x50
 749 02f5 1B       		.uleb128 0x1b
 750 02f6 3D020000 		.4byte	.LASF29
 751 02fa 3D020000 		.4byte	.LASF29
 752 02fe 05       		.byte	0x5
 753 02ff 6C       		.byte	0x6c
 754 0300 1B       		.uleb128 0x1b
 755 0301 22020000 		.4byte	.LASF30
 756 0305 22020000 		.4byte	.LASF30
 757 0309 05       		.byte	0x5
 758 030a 84       		.byte	0x84
 759 030b 1B       		.uleb128 0x1b
 760 030c 13020000 		.4byte	.LASF31
 761 0310 13020000 		.4byte	.LASF31
 762 0314 05       		.byte	0x5
 763 0315 DA       		.byte	0xda
 764 0316 1B       		.uleb128 0x1b
 765 0317 2C000000 		.4byte	.LASF32
 766 031b 2C000000 		.4byte	.LASF32
 767 031f 05       		.byte	0x5
 768 0320 BD       		.byte	0xbd
 769 0321 1B       		.uleb128 0x1b
 770 0322 0E010000 		.4byte	.LASF33
 771 0326 0E010000 		.4byte	.LASF33
 772 032a 05       		.byte	0x5
 773 032b C3       		.byte	0xc3
 774 032c 00       		.byte	0
 775              		.section	.debug_abbrev,"",%progbits
 776              	.Ldebug_abbrev0:
 777 0000 01       		.uleb128 0x1
 778 0001 11       		.uleb128 0x11
 779 0002 01       		.byte	0x1
ARM GAS  C:\Users\iron\AppData\Local\Temp\ccyhZ4DY.s 			page 21


 780 0003 25       		.uleb128 0x25
 781 0004 0E       		.uleb128 0xe
 782 0005 13       		.uleb128 0x13
 783 0006 0B       		.uleb128 0xb
 784 0007 03       		.uleb128 0x3
 785 0008 0E       		.uleb128 0xe
 786 0009 1B       		.uleb128 0x1b
 787 000a 0E       		.uleb128 0xe
 788 000b 55       		.uleb128 0x55
 789 000c 17       		.uleb128 0x17
 790 000d 11       		.uleb128 0x11
 791 000e 01       		.uleb128 0x1
 792 000f 10       		.uleb128 0x10
 793 0010 17       		.uleb128 0x17
 794 0011 00       		.byte	0
 795 0012 00       		.byte	0
 796 0013 02       		.uleb128 0x2
 797 0014 24       		.uleb128 0x24
 798 0015 00       		.byte	0
 799 0016 0B       		.uleb128 0xb
 800 0017 0B       		.uleb128 0xb
 801 0018 3E       		.uleb128 0x3e
 802 0019 0B       		.uleb128 0xb
 803 001a 03       		.uleb128 0x3
 804 001b 08       		.uleb128 0x8
 805 001c 00       		.byte	0
 806 001d 00       		.byte	0
 807 001e 03       		.uleb128 0x3
 808 001f 16       		.uleb128 0x16
 809 0020 00       		.byte	0
 810 0021 03       		.uleb128 0x3
 811 0022 0E       		.uleb128 0xe
 812 0023 3A       		.uleb128 0x3a
 813 0024 0B       		.uleb128 0xb
 814 0025 3B       		.uleb128 0x3b
 815 0026 0B       		.uleb128 0xb
 816 0027 49       		.uleb128 0x49
 817 0028 13       		.uleb128 0x13
 818 0029 00       		.byte	0
 819 002a 00       		.byte	0
 820 002b 04       		.uleb128 0x4
 821 002c 24       		.uleb128 0x24
 822 002d 00       		.byte	0
 823 002e 0B       		.uleb128 0xb
 824 002f 0B       		.uleb128 0xb
 825 0030 3E       		.uleb128 0x3e
 826 0031 0B       		.uleb128 0xb
 827 0032 03       		.uleb128 0x3
 828 0033 0E       		.uleb128 0xe
 829 0034 00       		.byte	0
 830 0035 00       		.byte	0
 831 0036 05       		.uleb128 0x5
 832 0037 0F       		.uleb128 0xf
 833 0038 00       		.byte	0
 834 0039 0B       		.uleb128 0xb
 835 003a 0B       		.uleb128 0xb
 836 003b 00       		.byte	0
ARM GAS  C:\Users\iron\AppData\Local\Temp\ccyhZ4DY.s 			page 22


 837 003c 00       		.byte	0
 838 003d 06       		.uleb128 0x6
 839 003e 16       		.uleb128 0x16
 840 003f 00       		.byte	0
 841 0040 03       		.uleb128 0x3
 842 0041 0E       		.uleb128 0xe
 843 0042 3A       		.uleb128 0x3a
 844 0043 0B       		.uleb128 0xb
 845 0044 3B       		.uleb128 0x3b
 846 0045 05       		.uleb128 0x5
 847 0046 49       		.uleb128 0x49
 848 0047 13       		.uleb128 0x13
 849 0048 00       		.byte	0
 850 0049 00       		.byte	0
 851 004a 07       		.uleb128 0x7
 852 004b 35       		.uleb128 0x35
 853 004c 00       		.byte	0
 854 004d 49       		.uleb128 0x49
 855 004e 13       		.uleb128 0x13
 856 004f 00       		.byte	0
 857 0050 00       		.byte	0
 858 0051 08       		.uleb128 0x8
 859 0052 2E       		.uleb128 0x2e
 860 0053 00       		.byte	0
 861 0054 03       		.uleb128 0x3
 862 0055 0E       		.uleb128 0xe
 863 0056 3A       		.uleb128 0x3a
 864 0057 0B       		.uleb128 0xb
 865 0058 3B       		.uleb128 0x3b
 866 0059 0B       		.uleb128 0xb
 867 005a 27       		.uleb128 0x27
 868 005b 19       		.uleb128 0x19
 869 005c 11       		.uleb128 0x11
 870 005d 01       		.uleb128 0x1
 871 005e 12       		.uleb128 0x12
 872 005f 06       		.uleb128 0x6
 873 0060 40       		.uleb128 0x40
 874 0061 18       		.uleb128 0x18
 875 0062 9742     		.uleb128 0x2117
 876 0064 19       		.uleb128 0x19
 877 0065 00       		.byte	0
 878 0066 00       		.byte	0
 879 0067 09       		.uleb128 0x9
 880 0068 2E       		.uleb128 0x2e
 881 0069 01       		.byte	0x1
 882 006a 03       		.uleb128 0x3
 883 006b 0E       		.uleb128 0xe
 884 006c 3A       		.uleb128 0x3a
 885 006d 0B       		.uleb128 0xb
 886 006e 3B       		.uleb128 0x3b
 887 006f 0B       		.uleb128 0xb
 888 0070 27       		.uleb128 0x27
 889 0071 19       		.uleb128 0x19
 890 0072 11       		.uleb128 0x11
 891 0073 01       		.uleb128 0x1
 892 0074 12       		.uleb128 0x12
 893 0075 06       		.uleb128 0x6
ARM GAS  C:\Users\iron\AppData\Local\Temp\ccyhZ4DY.s 			page 23


 894 0076 40       		.uleb128 0x40
 895 0077 18       		.uleb128 0x18
 896 0078 9742     		.uleb128 0x2117
 897 007a 19       		.uleb128 0x19
 898 007b 01       		.uleb128 0x1
 899 007c 13       		.uleb128 0x13
 900 007d 00       		.byte	0
 901 007e 00       		.byte	0
 902 007f 0A       		.uleb128 0xa
 903 0080 05       		.uleb128 0x5
 904 0081 00       		.byte	0
 905 0082 03       		.uleb128 0x3
 906 0083 08       		.uleb128 0x8
 907 0084 3A       		.uleb128 0x3a
 908 0085 0B       		.uleb128 0xb
 909 0086 3B       		.uleb128 0x3b
 910 0087 0B       		.uleb128 0xb
 911 0088 49       		.uleb128 0x49
 912 0089 13       		.uleb128 0x13
 913 008a 02       		.uleb128 0x2
 914 008b 17       		.uleb128 0x17
 915 008c 00       		.byte	0
 916 008d 00       		.byte	0
 917 008e 0B       		.uleb128 0xb
 918 008f 898201   		.uleb128 0x4109
 919 0092 01       		.byte	0x1
 920 0093 11       		.uleb128 0x11
 921 0094 01       		.uleb128 0x1
 922 0095 31       		.uleb128 0x31
 923 0096 13       		.uleb128 0x13
 924 0097 00       		.byte	0
 925 0098 00       		.byte	0
 926 0099 0C       		.uleb128 0xc
 927 009a 8A8201   		.uleb128 0x410a
 928 009d 00       		.byte	0
 929 009e 02       		.uleb128 0x2
 930 009f 18       		.uleb128 0x18
 931 00a0 9142     		.uleb128 0x2111
 932 00a2 18       		.uleb128 0x18
 933 00a3 00       		.byte	0
 934 00a4 00       		.byte	0
 935 00a5 0D       		.uleb128 0xd
 936 00a6 898201   		.uleb128 0x4109
 937 00a9 00       		.byte	0
 938 00aa 11       		.uleb128 0x11
 939 00ab 01       		.uleb128 0x1
 940 00ac 31       		.uleb128 0x31
 941 00ad 13       		.uleb128 0x13
 942 00ae 00       		.byte	0
 943 00af 00       		.byte	0
 944 00b0 0E       		.uleb128 0xe
 945 00b1 898201   		.uleb128 0x4109
 946 00b4 01       		.byte	0x1
 947 00b5 11       		.uleb128 0x11
 948 00b6 01       		.uleb128 0x1
 949 00b7 31       		.uleb128 0x31
 950 00b8 13       		.uleb128 0x13
ARM GAS  C:\Users\iron\AppData\Local\Temp\ccyhZ4DY.s 			page 24


 951 00b9 01       		.uleb128 0x1
 952 00ba 13       		.uleb128 0x13
 953 00bb 00       		.byte	0
 954 00bc 00       		.byte	0
 955 00bd 0F       		.uleb128 0xf
 956 00be 2E       		.uleb128 0x2e
 957 00bf 01       		.byte	0x1
 958 00c0 3F       		.uleb128 0x3f
 959 00c1 19       		.uleb128 0x19
 960 00c2 03       		.uleb128 0x3
 961 00c3 0E       		.uleb128 0xe
 962 00c4 3A       		.uleb128 0x3a
 963 00c5 0B       		.uleb128 0xb
 964 00c6 3B       		.uleb128 0x3b
 965 00c7 05       		.uleb128 0x5
 966 00c8 27       		.uleb128 0x27
 967 00c9 19       		.uleb128 0x19
 968 00ca 11       		.uleb128 0x11
 969 00cb 01       		.uleb128 0x1
 970 00cc 12       		.uleb128 0x12
 971 00cd 06       		.uleb128 0x6
 972 00ce 40       		.uleb128 0x40
 973 00cf 18       		.uleb128 0x18
 974 00d0 9742     		.uleb128 0x2117
 975 00d2 19       		.uleb128 0x19
 976 00d3 01       		.uleb128 0x1
 977 00d4 13       		.uleb128 0x13
 978 00d5 00       		.byte	0
 979 00d6 00       		.byte	0
 980 00d7 10       		.uleb128 0x10
 981 00d8 0B       		.uleb128 0xb
 982 00d9 01       		.byte	0x1
 983 00da 11       		.uleb128 0x11
 984 00db 01       		.uleb128 0x1
 985 00dc 12       		.uleb128 0x12
 986 00dd 06       		.uleb128 0x6
 987 00de 01       		.uleb128 0x1
 988 00df 13       		.uleb128 0x13
 989 00e0 00       		.byte	0
 990 00e1 00       		.byte	0
 991 00e2 11       		.uleb128 0x11
 992 00e3 13       		.uleb128 0x13
 993 00e4 01       		.byte	0x1
 994 00e5 0B       		.uleb128 0xb
 995 00e6 0B       		.uleb128 0xb
 996 00e7 3A       		.uleb128 0x3a
 997 00e8 0B       		.uleb128 0xb
 998 00e9 3B       		.uleb128 0x3b
 999 00ea 05       		.uleb128 0x5
 1000 00eb 01       		.uleb128 0x1
 1001 00ec 13       		.uleb128 0x13
 1002 00ed 00       		.byte	0
 1003 00ee 00       		.byte	0
 1004 00ef 12       		.uleb128 0x12
 1005 00f0 0D       		.uleb128 0xd
 1006 00f1 00       		.byte	0
 1007 00f2 03       		.uleb128 0x3
ARM GAS  C:\Users\iron\AppData\Local\Temp\ccyhZ4DY.s 			page 25


 1008 00f3 0E       		.uleb128 0xe
 1009 00f4 3A       		.uleb128 0x3a
 1010 00f5 0B       		.uleb128 0xb
 1011 00f6 3B       		.uleb128 0x3b
 1012 00f7 05       		.uleb128 0x5
 1013 00f8 49       		.uleb128 0x49
 1014 00f9 13       		.uleb128 0x13
 1015 00fa 38       		.uleb128 0x38
 1016 00fb 0B       		.uleb128 0xb
 1017 00fc 00       		.byte	0
 1018 00fd 00       		.byte	0
 1019 00fe 13       		.uleb128 0x13
 1020 00ff 01       		.uleb128 0x1
 1021 0100 01       		.byte	0x1
 1022 0101 49       		.uleb128 0x49
 1023 0102 13       		.uleb128 0x13
 1024 0103 01       		.uleb128 0x1
 1025 0104 13       		.uleb128 0x13
 1026 0105 00       		.byte	0
 1027 0106 00       		.byte	0
 1028 0107 14       		.uleb128 0x14
 1029 0108 21       		.uleb128 0x21
 1030 0109 00       		.byte	0
 1031 010a 49       		.uleb128 0x49
 1032 010b 13       		.uleb128 0x13
 1033 010c 2F       		.uleb128 0x2f
 1034 010d 0B       		.uleb128 0xb
 1035 010e 00       		.byte	0
 1036 010f 00       		.byte	0
 1037 0110 15       		.uleb128 0x15
 1038 0111 26       		.uleb128 0x26
 1039 0112 00       		.byte	0
 1040 0113 49       		.uleb128 0x49
 1041 0114 13       		.uleb128 0x13
 1042 0115 00       		.byte	0
 1043 0116 00       		.byte	0
 1044 0117 16       		.uleb128 0x16
 1045 0118 34       		.uleb128 0x34
 1046 0119 00       		.byte	0
 1047 011a 03       		.uleb128 0x3
 1048 011b 0E       		.uleb128 0xe
 1049 011c 3A       		.uleb128 0x3a
 1050 011d 0B       		.uleb128 0xb
 1051 011e 3B       		.uleb128 0x3b
 1052 011f 05       		.uleb128 0x5
 1053 0120 49       		.uleb128 0x49
 1054 0121 13       		.uleb128 0x13
 1055 0122 02       		.uleb128 0x2
 1056 0123 18       		.uleb128 0x18
 1057 0124 00       		.byte	0
 1058 0125 00       		.byte	0
 1059 0126 17       		.uleb128 0x17
 1060 0127 34       		.uleb128 0x34
 1061 0128 00       		.byte	0
 1062 0129 03       		.uleb128 0x3
 1063 012a 08       		.uleb128 0x8
 1064 012b 3A       		.uleb128 0x3a
ARM GAS  C:\Users\iron\AppData\Local\Temp\ccyhZ4DY.s 			page 26


 1065 012c 0B       		.uleb128 0xb
 1066 012d 3B       		.uleb128 0x3b
 1067 012e 05       		.uleb128 0x5
 1068 012f 49       		.uleb128 0x49
 1069 0130 13       		.uleb128 0x13
 1070 0131 02       		.uleb128 0x2
 1071 0132 17       		.uleb128 0x17
 1072 0133 00       		.byte	0
 1073 0134 00       		.byte	0
 1074 0135 18       		.uleb128 0x18
 1075 0136 0B       		.uleb128 0xb
 1076 0137 01       		.byte	0x1
 1077 0138 11       		.uleb128 0x11
 1078 0139 01       		.uleb128 0x1
 1079 013a 12       		.uleb128 0x12
 1080 013b 06       		.uleb128 0x6
 1081 013c 00       		.byte	0
 1082 013d 00       		.byte	0
 1083 013e 19       		.uleb128 0x19
 1084 013f 0F       		.uleb128 0xf
 1085 0140 00       		.byte	0
 1086 0141 0B       		.uleb128 0xb
 1087 0142 0B       		.uleb128 0xb
 1088 0143 49       		.uleb128 0x49
 1089 0144 13       		.uleb128 0x13
 1090 0145 00       		.byte	0
 1091 0146 00       		.byte	0
 1092 0147 1A       		.uleb128 0x1a
 1093 0148 2E       		.uleb128 0x2e
 1094 0149 00       		.byte	0
 1095 014a 3F       		.uleb128 0x3f
 1096 014b 19       		.uleb128 0x19
 1097 014c 3C       		.uleb128 0x3c
 1098 014d 19       		.uleb128 0x19
 1099 014e 6E       		.uleb128 0x6e
 1100 014f 0E       		.uleb128 0xe
 1101 0150 03       		.uleb128 0x3
 1102 0151 0E       		.uleb128 0xe
 1103 0152 00       		.byte	0
 1104 0153 00       		.byte	0
 1105 0154 1B       		.uleb128 0x1b
 1106 0155 2E       		.uleb128 0x2e
 1107 0156 00       		.byte	0
 1108 0157 3F       		.uleb128 0x3f
 1109 0158 19       		.uleb128 0x19
 1110 0159 3C       		.uleb128 0x3c
 1111 015a 19       		.uleb128 0x19
 1112 015b 6E       		.uleb128 0x6e
 1113 015c 0E       		.uleb128 0xe
 1114 015d 03       		.uleb128 0x3
 1115 015e 0E       		.uleb128 0xe
 1116 015f 3A       		.uleb128 0x3a
 1117 0160 0B       		.uleb128 0xb
 1118 0161 3B       		.uleb128 0x3b
 1119 0162 0B       		.uleb128 0xb
 1120 0163 00       		.byte	0
 1121 0164 00       		.byte	0
ARM GAS  C:\Users\iron\AppData\Local\Temp\ccyhZ4DY.s 			page 27


 1122 0165 00       		.byte	0
 1123              		.section	.debug_loc,"",%progbits
 1124              	.Ldebug_loc0:
 1125              	.LLST0:
 1126 0000 00000000 		.4byte	.LVL0
 1127 0004 09000000 		.4byte	.LVL2-1
 1128 0008 0100     		.2byte	0x1
 1129 000a 50       		.byte	0x50
 1130 000b 09000000 		.4byte	.LVL2-1
 1131 000f 0C000000 		.4byte	.LFE2
 1132 0013 0400     		.2byte	0x4
 1133 0015 F3       		.byte	0xf3
 1134 0016 01       		.uleb128 0x1
 1135 0017 50       		.byte	0x50
 1136 0018 9F       		.byte	0x9f
 1137 0019 00000000 		.4byte	0
 1138 001d 00000000 		.4byte	0
 1139              	.LLST1:
 1140 0021 00000000 		.4byte	.LVL0
 1141 0025 06000000 		.4byte	.LVL1
 1142 0029 0100     		.2byte	0x1
 1143 002b 51       		.byte	0x51
 1144 002c 06000000 		.4byte	.LVL1
 1145 0030 09000000 		.4byte	.LVL2-1
 1146 0034 0100     		.2byte	0x1
 1147 0036 52       		.byte	0x52
 1148 0037 09000000 		.4byte	.LVL2-1
 1149 003b 0C000000 		.4byte	.LFE2
 1150 003f 0400     		.2byte	0x4
 1151 0041 F3       		.byte	0xf3
 1152 0042 01       		.uleb128 0x1
 1153 0043 51       		.byte	0x51
 1154 0044 9F       		.byte	0x9f
 1155 0045 00000000 		.4byte	0
 1156 0049 00000000 		.4byte	0
 1157              	.LLST2:
 1158 004d FE000000 		.4byte	.LVL11
 1159 0051 02010000 		.4byte	.LVL12
 1160 0055 0200     		.2byte	0x2
 1161 0057 30       		.byte	0x30
 1162 0058 9F       		.byte	0x9f
 1163 0059 02010000 		.4byte	.LVL12
 1164 005d 20010000 		.4byte	.LVL14
 1165 0061 0100     		.2byte	0x1
 1166 0063 54       		.byte	0x54
 1167 0064 22010000 		.4byte	.LVL15
 1168 0068 6A010000 		.4byte	.LVL18
 1169 006c 0100     		.2byte	0x1
 1170 006e 54       		.byte	0x54
 1171 006f 00000000 		.4byte	0
 1172 0073 00000000 		.4byte	0
 1173              	.LLST3:
 1174 0077 02010000 		.4byte	.LVL12
 1175 007b 20010000 		.4byte	.LVL14
 1176 007f 0B00     		.2byte	0xb
 1177 0081 74       		.byte	0x74
 1178 0082 00       		.sleb128 0
ARM GAS  C:\Users\iron\AppData\Local\Temp\ccyhZ4DY.s 			page 28


 1179 0083 36       		.byte	0x36
 1180 0084 1E       		.byte	0x1e
 1181 0085 03       		.byte	0x3
 1182 0086 00000000 		.4byte	cfg_memset_list.4893
 1183 008a 22       		.byte	0x22
 1184 008b 9F       		.byte	0x9f
 1185 008c 20010000 		.4byte	.LVL14
 1186 0090 22010000 		.4byte	.LVL15
 1187 0094 0B00     		.2byte	0xb
 1188 0096 74       		.byte	0x74
 1189 0097 7F       		.sleb128 -1
 1190 0098 36       		.byte	0x36
 1191 0099 1E       		.byte	0x1e
 1192 009a 03       		.byte	0x3
 1193 009b 00000000 		.4byte	cfg_memset_list.4893
 1194 009f 22       		.byte	0x22
 1195 00a0 9F       		.byte	0x9f
 1196 00a1 00000000 		.4byte	0
 1197 00a5 00000000 		.4byte	0
 1198              		.section	.debug_aranges,"",%progbits
 1199 0000 34000000 		.4byte	0x34
 1200 0004 0200     		.2byte	0x2
 1201 0006 00000000 		.4byte	.Ldebug_info0
 1202 000a 04       		.byte	0x4
 1203 000b 00       		.byte	0
 1204 000c 0000     		.2byte	0
 1205 000e 0000     		.2byte	0
 1206 0010 00000000 		.4byte	.LFB6
 1207 0014 20000000 		.4byte	.LFE6-.LFB6
 1208 0018 00000000 		.4byte	.LFB2
 1209 001c 0C000000 		.4byte	.LFE2-.LFB2
 1210 0020 00000000 		.4byte	.LFB5
 1211 0024 F4000000 		.4byte	.LFE5-.LFB5
 1212 0028 F4000000 		.4byte	.LFB7
 1213 002c AC000000 		.4byte	.LFE7-.LFB7
 1214 0030 00000000 		.4byte	0
 1215 0034 00000000 		.4byte	0
 1216              		.section	.debug_ranges,"",%progbits
 1217              	.Ldebug_ranges0:
 1218 0000 00000000 		.4byte	.LFB6
 1219 0004 20000000 		.4byte	.LFE6
 1220 0008 00000000 		.4byte	.LFB2
 1221 000c 0C000000 		.4byte	.LFE2
 1222 0010 00000000 		.4byte	.LFB5
 1223 0014 F4000000 		.4byte	.LFE5
 1224 0018 F4000000 		.4byte	.LFB7
 1225 001c A0010000 		.4byte	.LFE7
 1226 0020 00000000 		.4byte	0
 1227 0024 00000000 		.4byte	0
 1228              		.section	.debug_line,"",%progbits
 1229              	.Ldebug_line0:
 1230 0000 5F010000 		.section	.debug_str,"MS",%progbits,1
 1230      0200E300 
 1230      00000201 
 1230      FB0E0D00 
 1230      01010101 
 1231              	.LASF27:
ARM GAS  C:\Users\iron\AppData\Local\Temp\ccyhZ4DY.s 			page 29


 1232 0000 43794465 		.ascii	"CyDelayCycles\000"
 1232      6C617943 
 1232      79636C65 
 1232      7300
 1233              	.LASF19:
 1234 000e 72656733 		.ascii	"reg32\000"
 1234      3200
 1235              	.LASF12:
 1236 0014 73697A65 		.ascii	"size_t\000"
 1236      5F7400
 1237              	.LASF37:
 1238 001b 416E616C 		.ascii	"AnalogSetDefault\000"
 1238      6F675365 
 1238      74446566 
 1238      61756C74 
 1238      00
 1239              	.LASF32:
 1240 002c 4379496E 		.ascii	"CyIntSetVector\000"
 1240      74536574 
 1240      56656374 
 1240      6F7200
 1241              	.LASF25:
 1242 003b 6366675F 		.ascii	"cfg_memset_list\000"
 1242      6D656D73 
 1242      65745F6C 
 1242      69737400 
 1243              	.LASF21:
 1244 004b 436C6F63 		.ascii	"ClockSetup\000"
 1244      6B536574 
 1244      757000
 1245              	.LASF36:
 1246 0056 443A5C67 		.ascii	"D:\\git\\kmc724\\CY8CKit\\Workspace\\BLE_IMU.cydsn\000"
 1246      69745C6B 
 1246      6D633732 
 1246      345C4359 
 1246      38434B69 
 1247              	.LASF6:
 1248 0084 73686F72 		.ascii	"short unsigned int\000"
 1248      7420756E 
 1248      7369676E 
 1248      65642069 
 1248      6E7400
 1249              	.LASF16:
 1250 0097 666C6F61 		.ascii	"float\000"
 1250      7400
 1251              	.LASF23:
 1252 009d 73697A65 		.ascii	"size\000"
 1252      00
 1253              	.LASF28:
 1254 00a2 43795379 		.ascii	"CySysClkWcoSetPowerMode\000"
 1254      73436C6B 
 1254      57636F53 
 1254      6574506F 
 1254      7765724D 
 1255              	.LASF18:
 1256 00ba 72656738 		.ascii	"reg8\000"
 1256      00
ARM GAS  C:\Users\iron\AppData\Local\Temp\ccyhZ4DY.s 			page 30


 1257              	.LASF8:
 1258 00bf 6C6F6E67 		.ascii	"long unsigned int\000"
 1258      20756E73 
 1258      69676E65 
 1258      6420696E 
 1258      7400
 1259              	.LASF13:
 1260 00d1 75696E74 		.ascii	"uint8\000"
 1260      3800
 1261              	.LASF26:
 1262 00d7 43795379 		.ascii	"CySysClkWcoStart\000"
 1262      73436C6B 
 1262      57636F53 
 1262      74617274 
 1262      00
 1263              	.LASF20:
 1264 00e8 43594D45 		.ascii	"CYMEMZERO\000"
 1264      4D5A4552 
 1264      4F00
 1265              	.LASF4:
 1266 00f2 756E7369 		.ascii	"unsigned char\000"
 1266      676E6564 
 1266      20636861 
 1266      7200
 1267              	.LASF39:
 1268 0100 6D656D73 		.ascii	"memset\000"
 1268      657400
 1269              	.LASF17:
 1270 0107 646F7562 		.ascii	"double\000"
 1270      6C6500
 1271              	.LASF33:
 1272 010e 4379496E 		.ascii	"CyIntEnable\000"
 1272      74456E61 
 1272      626C6500 
 1273              	.LASF14:
 1274 011a 75696E74 		.ascii	"uint16\000"
 1274      313600
 1275              	.LASF15:
 1276 0121 75696E74 		.ascii	"uint32\000"
 1276      333200
 1277              	.LASF0:
 1278 0128 756E7369 		.ascii	"unsigned int\000"
 1278      676E6564 
 1278      20696E74 
 1278      00
 1279              	.LASF38:
 1280 0135 63796669 		.ascii	"cyfitter_cfg\000"
 1280      74746572 
 1280      5F636667 
 1280      00
 1281              	.LASF22:
 1282 0142 61646472 		.ascii	"address\000"
 1282      65737300 
 1283              	.LASF9:
 1284 014a 6C6F6E67 		.ascii	"long long unsigned int\000"
 1284      206C6F6E 
 1284      6720756E 
ARM GAS  C:\Users\iron\AppData\Local\Temp\ccyhZ4DY.s 			page 31


 1284      7369676E 
 1284      65642069 
 1285              	.LASF34:
 1286 0161 474E5520 		.ascii	"GNU C11 5.4.1 20160609 (release) [ARM/embedded-5-br"
 1286      43313120 
 1286      352E342E 
 1286      31203230 
 1286      31363036 
 1287 0194 616E6368 		.ascii	"anch revision 237715] -mcpu=cortex-m0 -mthumb -g -O"
 1287      20726576 
 1287      6973696F 
 1287      6E203233 
 1287      37373135 
 1288 01c7 67202D66 		.ascii	"g -ffunction-sections -ffat-lto-objects\000"
 1288      66756E63 
 1288      74696F6E 
 1288      2D736563 
 1288      74696F6E 
 1289              	.LASF24:
 1290 01ef 6366675F 		.ascii	"cfg_memset_t\000"
 1290      6D656D73 
 1290      65745F74 
 1290      00
 1291              	.LASF10:
 1292 01fc 73697A65 		.ascii	"sizetype\000"
 1292      74797065 
 1292      00
 1293              	.LASF1:
 1294 0205 6C6F6E67 		.ascii	"long long int\000"
 1294      206C6F6E 
 1294      6720696E 
 1294      7400
 1295              	.LASF31:
 1296 0213 43794465 		.ascii	"CyDelayUs\000"
 1296      6C617955 
 1296      7300
 1297              	.LASF11:
 1298 021d 63686172 		.ascii	"char\000"
 1298      00
 1299              	.LASF30:
 1300 0222 43795379 		.ascii	"CySysClkEcoStart\000"
 1300      73436C6B 
 1300      45636F53 
 1300      74617274 
 1300      00
 1301              	.LASF5:
 1302 0233 73686F72 		.ascii	"short int\000"
 1302      7420696E 
 1302      7400
 1303              	.LASF29:
 1304 023d 43795379 		.ascii	"CySysClkWriteImoFreq\000"
 1304      73436C6B 
 1304      57726974 
 1304      65496D6F 
 1304      46726571 
 1305              	.LASF7:
 1306 0252 6C6F6E67 		.ascii	"long int\000"
ARM GAS  C:\Users\iron\AppData\Local\Temp\ccyhZ4DY.s 			page 32


 1306      20696E74 
 1306      00
 1307              	.LASF2:
 1308 025b 6C6F6E67 		.ascii	"long double\000"
 1308      20646F75 
 1308      626C6500 
 1309              	.LASF3:
 1310 0267 7369676E 		.ascii	"signed char\000"
 1310      65642063 
 1310      68617200 
 1311              	.LASF35:
 1312 0273 47656E65 		.ascii	"Generated_Source\\PSoC4\\cyfitter_cfg.c\000"
 1312      72617465 
 1312      645F536F 
 1312      75726365 
 1312      5C50536F 
 1313              		.ident	"GCC: (GNU Tools for ARM Embedded Processors) 5.4.1 20160609 (release) [ARM/embedded-5-bran
